========== START: Container 1 Memory STATS ==============
cache 103931904
rss 369315840
rss_huge 0
mapped_file 37576704
writeback 0
pgpgin 214174
pgpgout 98635
pgfault 269408
pgmajfault 499
inactive_anon 45056
active_anon 369340416
inactive_file 87941120
active_file 15917056
unevictable 4096
hierarchical_memory_limit 1073741824
total_cache 103931904
total_rss 369315840
total_rss_huge 0
total_mapped_file 37576704
total_writeback 0
total_pgpgin 214174
total_pgpgout 98635
total_pgfault 269408
total_pgmajfault 499
total_inactive_anon 45056
total_active_anon 369340416
total_inactive_file 87941120
total_active_file 15917056
total_unevictable 4096
======== END Container STATS ======
java -cp /home/ubuntu/ycsb_mongo/mongodb-binding/conf:/home/ubuntu/ycsb_mongo/conf:/home/ubuntu/ycsb_mongo/lib/jackson-mapper-asl-1.9.4.jar:/home/ubuntu/ycsb_mongo/lib/jackson-core-asl-1.9.4.jar:/home/ubuntu/ycsb_mongo/lib/htrace-core4-4.1.0-incubating.jar:/home/ubuntu/ycsb_mongo/lib/core-0.12.0.jar:/home/ubuntu/ycsb_mongo/lib/HdrHistogram-2.1.4.jar:/home/ubuntu/ycsb_mongo/mongodb-binding/lib/mongo-java-driver-3.0.3.jar:/home/ubuntu/ycsb_mongo/mongodb-binding/lib/logback-core-1.1.2.jar:/home/ubuntu/ycsb_mongo/mongodb-binding/lib/mongodb-binding-0.12.0.jar:/home/ubuntu/ycsb_mongo/mongodb-binding/lib/logback-classic-1.1.2.jar:/home/ubuntu/ycsb_mongo/mongodb-binding/lib/mongodb-async-driver-2.0.1.jar:/home/ubuntu/ycsb_mongo/mongodb-binding/lib/slf4j-api-1.6.4.jar com.yahoo.ycsb.Client -db com.yahoo.ycsb.db.MongoDbClient -s -P /home/ubuntu/ycsb_mongo/workloads/workload1 -p mongodb.url=mongodb://10.0.3.220:27017/ycsb?w=0 -p maxexecutiontime=600 -threads 2 -t
YCSB Client 0.12.0
Command line: -db com.yahoo.ycsb.db.MongoDbClient -s -P /home/ubuntu/ycsb_mongo/workloads/workload1 -p mongodb.url=mongodb://10.0.3.220:27017/ycsb?w=0 -p maxexecutiontime=600 -threads 2 -t
Loading workload...
Starting test.
Maximum execution time specified as: 600 secs
2017-05-21 12:43:33:121 0 sec: 0 operations; est completion in 0 seconds 
mongo client connection created with mongodb://10.0.3.220:27017/ycsb?w=0
DBWrapper: report latency for each error is false and specific error codes to track for latency are: []
DBWrapper: report latency for each error is false and specific error codes to track for latency are: []
2017-05-21 12:43:43:103 10 sec: 933 operations; 93.29 current ops/sec; est completion in 1 days 5 hours [READ: Count=933, Max=98239, Min=352, Avg=20754.3, 90=37599, 99=69183, 99.9=94975, 99.99=98239] 
2017-05-21 12:43:53:103 20 sec: 2256 operations; 132.31 current ops/sec; est completion in 1 days [READ: Count=1324, Max=92095, Min=275, Avg=15120.76, 90=27999, 99=56511, 99.9=84031, 99.99=92095] 
2017-05-21 12:44:03:103 30 sec: 3705 operations; 144.89 current ops/sec; est completion in 22 hours 29 minutes [READ: Count=1448, Max=58399, Min=225, Avg=13796.77, 90=25615, 99=44799, 99.9=55455, 99.99=58399] 
2017-05-21 12:44:13:103 40 sec: 5176 operations; 147.1 current ops/sec; est completion in 21 hours 27 minutes [READ: Count=1471, Max=69951, Min=181, Avg=13581.22, 90=25487, 99=48607, 99.9=68671, 99.99=69951] 
2017-05-21 12:44:23:103 50 sec: 6684 operations; 150.8 current ops/sec; est completion in 20 hours 45 minutes [READ: Count=1508, Max=54175, Min=183, Avg=13230.49, 90=25551, 99=44223, 99.9=53503, 99.99=54175] 
2017-05-21 12:44:33:103 60 sec: 8223 operations; 153.92 current ops/sec; est completion in 20 hours 15 minutes [READ: Count=1539, Max=81023, Min=171, Avg=12974.79, 90=25167, 99=46559, 99.9=64735, 99.99=81023] 
2017-05-21 12:44:43:103 70 sec: 9785 operations; 156.2 current ops/sec; est completion in 19 hours 51 minutes [READ: Count=1562, Max=67583, Min=169, Avg=12791.64, 90=25391, 99=47135, 99.9=60863, 99.99=67583] 
2017-05-21 12:44:53:103 80 sec: 11335 operations; 154.98 current ops/sec; est completion in 19 hours 34 minutes [READ: Count=1550, Max=54783, Min=114, Avg=12916.19, 90=26607, 99=47071, 99.9=54367, 99.99=54783] 
2017-05-21 12:45:03:103 90 sec: 12954 operations; 161.9 current ops/sec; est completion in 19 hours 16 minutes [READ: Count=1619, Max=68095, Min=108, Avg=12348.75, 90=25343, 99=45087, 99.9=54623, 99.99=68095] 
2017-05-21 12:45:13:103 100 sec: 14536 operations; 158.2 current ops/sec; est completion in 19 hours 4 minutes [READ: Count=1582, Max=66751, Min=95, Avg=12625.26, 90=24335, 99=48639, 99.9=61311, 99.99=66751] 
2017-05-21 12:45:23:103 110 sec: 16192 operations; 165.6 current ops/sec; est completion in 18 hours 50 minutes [READ: Count=1656, Max=53567, Min=95, Avg=12086.4, 90=23695, 99=41119, 99.9=52191, 99.99=53567] 
2017-05-21 12:45:33:103 120 sec: 17870 operations; 167.8 current ops/sec; est completion in 18 hours 37 minutes [READ: Count=1678, Max=62783, Min=94, Avg=11914.03, 90=23599, 99=45247, 99.9=54047, 99.99=62783] 
2017-05-21 12:45:43:103 130 sec: 19550 operations; 168.02 current ops/sec; est completion in 18 hours 26 minutes [READ: Count=1680, Max=94591, Min=93, Avg=11898.22, 90=24047, 99=42943, 99.9=56639, 99.99=94591] 
2017-05-21 12:45:53:103 140 sec: 21235 operations; 168.48 current ops/sec; est completion in 18 hours 16 minutes [READ: Count=1685, Max=67839, Min=93, Avg=11870.55, 90=23567, 99=43679, 99.9=55871, 99.99=67839] 
2017-05-21 12:46:03:103 150 sec: 22923 operations; 168.8 current ops/sec; est completion in 18 hours 8 minutes [READ: Count=1688, Max=225791, Min=92, Avg=11843.42, 90=24927, 99=46495, 99.9=87231, 99.99=225791] 
2017-05-21 12:46:13:103 160 sec: 24556 operations; 163.32 current ops/sec; est completion in 18 hours 3 minutes [READ: Count=1633, Max=352255, Min=82, Avg=12236.21, 90=23135, 99=46719, 99.9=63583, 99.99=352255] 
2017-05-21 12:46:23:103 170 sec: 26324 operations; 176.78 current ops/sec; est completion in 17 hours 53 minutes [READ: Count=1768, Max=61535, Min=90, Avg=11311.85, 90=25375, 99=45375, 99.9=55551, 99.99=61535] 
2017-05-21 12:46:33:103 180 sec: 28137 operations; 181.3 current ops/sec; est completion in 17 hours 43 minutes [READ: Count=1813, Max=68607, Min=81, Avg=11026.84, 90=22831, 99=45663, 99.9=60831, 99.99=68607] 
2017-05-21 12:46:43:103 190 sec: 29883 operations; 174.6 current ops/sec; est completion in 17 hours 36 minutes [READ: Count=1747, Max=193663, Min=91, Avg=11447.11, 90=24287, 99=54591, 99.9=111103, 99.99=193663] 
2017-05-21 12:46:53:103 200 sec: 31590 operations; 170.7 current ops/sec; est completion in 17 hours 31 minutes [READ: Count=1706, Max=115903, Min=90, Avg=11720.06, 90=25391, 99=53663, 99.9=86719, 99.99=115903] 
2017-05-21 12:47:03:103 210 sec: 33232 operations; 164.2 current ops/sec; est completion in 17 hours 29 minutes [READ: Count=1642, Max=207359, Min=92, Avg=12174.05, 90=27487, 99=62911, 99.9=143487, 99.99=207359] 
2017-05-21 12:47:13:103 220 sec: 34771 operations; 153.9 current ops/sec; est completion in 17 hours 30 minutes [READ: Count=1539, Max=591871, Min=92, Avg=12978.01, 90=28255, 99=56127, 99.9=166143, 99.99=591871] 
2017-05-21 12:47:23:103 230 sec: 36287 operations; 151.6 current ops/sec; est completion in 17 hours 32 minutes [READ: Count=1516, Max=206207, Min=90, Avg=13059.76, 90=30031, 99=62335, 99.9=154623, 99.99=206207] 
2017-05-21 12:47:33:103 240 sec: 37824 operations; 153.7 current ops/sec; est completion in 17 hours 33 minutes [READ: Count=1537, Max=247423, Min=90, Avg=13157.18, 90=28847, 99=70527, 99.9=154111, 99.99=247423] 
2017-05-21 12:47:43:103 250 sec: 39285 operations; 146.1 current ops/sec; est completion in 17 hours 36 minutes [READ: Count=1461, Max=577535, Min=92, Avg=13689.21, 90=28943, 99=59007, 99.9=574463, 99.99=577535] 
2017-05-21 12:47:53:103 260 sec: 40903 operations; 161.8 current ops/sec; est completion in 17 hours 35 minutes [READ: Count=1618, Max=84607, Min=90, Avg=12355.57, 90=28111, 99=61663, 99.9=82239, 99.99=84607] 
2017-05-21 12:48:03:103 270 sec: 42180 operations; 127.71 current ops/sec; est completion in 17 hours 42 minutes [READ: Count=1278, Max=866815, Min=92, Avg=15618, 90=32959, 99=97087, 99.9=688127, 99.99=866815] 
2017-05-21 12:48:13:103 280 sec: 43738 operations; 155.8 current ops/sec; est completion in 17 hours 42 minutes [READ: Count=1557, Max=128191, Min=90, Avg=12859.78, 90=28479, 99=59423, 99.9=87487, 99.99=128191] 
2017-05-21 12:48:23:103 290 sec: 45327 operations; 158.88 current ops/sec; est completion in 17 hours 41 minutes [READ: Count=1589, Max=189951, Min=91, Avg=12591.82, 90=28143, 99=64895, 99.9=103167, 99.99=189951] 
2017-05-21 12:48:33:103 300 sec: 46819 operations; 149.2 current ops/sec; est completion in 17 hours 42 minutes [READ: Count=1492, Max=671743, Min=81, Avg=13398.65, 90=28191, 99=62559, 99.9=561663, 99.99=671743] 
2017-05-21 12:48:43:103 310 sec: 48391 operations; 157.2 current ops/sec; est completion in 17 hours 42 minutes [READ: Count=1572, Max=84799, Min=90, Avg=12711.56, 90=27743, 99=56671, 99.9=75199, 99.99=84799] 
2017-05-21 12:48:53:103 320 sec: 49840 operations; 144.9 current ops/sec; est completion in 17 hours 44 minutes [READ: Count=1449, Max=288511, Min=90, Avg=12923.55, 90=27407, 99=61919, 99.9=284159, 99.99=288511] 
2017-05-21 12:49:03:103 330 sec: 51424 operations; 158.4 current ops/sec; est completion in 17 hours 44 minutes [READ: Count=1584, Max=699903, Min=80, Avg=13427.93, 90=27471, 99=66623, 99.9=138367, 99.99=699903] 
2017-05-21 12:49:13:103 340 sec: 53038 operations; 161.4 current ops/sec; est completion in 17 hours 42 minutes [READ: Count=1614, Max=204671, Min=90, Avg=12400.58, 90=27615, 99=64767, 99.9=99263, 99.99=204671] 
2017-05-21 12:49:23:103 350 sec: 54499 operations; 146.1 current ops/sec; est completion in 17 hours 44 minutes [READ: Count=1461, Max=801791, Min=91, Avg=13664.15, 90=27567, 99=59551, 99.9=791039, 99.99=801791] 
2017-05-21 12:49:33:103 360 sec: 56044 operations; 154.5 current ops/sec; est completion in 17 hours 44 minutes [READ: Count=1545, Max=274943, Min=91, Avg=12950.6, 90=27615, 99=62079, 99.9=96447, 99.99=274943] 
2017-05-21 12:49:43:107 370 sec: 57491 operations; 144.71 current ops/sec; est completion in 17 hours 46 minutes [READ: Count=1447, Max=364287, Min=91, Avg=13812.42, 90=28655, 99=63871, 99.9=348159, 99.99=364287] 
2017-05-21 12:49:53:103 380 sec: 58998 operations; 150.68 current ops/sec; est completion in 17 hours 47 minutes [READ: Count=1507, Max=193023, Min=91, Avg=13260.13, 90=28911, 99=68287, 99.9=96767, 99.99=193023] 
2017-05-21 12:50:03:103 390 sec: 60520 operations; 152.2 current ops/sec; est completion in 17 hours 47 minutes [READ: Count=1522, Max=338687, Min=90, Avg=13163.31, 90=27055, 99=57887, 99.9=130175, 99.99=338687] 
2017-05-21 12:50:13:103 400 sec: 62007 operations; 148.7 current ops/sec; est completion in 17 hours 48 minutes [READ: Count=1487, Max=216447, Min=81, Avg=13454.87, 90=27871, 99=68799, 99.9=191615, 99.99=216447] 
2017-05-21 12:50:23:103 410 sec: 63463 operations; 145.61 current ops/sec; est completion in 17 hours 49 minutes [READ: Count=1456, Max=455679, Min=91, Avg=13725.76, 90=28127, 99=60767, 99.9=318975, 99.99=455679] 
2017-05-21 12:50:33:103 420 sec: 65030 operations; 156.7 current ops/sec; est completion in 17 hours 49 minutes [READ: Count=1567, Max=94143, Min=90, Avg=12710.59, 90=27663, 99=57791, 99.9=86399, 99.99=94143] 
2017-05-21 12:50:43:103 430 sec: 66458 operations; 142.79 current ops/sec; est completion in 17 hours 51 minutes [READ: Count=1428, Max=747519, Min=89, Avg=14047.51, 90=27887, 99=60767, 99.9=731135, 99.99=747519] 
2017-05-21 12:50:53:103 440 sec: 67959 operations; 150.12 current ops/sec; est completion in 17 hours 51 minutes [READ: Count=1501, Max=79871, Min=91, Avg=13328.64, 90=28143, 99=54303, 99.9=72895, 99.99=79871] 
2017-05-21 12:51:03:103 450 sec: 69374 operations; 141.49 current ops/sec; est completion in 17 hours 53 minutes [READ: Count=1415, Max=647679, Min=90, Avg=14107.5, 90=28495, 99=60671, 99.9=265215, 99.99=647679] 
2017-05-21 12:51:13:103 460 sec: 70891 operations; 151.7 current ops/sec; est completion in 17 hours 53 minutes [READ: Count=1517, Max=276479, Min=90, Avg=13197.85, 90=27199, 99=54335, 99.9=84863, 99.99=276479] 
2017-05-21 12:51:23:103 470 sec: 72349 operations; 145.8 current ops/sec; est completion in 17 hours 54 minutes [READ: Count=1458, Max=324351, Min=90, Avg=13530.64, 90=28335, 99=56767, 99.9=237055, 99.99=324351] 
2017-05-21 12:51:33:103 480 sec: 73858 operations; 150.9 current ops/sec; est completion in 17 hours 55 minutes [READ: Count=1509, Max=174335, Min=97, Avg=13423.31, 90=28271, 99=57439, 99.9=160895, 99.99=174335] 
2017-05-21 12:51:43:103 490 sec: 75253 operations; 139.5 current ops/sec; est completion in 17 hours 57 minutes [READ: Count=1395, Max=653823, Min=99, Avg=14346.49, 90=29391, 99=53695, 99.9=596479, 99.99=653823] 
2017-05-21 12:51:53:103 500 sec: 76647 operations; 139.4 current ops/sec; est completion in 17 hours 58 minutes [READ: Count=1394, Max=148223, Min=97, Avg=14348.89, 90=30511, 99=64767, 99.9=114111, 99.99=148223] 
2017-05-21 12:52:03:103 510 sec: 77924 operations; 127.7 current ops/sec; est completion in 18 hours 2 minutes [READ: Count=1277, Max=729599, Min=95, Avg=15651.26, 90=30655, 99=60927, 99.9=725503, 99.99=729599] 
2017-05-21 12:52:13:103 520 sec: 79355 operations; 143.1 current ops/sec; est completion in 18 hours 3 minutes [READ: Count=1431, Max=178431, Min=96, Avg=13981.15, 90=29759, 99=55391, 99.9=162815, 99.99=178431] 
2017-05-21 12:52:23:103 530 sec: 80759 operations; 140.4 current ops/sec; est completion in 18 hours 4 minutes [READ: Count=1404, Max=211071, Min=96, Avg=14219.69, 90=29327, 99=62175, 99.9=147711, 99.99=211071] 
2017-05-21 12:52:33:103 540 sec: 82137 operations; 137.8 current ops/sec; est completion in 18 hours 6 minutes [READ: Count=1378, Max=172927, Min=94, Avg=14529.32, 90=29871, 99=64991, 99.9=152063, 99.99=172927] 
2017-05-21 12:52:43:103 550 sec: 83485 operations; 134.8 current ops/sec; est completion in 18 hours 8 minutes [READ: Count=1348, Max=135295, Min=93, Avg=14670.78, 90=29647, 99=62975, 99.9=130175, 99.99=135295] 
2017-05-21 12:52:53:103 560 sec: 84429 operations; 94.4 current ops/sec; est completion in 18 hours 16 minutes [READ: Count=945, Max=651263, Min=94, Avg=21401.35, 90=39711, 99=177279, 99.9=592895, 99.99=651263] 
2017-05-21 12:53:03:103 570 sec: 85173 operations; 74.41 current ops/sec; est completion in 18 hours 25 minutes [READ: Count=743, Max=381439, Min=95, Avg=26851.12, 90=61407, 99=157311, 99.9=223359, 99.99=381439] 
2017-05-21 12:53:13:103 580 sec: 85884 operations; 71.1 current ops/sec; est completion in 18 hours 35 minutes [READ: Count=711, Max=392191, Min=94, Avg=28182.07, 90=62815, 99=136575, 99.9=231807, 99.99=392191] 
2017-05-21 12:53:23:103 590 sec: 86715 operations; 83.1 current ops/sec; est completion in 18 hours 44 minutes [READ: Count=831, Max=562175, Min=94, Avg=23808.59, 90=50911, 99=137855, 99.9=411903, 99.99=562175] 
Maximum time elapsed. Requesting stop for the workload.
Stop requested for workload. Now Joining!
2017-05-21 12:53:33:103 600 sec: 87558 operations; 84.29 current ops/sec; est completion in 18 hours 52 minutes [READ: Count=843, Max=657407, Min=94, Avg=23959, 90=50079, 99=110335, 99.9=554495, 99.99=657407] 
2017-05-21 12:53:33:143 600 sec: 87560 operations; 50 current ops/sec; est completion in 18 hours 52 minutes [CLEANUP: Count=2, Max=1063, Min=12, Avg=537.5, 90=1063, 99=1063, 99.9=1063, 99.99=1063] [READ: Count=2, Max=50399, Min=47808, Avg=49104, 90=50399, 99=50399, 99.9=50399, 99.99=50399] 
[OVERALL], RunTime(ms), 600041.0
[OVERALL], Throughput(ops/sec), 145.92336190360325
[TOTAL_GCS_PS_Scavenge], Count, 147.0
[TOTAL_GC_TIME_PS_Scavenge], Time(ms), 261.0
[TOTAL_GC_TIME_%_PS_Scavenge], Time(%), 0.043497027703106955
[TOTAL_GCS_PS_MarkSweep], Count, 0.0
[TOTAL_GC_TIME_PS_MarkSweep], Time(ms), 0.0
[TOTAL_GC_TIME_%_PS_MarkSweep], Time(%), 0.0
[TOTAL_GCs], Count, 147.0
[TOTAL_GC_TIME], Time(ms), 261.0
[TOTAL_GC_TIME_%], Time(%), 0.043497027703106955
[CLEANUP], Operations, 2.0
[CLEANUP], AverageLatency(us), 537.5
[CLEANUP], MinLatency(us), 12.0
[CLEANUP], MaxLatency(us), 1063.0
[CLEANUP], 95thPercentileLatency(us), 1063.0
[CLEANUP], 99thPercentileLatency(us), 1063.0
[READ], Operations, 87560.0
[READ], AverageLatency(us), 13694.760038830516
[READ], MinLatency(us), 80.0
[READ], MaxLatency(us), 866815.0
[READ], 95thPercentileLatency(us), 37311.0
[READ], 99thPercentileLatency(us), 62623.0
[READ], Return=OK, 87560
========== STOP: Container 1 Memory STATS ==============
cache 5689344
rss 1067978752
rss_huge 0
mapped_file 2863104
writeback 0
pgpgin 1164644
pgpgout 902518
pgfault 752360
pgmajfault 26169
inactive_anon 535117824
active_anon 532856832
inactive_file 2834432
active_file 2818048
unevictable 4096
hierarchical_memory_limit 1073741824
total_cache 5689344
total_rss 1067978752
total_rss_huge 0
total_mapped_file 2863104
total_writeback 0
total_pgpgin 1164644
total_pgpgout 902518
total_pgfault 752360
total_pgmajfault 26169
total_inactive_anon 535117824
total_active_anon 532856832
total_inactive_file 2834432
total_active_file 2818048
total_unevictable 4096
======== END Container STATS ======
