========== START: Container mongo Memory STATS ==============
cache 62816256
rss 37457920
rss_huge 0
mapped_file 36761600
writeback 0
pgpgin 120920
pgpgout 96439
pgfault 184649
pgmajfault 487
inactive_anon 49152
active_anon 37453824
inactive_file 47738880
active_file 14999552
unevictable 4096
hierarchical_memory_limit 9223372036854771712
total_cache 62816256
total_rss 37457920
total_rss_huge 0
total_mapped_file 36761600
total_writeback 0
total_pgpgin 120920
total_pgpgout 96439
total_pgfault 184649
total_pgmajfault 487
total_inactive_anon 49152
total_active_anon 37453824
total_inactive_file 47738880
total_active_file 14999552
total_unevictable 4096
======== END Container STATS ======
java -cp /home/ubuntu/ycsb_mongo/mongodb-binding/conf:/home/ubuntu/ycsb_mongo/conf:/home/ubuntu/ycsb_mongo/lib/jackson-mapper-asl-1.9.4.jar:/home/ubuntu/ycsb_mongo/lib/jackson-core-asl-1.9.4.jar:/home/ubuntu/ycsb_mongo/lib/htrace-core4-4.1.0-incubating.jar:/home/ubuntu/ycsb_mongo/lib/core-0.12.0.jar:/home/ubuntu/ycsb_mongo/lib/HdrHistogram-2.1.4.jar:/home/ubuntu/ycsb_mongo/mongodb-binding/lib/mongo-java-driver-3.0.3.jar:/home/ubuntu/ycsb_mongo/mongodb-binding/lib/logback-core-1.1.2.jar:/home/ubuntu/ycsb_mongo/mongodb-binding/lib/mongodb-binding-0.12.0.jar:/home/ubuntu/ycsb_mongo/mongodb-binding/lib/logback-classic-1.1.2.jar:/home/ubuntu/ycsb_mongo/mongodb-binding/lib/mongodb-async-driver-2.0.1.jar:/home/ubuntu/ycsb_mongo/mongodb-binding/lib/slf4j-api-1.6.4.jar com.yahoo.ycsb.Client -db com.yahoo.ycsb.db.MongoDbClient -s -P /home/ubuntu/ycsb_mongo/workloads/workload1 -p mongodb.url=mongodb://10.0.3.220:27017/ycsb?w=0 -p maxexecutiontime=600 -load
YCSB Client 0.12.0
Command line: -db com.yahoo.ycsb.db.MongoDbClient -s -P /home/ubuntu/ycsb_mongo/workloads/workload1 -p mongodb.url=mongodb://10.0.3.220:27017/ycsb?w=0 -p maxexecutiontime=600 -load
Loading workload...
Starting test.
Maximum execution time specified as: 600 secs
2017-05-21 18:09:20:555 0 sec: 0 operations; est completion in 0 seconds 
mongo client connection created with mongodb://10.0.3.220:27017/ycsb?w=0
DBWrapper: report latency for each error is false and specific error codes to track for latency are: []
2017-05-21 18:09:30:091 10 sec: 1907 operations; 190.7 current ops/sec; est completion in 1 hours 27 minutes [INSERT: Count=1907, Max=973823, Min=178, Avg=4601.58, 90=684, 99=3083, 99.9=790527, 99.99=973823] 
2017-05-21 18:09:40:091 20 sec: 4896 operations; 298.9 current ops/sec; est completion in 1 hours 7 minutes [INSERT: Count=2989, Max=1003519, Min=104, Avg=3018.31, 90=219, 99=562, 99.9=777215, 99.99=1003519] 
2017-05-21 18:09:50:091 30 sec: 8236 operations; 334 current ops/sec; est completion in 1 hours [INSERT: Count=3340, Max=1248255, Min=78, Avg=3214.52, 90=101, 99=162, 99.9=951295, 99.99=1248255] 
2017-05-21 18:10:00:091 40 sec: 12366 operations; 413 current ops/sec; est completion in 53 minutes [INSERT: Count=4130, Max=1241087, Min=35, Avg=2455.26, 90=81, 99=334, 99.9=809471, 99.99=1241087] 
2017-05-21 18:10:10:091 50 sec: 116167 operations; 10380.1 current ops/sec; est completion in 6 minutes [INSERT: Count=103806, Max=474623, Min=33, Avg=93.06, 90=37, 99=60, 99.9=1084, 99.99=227583] 
2017-05-21 18:10:20:091 60 sec: 282346 operations; 16617.9 current ops/sec; est completion in 2 minutes [INSERT: Count=166180, Max=2447, Min=33, Avg=56.37, 90=60, 99=97, 99.9=110, 99.99=1221] 
2017-05-21 18:10:30:091 70 sec: 419956 operations; 13761 current ops/sec; est completion in 1 minutes [INSERT: Count=137607, Max=149503, Min=33, Avg=68.26, 90=97, 99=107, 99.9=124, 99.99=1314] 
2017-05-21 18:10:40:091 80 sec: 584605 operations; 16464.9 current ops/sec; est completion in 57 seconds [INSERT: Count=164648, Max=3397, Min=50, Avg=56.79, 90=60, 99=101, 99.9=115, 99.99=1232] 
2017-05-21 18:10:50:091 90 sec: 751546 operations; 16694.1 current ops/sec; est completion in 30 seconds [INSERT: Count=166939, Max=4311, Min=50, Avg=56.05, 90=60, 99=92, 99.9=107, 99.99=1240] 
2017-05-21 18:11:00:091 100 sec: 918929 operations; 16738.3 current ops/sec; est completion in 9 seconds [INSERT: Count=167385, Max=2321, Min=49, Avg=55.79, 90=60, 99=92, 99.9=108, 99.99=1171] 
Could not wait until max specified time, TerminatorThread interrupted.
2017-05-21 18:11:06:261 106 sec: 1000000 operations; 13139.55 current ops/sec; [CLEANUP: Count=1, Max=1128, Min=1128, Avg=1128, 90=1128, 99=1128, 99.9=1128, 99.99=1128] [INSERT: Count=81069, Max=2451, Min=49, Avg=71.37, 90=101, 99=108, 99.9=130, 99.99=1247] 
[OVERALL], RunTime(ms), 106170.0
[OVERALL], Throughput(ops/sec), 9418.856550814731
[TOTAL_GCS_PS_Scavenge], Count, 485.0
[TOTAL_GC_TIME_PS_Scavenge], Time(ms), 539.0
[TOTAL_GC_TIME_%_PS_Scavenge], Time(%), 0.507676368088914
[TOTAL_GCS_PS_MarkSweep], Count, 0.0
[TOTAL_GC_TIME_PS_MarkSweep], Time(ms), 0.0
[TOTAL_GC_TIME_%_PS_MarkSweep], Time(%), 0.0
[TOTAL_GCs], Count, 485.0
[TOTAL_GC_TIME], Time(ms), 539.0
[TOTAL_GC_TIME_%], Time(%), 0.507676368088914
[CLEANUP], Operations, 1.0
[CLEANUP], AverageLatency(us), 1128.0
[CLEANUP], MinLatency(us), 1128.0
[CLEANUP], MaxLatency(us), 1128.0
[CLEANUP], 95thPercentileLatency(us), 1128.0
[CLEANUP], 99thPercentileLatency(us), 1128.0
[INSERT], Operations, 1000000.0
[INSERT], AverageLatency(us), 100.925723
[INSERT], MinLatency(us), 33.0
[INSERT], MaxLatency(us), 1248255.0
[INSERT], 95thPercentileLatency(us), 96.0
[INSERT], 99thPercentileLatency(us), 105.0
[INSERT], Return=OK, 1000000
========== STOP: Container mongo Memory STATS ==============
cache 160321536
rss 460836864
rss_huge 0
mapped_file 37576704
writeback 0
pgpgin 250139
pgpgout 98489
pgfault 290718
pgmajfault 499
inactive_anon 45056
active_anon 460861440
inactive_file 144449536
active_file 15798272
unevictable 4096
hierarchical_memory_limit 999997440
total_cache 160321536
total_rss 460836864
total_rss_huge 0
total_mapped_file 37576704
total_writeback 0
total_pgpgin 250139
total_pgpgout 98489
total_pgfault 290718
total_pgmajfault 499
total_inactive_anon 45056
total_active_anon 460861440
total_inactive_file 144449536
total_active_file 15798272
total_unevictable 4096
======== END Container STATS ======
