========== START: Container mongo Memory STATS ==============
cache 62988288
rss 37453824
rss_huge 0
mapped_file 36749312
writeback 0
pgpgin 120954
pgpgout 96432
pgfault 184382
pgmajfault 488
inactive_anon 49152
active_anon 37470208
inactive_file 47763456
active_file 15147008
unevictable 4096
hierarchical_memory_limit 9223372036854771712
total_cache 62988288
total_rss 37453824
total_rss_huge 0
total_mapped_file 36749312
total_writeback 0
total_pgpgin 120954
total_pgpgout 96432
total_pgfault 184382
total_pgmajfault 488
total_inactive_anon 49152
total_active_anon 37470208
total_inactive_file 47763456
total_active_file 15147008
total_unevictable 4096
======== END Container STATS ======
java -cp /home/ubuntu/ycsb_mongo/mongodb-binding/conf:/home/ubuntu/ycsb_mongo/conf:/home/ubuntu/ycsb_mongo/lib/jackson-mapper-asl-1.9.4.jar:/home/ubuntu/ycsb_mongo/lib/jackson-core-asl-1.9.4.jar:/home/ubuntu/ycsb_mongo/lib/htrace-core4-4.1.0-incubating.jar:/home/ubuntu/ycsb_mongo/lib/core-0.12.0.jar:/home/ubuntu/ycsb_mongo/lib/HdrHistogram-2.1.4.jar:/home/ubuntu/ycsb_mongo/mongodb-binding/lib/mongo-java-driver-3.0.3.jar:/home/ubuntu/ycsb_mongo/mongodb-binding/lib/logback-core-1.1.2.jar:/home/ubuntu/ycsb_mongo/mongodb-binding/lib/mongodb-binding-0.12.0.jar:/home/ubuntu/ycsb_mongo/mongodb-binding/lib/logback-classic-1.1.2.jar:/home/ubuntu/ycsb_mongo/mongodb-binding/lib/mongodb-async-driver-2.0.1.jar:/home/ubuntu/ycsb_mongo/mongodb-binding/lib/slf4j-api-1.6.4.jar com.yahoo.ycsb.Client -db com.yahoo.ycsb.db.MongoDbClient -s -P /home/ubuntu/ycsb_mongo/workloads/workload1 -p mongodb.url=mongodb://10.0.3.220:27017/ycsb?w=0 -p maxexecutiontime=600 -load
YCSB Client 0.12.0
Command line: -db com.yahoo.ycsb.db.MongoDbClient -s -P /home/ubuntu/ycsb_mongo/workloads/workload1 -p mongodb.url=mongodb://10.0.3.220:27017/ycsb?w=0 -p maxexecutiontime=600 -load
Loading workload...
Starting test.
Maximum execution time specified as: 600 secs
2017-05-21 18:25:47:646 0 sec: 0 operations; est completion in 0 seconds 
mongo client connection created with mongodb://10.0.3.220:27017/ycsb?w=0
DBWrapper: report latency for each error is false and specific error codes to track for latency are: []
2017-05-21 18:25:57:238 10 sec: 1718 operations; 171.8 current ops/sec; est completion in 48 minutes [INSERT: Count=1718, Max=720383, Min=187, Avg=5164.34, 90=752, 99=207231, 99.9=684031, 99.99=720383] 
2017-05-21 18:26:07:238 20 sec: 4963 operations; 324.5 current ops/sec; est completion in 33 minutes [INSERT: Count=3245, Max=873471, Min=112, Avg=3030.59, 90=186, 99=1014, 99.9=703999, 99.99=873471] 
2017-05-21 18:26:17:238 30 sec: 8061 operations; 309.8 current ops/sec; est completion in 30 minutes [INSERT: Count=3098, Max=1166335, Min=87, Avg=3220.89, 90=110, 99=187, 99.9=737791, 99.99=1166335] 
2017-05-21 18:26:27:238 40 sec: 12538 operations; 447.7 current ops/sec; est completion in 25 minutes [INSERT: Count=4477, Max=1292287, Min=40, Avg=2252.47, 90=89, 99=144, 99.9=807935, 99.99=1292287] 
2017-05-21 18:26:37:238 50 sec: 88623 operations; 7608.5 current ops/sec; est completion in 3 minutes [INSERT: Count=76085, Max=439039, Min=39, Avg=127.71, 90=65, 99=71, 99.9=1070, 99.99=250751] 
2017-05-21 18:26:47:238 60 sec: 195026 operations; 10640.3 current ops/sec; est completion in 1 minutes [INSERT: Count=106403, Max=3685, Min=39, Avg=87.78, 90=109, 99=123, 99.9=149, 99.99=1276] 
2017-05-21 18:26:57:238 70 sec: 343954 operations; 14892.8 current ops/sec; est completion in 32 seconds [INSERT: Count=148931, Max=2071, Min=55, Avg=62.57, 90=67, 99=77, 99.9=130, 99.99=1237] 
2017-05-21 18:27:07:238 80 sec: 491329 operations; 14737.5 current ops/sec; est completion in 2 seconds [INSERT: Count=147375, Max=36223, Min=55, Avg=63.3, 90=68, 99=77, 99.9=116, 99.99=1303] 
Could not wait until max specified time, TerminatorThread interrupted.
2017-05-21 18:27:07:824 80 sec: 500000 operations; 14796.93 current ops/sec; [CLEANUP: Count=1, Max=972, Min=972, Avg=972, 90=972, 99=972, 99.9=972, 99.99=972] [INSERT: Count=8668, Max=1167, Min=56, Avg=62.89, 90=67, 99=78, 99.9=116, 99.99=1158] 
[OVERALL], RunTime(ms), 80586.0
[OVERALL], Throughput(ops/sec), 6204.551659097114
[TOTAL_GCS_PS_Scavenge], Count, 352.0
[TOTAL_GC_TIME_PS_Scavenge], Time(ms), 376.0
[TOTAL_GC_TIME_%_PS_Scavenge], Time(%), 0.46658228476410296
[TOTAL_GCS_PS_MarkSweep], Count, 0.0
[TOTAL_GC_TIME_PS_MarkSweep], Time(ms), 0.0
[TOTAL_GC_TIME_%_PS_MarkSweep], Time(%), 0.0
[TOTAL_GCs], Count, 352.0
[TOTAL_GC_TIME], Time(ms), 376.0
[TOTAL_GC_TIME_%], Time(%), 0.46658228476410296
[CLEANUP], Operations, 1.0
[CLEANUP], AverageLatency(us), 972.0
[CLEANUP], MinLatency(us), 972.0
[CLEANUP], MaxLatency(us), 972.0
[CLEANUP], 95thPercentileLatency(us), 972.0
[CLEANUP], 99thPercentileLatency(us), 972.0
[INSERT], Operations, 500000.0
[INSERT], AverageLatency(us), 154.038966
[INSERT], MinLatency(us), 39.0
[INSERT], MaxLatency(us), 1292287.0
[INSERT], 95thPercentileLatency(us), 106.0
[INSERT], 99thPercentileLatency(us), 124.0
[INSERT], Return=OK, 500000
========== STOP: Container mongo Memory STATS ==============
cache 160473088
rss 436461568
rss_huge 0
mapped_file 37564416
writeback 0
pgpgin 243679
pgpgout 97943
pgfault 283969
pgmajfault 500
inactive_anon 45056
active_anon 436486144
inactive_file 144453632
active_file 15945728
unevictable 4096
hierarchical_memory_limit 999997440
total_cache 160473088
total_rss 436461568
total_rss_huge 0
total_mapped_file 37564416
total_writeback 0
total_pgpgin 243679
total_pgpgout 97943
total_pgfault 283969
total_pgmajfault 500
total_inactive_anon 45056
total_active_anon 436486144
total_inactive_file 144453632
total_active_file 15945728
total_unevictable 4096
======== END Container STATS ======
