========== START: Container mongo Memory STATS ==============
cache 63201280
rss 37421056
rss_huge 0
mapped_file 36749312
writeback 0
pgpgin 121747
pgpgout 97181
pgfault 186119
pgmajfault 488
inactive_anon 49152
active_anon 37416960
inactive_file 47767552
active_file 15355904
unevictable 4096
hierarchical_memory_limit 9223372036854771712
total_cache 63201280
total_rss 37421056
total_rss_huge 0
total_mapped_file 36749312
total_writeback 0
total_pgpgin 121747
total_pgpgout 97181
total_pgfault 186119
total_pgmajfault 488
total_inactive_anon 49152
total_active_anon 37416960
total_inactive_file 47767552
total_active_file 15355904
total_unevictable 4096
======== END Container STATS ======
java -cp /home/ubuntu/ycsb_mongo/mongodb-binding/conf:/home/ubuntu/ycsb_mongo/conf:/home/ubuntu/ycsb_mongo/lib/jackson-mapper-asl-1.9.4.jar:/home/ubuntu/ycsb_mongo/lib/jackson-core-asl-1.9.4.jar:/home/ubuntu/ycsb_mongo/lib/htrace-core4-4.1.0-incubating.jar:/home/ubuntu/ycsb_mongo/lib/core-0.12.0.jar:/home/ubuntu/ycsb_mongo/lib/HdrHistogram-2.1.4.jar:/home/ubuntu/ycsb_mongo/mongodb-binding/lib/mongo-java-driver-3.0.3.jar:/home/ubuntu/ycsb_mongo/mongodb-binding/lib/logback-core-1.1.2.jar:/home/ubuntu/ycsb_mongo/mongodb-binding/lib/mongodb-binding-0.12.0.jar:/home/ubuntu/ycsb_mongo/mongodb-binding/lib/logback-classic-1.1.2.jar:/home/ubuntu/ycsb_mongo/mongodb-binding/lib/mongodb-async-driver-2.0.1.jar:/home/ubuntu/ycsb_mongo/mongodb-binding/lib/slf4j-api-1.6.4.jar com.yahoo.ycsb.Client -db com.yahoo.ycsb.db.MongoDbClient -s -P /home/ubuntu/ycsb_mongo/workloads/workload1 -p mongodb.url=mongodb://10.0.3.220:27017/ycsb?w=0 -p maxexecutiontime=600 -load
YCSB Client 0.12.0
Command line: -db com.yahoo.ycsb.db.MongoDbClient -s -P /home/ubuntu/ycsb_mongo/workloads/workload1 -p mongodb.url=mongodb://10.0.3.220:27017/ycsb?w=0 -p maxexecutiontime=600 -load
Loading workload...
Starting test.
Maximum execution time specified as: 600 secs
2017-05-21 13:25:07:785 0 sec: 0 operations; est completion in 0 seconds 
mongo client connection created with mongodb://10.0.3.220:27017/ycsb?w=0
DBWrapper: report latency for each error is false and specific error codes to track for latency are: []
2017-05-21 13:25:17:333 10 sec: 4324 operations; 432.4 current ops/sec; est completion in 30 minutes [INSERT: Count=4402, Max=1026559, Min=109, Avg=2009.09, 90=278, 99=976, 99.9=574975, 99.99=1026559] 
2017-05-21 13:25:27:333 20 sec: 107703 operations; 10337.9 current ops/sec; est completion in 2 minutes [INSERT: Count=103311, Max=811519, Min=32, Avg=92.62, 90=40, 99=102, 99.9=312, 99.99=218879] 
2017-05-21 13:25:37:333 30 sec: 365066 operations; 25736.3 current ops/sec; est completion in 36 seconds [INSERT: Count=257362, Max=15759, Min=32, Avg=35.68, 90=34, 99=43, 99.9=61, 99.99=11367] 
2017-05-21 13:25:47:333 40 sec: 623230 operations; 25816.4 current ops/sec; est completion in 12 seconds [INSERT: Count=258163, Max=15735, Min=32, Avg=35.48, 90=34, 99=44, 99.9=62, 99.99=11311] 
2017-05-21 13:25:54:157 46 sec: 800000 operations; 25904.16 current ops/sec; [CLEANUP: Count=1, Max=1083, Min=1083, Avg=1083, 90=1083, 99=1083, 99.9=1083, 99.99=1083] [INSERT: Count=176762, Max=15999, Min=32, Avg=35.31, 90=35, 99=43, 99.9=63, 99.99=1522] 
Could not wait until max specified time, TerminatorThread interrupted.
[OVERALL], RunTime(ms), 46824.0
[OVERALL], Throughput(ops/sec), 17085.255424568597
[TOTAL_GCS_PS_Scavenge], Count, 305.0
[TOTAL_GC_TIME_PS_Scavenge], Time(ms), 339.0
[TOTAL_GC_TIME_%_PS_Scavenge], Time(%), 0.7239876986160942
[TOTAL_GCS_PS_MarkSweep], Count, 0.0
[TOTAL_GC_TIME_PS_MarkSweep], Time(ms), 0.0
[TOTAL_GC_TIME_%_PS_MarkSweep], Time(%), 0.0
[TOTAL_GCs], Count, 305.0
[TOTAL_GC_TIME], Time(ms), 339.0
[TOTAL_GC_TIME_%], Time(%), 0.7239876986160942
[CLEANUP], Operations, 1.0
[CLEANUP], AverageLatency(us), 1083.0
[CLEANUP], MinLatency(us), 1083.0
[CLEANUP], MaxLatency(us), 1083.0
[CLEANUP], 95thPercentileLatency(us), 1083.0
[CLEANUP], 99thPercentileLatency(us), 1083.0
[INSERT], Operations, 800000.0
[INSERT], AverageLatency(us), 53.7453725
[INSERT], MinLatency(us), 32.0
[INSERT], MaxLatency(us), 1026559.0
[INSERT], 95thPercentileLatency(us), 37.0
[INSERT], 99thPercentileLatency(us), 81.0
[INSERT], Return=OK, 800000
========== STOP: Container mongo Memory STATS ==============
cache 104189952
rss 413741056
rss_huge 0
mapped_file 37564416
writeback 0
pgpgin 225047
pgpgout 98599
pgfault 280056
pgmajfault 500
inactive_anon 45056
active_anon 413765632
inactive_file 87961600
active_file 16154624
unevictable 4096
hierarchical_memory_limit 1073741824
total_cache 104189952
total_rss 413741056
total_rss_huge 0
total_mapped_file 37564416
total_writeback 0
total_pgpgin 225047
total_pgpgout 98599
total_pgfault 280056
total_pgmajfault 500
total_inactive_anon 45056
total_active_anon 413765632
total_inactive_file 87961600
total_active_file 16154624
total_unevictable 4096
======== END Container STATS ======
