========== START: Container mongo Memory STATS ==============
cache 62980096
rss 37953536
rss_huge 0
mapped_file 36904960
writeback 0
pgpgin 121157
pgpgout 96515
pgfault 184351
pgmajfault 487
inactive_anon 49152
active_anon 37982208
inactive_file 47775744
active_file 15122432
unevictable 4096
hierarchical_memory_limit 9223372036854771712
total_cache 62980096
total_rss 37953536
total_rss_huge 0
total_mapped_file 36904960
total_writeback 0
total_pgpgin 121157
total_pgpgout 96515
total_pgfault 184351
total_pgmajfault 487
total_inactive_anon 49152
total_active_anon 37982208
total_inactive_file 47775744
total_active_file 15122432
total_unevictable 4096
======== END Container STATS ======
java -cp /home/ubuntu/ycsb_mongo/mongodb-binding/conf:/home/ubuntu/ycsb_mongo/conf:/home/ubuntu/ycsb_mongo/lib/jackson-mapper-asl-1.9.4.jar:/home/ubuntu/ycsb_mongo/lib/jackson-core-asl-1.9.4.jar:/home/ubuntu/ycsb_mongo/lib/htrace-core4-4.1.0-incubating.jar:/home/ubuntu/ycsb_mongo/lib/core-0.12.0.jar:/home/ubuntu/ycsb_mongo/lib/HdrHistogram-2.1.4.jar:/home/ubuntu/ycsb_mongo/mongodb-binding/lib/mongo-java-driver-3.0.3.jar:/home/ubuntu/ycsb_mongo/mongodb-binding/lib/logback-core-1.1.2.jar:/home/ubuntu/ycsb_mongo/mongodb-binding/lib/mongodb-binding-0.12.0.jar:/home/ubuntu/ycsb_mongo/mongodb-binding/lib/logback-classic-1.1.2.jar:/home/ubuntu/ycsb_mongo/mongodb-binding/lib/mongodb-async-driver-2.0.1.jar:/home/ubuntu/ycsb_mongo/mongodb-binding/lib/slf4j-api-1.6.4.jar com.yahoo.ycsb.Client -db com.yahoo.ycsb.db.MongoDbClient -s -P /home/ubuntu/ycsb_mongo/workloads/workload1 -p mongodb.url=mongodb://10.0.3.220:27017/ycsb?w=0 -p maxexecutiontime=600 -load
YCSB Client 0.12.0
Command line: -db com.yahoo.ycsb.db.MongoDbClient -s -P /home/ubuntu/ycsb_mongo/workloads/workload1 -p mongodb.url=mongodb://10.0.3.220:27017/ycsb?w=0 -p maxexecutiontime=600 -load
Loading workload...
Starting test.
Maximum execution time specified as: 600 secs
2017-05-21 18:44:26:494 0 sec: 0 operations; est completion in 0 seconds 
mongo client connection created with mongodb://10.0.3.220:27017/ycsb?w=0
DBWrapper: report latency for each error is false and specific error codes to track for latency are: []
2017-05-21 18:44:36:115 10 sec: 1785 operations; 178.5 current ops/sec; est completion in 3 hours 6 minutes [INSERT: Count=1785, Max=650751, Min=192, Avg=4865.9, 90=733, 99=95679, 99.9=547839, 99.99=650751] 
2017-05-21 18:44:46:115 20 sec: 4626 operations; 284.1 current ops/sec; est completion in 2 hours 23 minutes [INSERT: Count=2841, Max=600063, Min=120, Avg=3429.08, 90=221, 99=135807, 99.9=526847, 99.99=600063] 
2017-05-21 18:44:56:115 30 sec: 7864 operations; 323.8 current ops/sec; est completion in 2 hours 6 minutes [INSERT: Count=3238, Max=540671, Min=94, Avg=3153.82, 90=144, 99=128511, 99.9=484863, 99.99=540671] 
2017-05-21 18:45:06:115 40 sec: 12008 operations; 414.4 current ops/sec; est completion in 1 hours 50 minutes [INSERT: Count=4144, Max=992255, Min=46, Avg=2384.86, 90=97, 99=198, 99.9=705023, 99.99=992255] 
2017-05-21 18:45:16:115 50 sec: 82836 operations; 7082.8 current ops/sec; est completion in 19 minutes [INSERT: Count=70832, Max=349439, Min=45, Avg=137.86, 90=71, 99=108, 99.9=1168, 99.99=216447] 
2017-05-21 18:45:26:115 60 sec: 209750 operations; 12691.4 current ops/sec; est completion in 8 minutes [INSERT: Count=126914, Max=3681, Min=46, Avg=73.52, 90=105, 99=121, 99.9=139, 99.99=1245] 
2017-05-21 18:45:36:115 70 sec: 339277 operations; 12952.7 current ops/sec; est completion in 5 minutes [INSERT: Count=129524, Max=3021, Min=61, Avg=72.11, 90=76, 99=114, 99.9=139, 99.99=1234] 
2017-05-21 18:45:46:115 80 sec: 473144 operations; 13386.7 current ops/sec; est completion in 4 minutes [INSERT: Count=133866, Max=3015, Min=62, Avg=69.7, 90=73, 99=111, 99.9=133, 99.99=1256] 
2017-05-21 18:45:56:115 90 sec: 597177 operations; 12403.3 current ops/sec; est completion in 3 minutes [INSERT: Count=124035, Max=826879, Min=46, Avg=75.59, 90=72, 99=81, 99.9=116, 99.99=1264] 
2017-05-21 18:46:06:115 100 sec: 730113 operations; 13293.6 current ops/sec; est completion in 2 minutes [INSERT: Count=132936, Max=3429, Min=62, Avg=70.2, 90=73, 99=112, 99.9=136, 99.99=1306] 
2017-05-21 18:46:16:115 110 sec: 864693 operations; 13458 current ops/sec; est completion in 2 minutes [INSERT: Count=134578, Max=7099, Min=62, Avg=69.29, 90=73, 99=111, 99.9=126, 99.99=1264] 
2017-05-21 18:46:26:115 120 sec: 1000398 operations; 13570.5 current ops/sec; est completion in 2 minutes [INSERT: Count=135707, Max=4073, Min=62, Avg=68.76, 90=72, 99=81, 99.9=109, 99.99=1187] 
2017-05-21 18:46:36:115 130 sec: 1133481 operations; 13308.3 current ops/sec; est completion in 1 minutes [INSERT: Count=133083, Max=3521, Min=62, Avg=70.01, 90=73, 99=112, 99.9=129, 99.99=1249] 
2017-05-21 18:46:46:115 140 sec: 1268186 operations; 13470.5 current ops/sec; est completion in 1 minutes [INSERT: Count=134705, Max=1833, Min=62, Avg=69.23, 90=73, 99=107, 99.9=132, 99.99=1247] 
2017-05-21 18:46:56:115 150 sec: 1402717 operations; 13453.1 current ops/sec; est completion in 1 minutes [INSERT: Count=134531, Max=2765, Min=62, Avg=69.34, 90=73, 99=111, 99.9=124, 99.99=1234] 
2017-05-21 18:47:06:115 160 sec: 1538086 operations; 13536.9 current ops/sec; est completion in 49 seconds [INSERT: Count=135367, Max=3333, Min=62, Avg=68.89, 90=72, 99=82, 99.9=118, 99.99=1320] 
2017-05-21 18:47:16:115 170 sec: 1671483 operations; 13339.7 current ops/sec; est completion in 34 seconds [INSERT: Count=133397, Max=18335, Min=62, Avg=69.96, 90=73, 99=112, 99.9=139, 99.99=1339] 
2017-05-21 18:47:26:117 180 sec: 1804550 operations; 13306.7 current ops/sec; est completion in 20 seconds [INSERT: Count=133069, Max=9071, Min=62, Avg=70.12, 90=73, 99=112, 99.9=134, 99.99=1343] 
2017-05-21 18:47:36:115 190 sec: 1937684 operations; 13313.4 current ops/sec; est completion in 7 seconds [INSERT: Count=133134, Max=4491, Min=62, Avg=70.09, 90=73, 99=112, 99.9=135, 99.99=1255] 
2017-05-21 18:47:40:700 194 sec: 2000000 operations; 13591.28 current ops/sec; [CLEANUP: Count=1, Max=1123, Min=1123, Avg=1123, 90=1123, 99=1123, 99.9=1123, 99.99=1123] [INSERT: Count=62314, Max=2817, Min=62, Avg=68.61, 90=72, 99=82, 99.9=110, 99.99=1261] 
Could not wait until max specified time, TerminatorThread interrupted.
[OVERALL], RunTime(ms), 194585.0
[OVERALL], Throughput(ops/sec), 10278.284554307886
[TOTAL_GCS_PS_Scavenge], Count, 1226.0
[TOTAL_GC_TIME_PS_Scavenge], Time(ms), 1276.0
[TOTAL_GC_TIME_%_PS_Scavenge], Time(%), 0.6557545545648431
[TOTAL_GCS_PS_MarkSweep], Count, 0.0
[TOTAL_GC_TIME_PS_MarkSweep], Time(ms), 0.0
[TOTAL_GC_TIME_%_PS_MarkSweep], Time(%), 0.0
[TOTAL_GCs], Count, 1226.0
[TOTAL_GC_TIME], Time(ms), 1276.0
[TOTAL_GC_TIME_%], Time(%), 0.6557545545648431
[CLEANUP], Operations, 1.0
[CLEANUP], AverageLatency(us), 1123.0
[CLEANUP], MinLatency(us), 1123.0
[CLEANUP], MaxLatency(us), 1123.0
[CLEANUP], 95thPercentileLatency(us), 1123.0
[CLEANUP], 99thPercentileLatency(us), 1123.0
[INSERT], Operations, 2000000.0
[INSERT], AverageLatency(us), 91.610233
[INSERT], MinLatency(us), 45.0
[INSERT], MaxLatency(us), 992255.0
[INSERT], 95thPercentileLatency(us), 78.0
[INSERT], 99thPercentileLatency(us), 113.0
[INSERT], Return=OK, 2000000
========== STOP: Container mongo Memory STATS ==============
cache 160481280
rss 544813056
rss_huge 0
mapped_file 37564416
writeback 0
pgpgin 273773
pgpgout 101582
pgfault 314026
pgmajfault 499
inactive_anon 45056
active_anon 544837632
inactive_file 144379904
active_file 16027648
unevictable 4096
hierarchical_memory_limit 999997440
total_cache 160481280
total_rss 544813056
total_rss_huge 0
total_mapped_file 37564416
total_writeback 0
total_pgpgin 273773
total_pgpgout 101582
total_pgfault 314026
total_pgmajfault 499
total_inactive_anon 45056
total_active_anon 544837632
total_inactive_file 144379904
total_active_file 16027648
total_unevictable 4096
======== END Container STATS ======
