========== START: Container 1 Memory STATS ==============
cache 104194048
rss 413745152
rss_huge 0
mapped_file 37564416
writeback 0
pgpgin 225121
pgpgout 98671
pgfault 280123
pgmajfault 500
inactive_anon 45056
active_anon 413769728
inactive_file 87965696
active_file 16154624
unevictable 4096
hierarchical_memory_limit 1073741824
total_cache 104194048
total_rss 413745152
total_rss_huge 0
total_mapped_file 37564416
total_writeback 0
total_pgpgin 225121
total_pgpgout 98671
total_pgfault 280123
total_pgmajfault 500
total_inactive_anon 45056
total_active_anon 413769728
total_inactive_file 87965696
total_active_file 16154624
total_unevictable 4096
======== END Container STATS ======
java -cp /home/ubuntu/ycsb_mongo/mongodb-binding/conf:/home/ubuntu/ycsb_mongo/conf:/home/ubuntu/ycsb_mongo/lib/jackson-mapper-asl-1.9.4.jar:/home/ubuntu/ycsb_mongo/lib/jackson-core-asl-1.9.4.jar:/home/ubuntu/ycsb_mongo/lib/htrace-core4-4.1.0-incubating.jar:/home/ubuntu/ycsb_mongo/lib/core-0.12.0.jar:/home/ubuntu/ycsb_mongo/lib/HdrHistogram-2.1.4.jar:/home/ubuntu/ycsb_mongo/mongodb-binding/lib/mongo-java-driver-3.0.3.jar:/home/ubuntu/ycsb_mongo/mongodb-binding/lib/logback-core-1.1.2.jar:/home/ubuntu/ycsb_mongo/mongodb-binding/lib/mongodb-binding-0.12.0.jar:/home/ubuntu/ycsb_mongo/mongodb-binding/lib/logback-classic-1.1.2.jar:/home/ubuntu/ycsb_mongo/mongodb-binding/lib/mongodb-async-driver-2.0.1.jar:/home/ubuntu/ycsb_mongo/mongodb-binding/lib/slf4j-api-1.6.4.jar com.yahoo.ycsb.Client -db com.yahoo.ycsb.db.MongoDbClient -s -P /home/ubuntu/ycsb_mongo/workloads/workload1 -p mongodb.url=mongodb://10.0.3.220:27017/ycsb?w=0 -p maxexecutiontime=600 -threads 2 -t
YCSB Client 0.12.0
Command line: -db com.yahoo.ycsb.db.MongoDbClient -s -P /home/ubuntu/ycsb_mongo/workloads/workload1 -p mongodb.url=mongodb://10.0.3.220:27017/ycsb?w=0 -p maxexecutiontime=600 -threads 2 -t
Loading workload...
Starting test.
Maximum execution time specified as: 600 secs
2017-05-21 13:26:26:549 0 sec: 0 operations; est completion in 0 seconds 
mongo client connection created with mongodb://10.0.3.220:27017/ycsb?w=0
DBWrapper: report latency for each error is false and specific error codes to track for latency are: []
DBWrapper: report latency for each error is false and specific error codes to track for latency are: []
2017-05-21 13:26:36:531 10 sec: 962 operations; 96.2 current ops/sec; est completion in 12 days [READ: Count=962, Max=104383, Min=398, Avg=20180.2, 90=36831, 99=61439, 99.9=92415, 99.99=104383] 
2017-05-21 13:26:46:531 20 sec: 2243 operations; 128.1 current ops/sec; est completion in 10 days 7 hours [READ: Count=1281, Max=99775, Min=261, Avg=15583.14, 90=29183, 99=54911, 99.9=75647, 99.99=99775] 
2017-05-21 13:26:56:531 30 sec: 3667 operations; 142.4 current ops/sec; est completion in 9 days 11 hours [READ: Count=1425, Max=69375, Min=226, Avg=14029.2, 90=26415, 99=48511, 99.9=68095, 99.99=69375] 
2017-05-21 13:27:06:531 40 sec: 5108 operations; 144.1 current ops/sec; est completion in 9 days 1 hours [READ: Count=1440, Max=63359, Min=195, Avg=13856.21, 90=26783, 99=49311, 99.9=63071, 99.99=63359] 
2017-05-21 13:27:16:531 50 sec: 6605 operations; 149.7 current ops/sec; est completion in 8 days 18 hours [READ: Count=1497, Max=81791, Min=183, Avg=13352.95, 90=24847, 99=44511, 99.9=60159, 99.99=81791] 
com.mongodb.MongoQueryException: Query failed with error code 11600 and error message 'interrupted at shutdown' on server 10.0.3.220:27017
com.mongodb.MongoQueryException: Query failed with error code 11600 and error message 'interrupted at shutdown' on server 10.0.3.220:27017
com.mongodb.MongoQueryException: Query failed with error code 11600 and error message 'interrupted at shutdown' on server 10.0.3.220:27017
com.mongodb.MongoQueryException: Query failed with error code 11600 and error message 'interrupted at shutdown' on server 10.0.3.220:27017
com.mongodb.MongoQueryException: Query failed with error code 11600 and error message 'interrupted at shutdown' on server 10.0.3.220:27017
com.mongodb.MongoQueryException: Query failed with error code 11600 and error message 'interrupted at shutdown' on server 10.0.3.220:27017
com.mongodb.MongoQueryException: Query failed with error code 11600 and error message 'interrupted at shutdown' on server 10.0.3.220:27017
com.mongodb.MongoQueryException: Query failed with error code 11600 and error message 'interrupted at shutdown' on server 10.0.3.220:27017
com.mongodb.MongoQueryException: Query failed with error code 11600 and error message 'interrupted at shutdown' on server 10.0.3.220:27017
com.mongodb.MongoQueryException: Query failed with error code 11600 and error message 'interrupted at shutdown' on server 10.0.3.220:27017
com.mongodb.MongoQueryException: Query failed with error code 11600 and error message 'interrupted at shutdown' on server 10.0.3.220:27017
com.mongodb.MongoQueryException: Query failed with error code 11600 and error message 'interrupted at shutdown' on server 10.0.3.220:27017
com.mongodb.MongoQueryException: Query failed with error code 11600 and error message 'interrupted at shutdown' on server 10.0.3.220:27017
com.mongodb.MongoQueryException: Query failed with error code 11600 and error message 'interrupted at shutdown' on server 10.0.3.220:27017
com.mongodb.MongoQueryException: Query failed with error code 11600 and error message 'interrupted at shutdown' on server 10.0.3.220:27017
com.mongodb.MongoQueryException: Query failed with error code 11600 and error message 'interrupted at shutdown' on server 10.0.3.220:27017
com.mongodb.MongoQueryException: Query failed with error code 11600 and error message 'interrupted at shutdown' on server 10.0.3.220:27017
com.mongodb.MongoQueryException: Query failed with error code 11600 and error message 'interrupted at shutdown' on server 10.0.3.220:27017
com.mongodb.MongoQueryException: Query failed with error code 11600 and error message 'interrupted at shutdown' on server 10.0.3.220:27017
com.mongodb.MongoQueryException: Query failed with error code 11600 and error message 'interrupted at shutdown' on server 10.0.3.220:27017
com.mongodb.MongoQueryException: Query failed with error code 11600 and error message 'interrupted at shutdown' on server 10.0.3.220:27017
com.mongodb.MongoQueryException: Query failed with error code 11600 and error message 'interrupted at shutdown' on server 10.0.3.220:27017
com.mongodb.MongoQueryException: Query failed with error code 11600 and error message 'interrupted at shutdown' on server 10.0.3.220:27017
com.mongodb.MongoQueryException: Query failed with error code 11600 and error message 'interrupted at shutdown' on server 10.0.3.220:27017
com.mongodb.MongoQueryException: Query failed with error code 11600 and error message 'interrupted at shutdown' on server 10.0.3.220:27017
com.mongodb.MongoQueryException: Query failed with error code 11600 and error message 'interrupted at shutdown' on server 10.0.3.220:27017
com.mongodb.MongoQueryException: Query failed with error code 11600 and error message 'interrupted at shutdown' on server 10.0.3.220:27017
com.mongodb.MongoQueryException: Query failed with error code 11600 and error message 'interrupted at shutdown' on server 10.0.3.220:27017
com.mongodb.MongoQueryException: Query failed with error code 11600 and error message 'interrupted at shutdown' on server 10.0.3.220:27017
com.mongodb.MongoQueryException: Query failed with error code 11600 and error message 'interrupted at shutdown' on server 10.0.3.220:27017
com.mongodb.MongoQueryException: Query failed with error code 11600 and error message 'interrupted at shutdown' on server 10.0.3.220:27017
com.mongodb.MongoQueryException: Query failed with error code 11600 and error message 'interrupted at shutdown' on server 10.0.3.220:27017
com.mongodb.MongoQueryException: Query failed with error code 11600 and error message 'interrupted at shutdown' on server 10.0.3.220:27017
com.mongodb.MongoQueryException: Query failed with error code 11600 and error message 'interrupted at shutdown' on server 10.0.3.220:27017
com.mongodb.MongoQueryException: Query failed with error code 11600 and error message 'interrupted at shutdown' on server 10.0.3.220:27017
com.mongodb.MongoQueryException: Query failed with error code 11600 and error message 'interrupted at shutdown' on server 10.0.3.220:27017
com.mongodb.MongoQueryException: Query failed with error code 11600 and error message 'interrupted at shutdown' on server 10.0.3.220:27017
com.mongodb.MongoQueryException: Query failed with error code 11600 and error message 'interrupted at shutdown' on server 10.0.3.220:27017
com.mongodb.MongoQueryException: Query failed with error code 11600 and error message 'interrupted at shutdown' on server 10.0.3.220:27017
com.mongodb.MongoQueryException: Query failed with error code 11600 and error message 'interrupted at shutdown' on server 10.0.3.220:27017
com.mongodb.MongoQueryException: Query failed with error code 11600 and error message 'interrupted at shutdown' on server 10.0.3.220:27017
com.mongodb.MongoQueryException: Query failed with error code 11600 and error message 'interrupted at shutdown' on server 10.0.3.220:27017
com.mongodb.MongoQueryException: Query failed with error code 11600 and error message 'interrupted at shutdown' on server 10.0.3.220:27017
com.mongodb.MongoQueryException: Query failed with error code 11600 and error message 'interrupted at shutdown' on server 10.0.3.220:27017
com.mongodb.MongoQueryException: Query failed with error code 11600 and error message 'interrupted at shutdown' on server 10.0.3.220:27017
com.mongodb.MongoQueryException: Query failed with error code 11600 and error message 'interrupted at shutdown' on server 10.0.3.220:27017
com.mongodb.MongoQueryException: Query failed with error code 11600 and error message 'interrupted at shutdown' on server 10.0.3.220:27017
com.mongodb.MongoQueryException: Query failed with error code 11600 and error message 'interrupted at shutdown' on server 10.0.3.220:27017
com.mongodb.MongoQueryException: Query failed with error code 11600 and error message 'interrupted at shutdown' on server 10.0.3.220:27017
com.mongodb.MongoQueryException: Query failed with error code 11600 and error message 'interrupted at shutdown' on server 10.0.3.220:27017
com.mongodb.MongoQueryException: Query failed with error code 11600 and error message 'interrupted at shutdown' on server 10.0.3.220:27017
com.mongodb.MongoQueryException: Query failed with error code 11600 and error message 'interrupted at shutdown' on server 10.0.3.220:27017
com.mongodb.MongoQueryException: Query failed with error code 11600 and error message 'interrupted at shutdown' on server 10.0.3.220:27017
com.mongodb.MongoQueryException: Query failed with error code 11600 and error message 'interrupted at shutdown' on server 10.0.3.220:27017
com.mongodb.MongoQueryException: Query failed with error code 11600 and error message 'interrupted at shutdown' on server 10.0.3.220:27017
com.mongodb.MongoQueryException: Query failed with error code 11600 and error message 'interrupted at shutdown' on server 10.0.3.220:27017
com.mongodb.MongoQueryException: Query failed with error code 11600 and error message 'interrupted at shutdown' on server 10.0.3.220:27017
com.mongodb.MongoQueryException: Query failed with error code 11600 and error message 'interrupted at shutdown' on server 10.0.3.220:27017
com.mongodb.MongoQueryException: Query failed with error code 11600 and error message 'interrupted at shutdown' on server 10.0.3.220:27017
com.mongodb.MongoQueryException: Query failed with error code 11600 and error message 'interrupted at shutdown' on server 10.0.3.220:27017
com.mongodb.MongoQueryException: Query failed with error code 11600 and error message 'interrupted at shutdown' on server 10.0.3.220:27017
com.mongodb.MongoQueryException: Query failed with error code 11600 and error message 'interrupted at shutdown' on server 10.0.3.220:27017
com.mongodb.MongoQueryException: Query failed with error code 11600 and error message 'interrupted at shutdown' on server 10.0.3.220:27017
com.mongodb.MongoQueryException: Query failed with error code 11600 and error message 'interrupted at shutdown' on server 10.0.3.220:27017
com.mongodb.MongoQueryException: Query failed with error code 11600 and error message 'interrupted at shutdown' on server 10.0.3.220:27017
com.mongodb.MongoQueryException: Query failed with error code 11600 and error message 'interrupted at shutdown' on server 10.0.3.220:27017
com.mongodb.MongoQueryException: Query failed with error code 11600 and error message 'interrupted at shutdown' on server 10.0.3.220:27017
com.mongodb.MongoQueryException: Query failed with error code 11600 and error message 'interrupted at shutdown' on server 10.0.3.220:27017
com.mongodb.MongoQueryException: Query failed with error code 11600 and error message 'interrupted at shutdown' on server 10.0.3.220:27017
com.mongodb.MongoQueryException: Query failed with error code 11600 and error message 'interrupted at shutdown' on server 10.0.3.220:27017
com.mongodb.MongoQueryException: Query failed with error code 11600 and error message 'interrupted at shutdown' on server 10.0.3.220:27017
com.mongodb.MongoQueryException: Query failed with error code 11600 and error message 'interrupted at shutdown' on server 10.0.3.220:27017
com.mongodb.MongoQueryException: Query failed with error code 11600 and error message 'interrupted at shutdown' on server 10.0.3.220:27017
com.mongodb.MongoQueryException: Query failed with error code 11600 and error message 'interrupted at shutdown' on server 10.0.3.220:27017
com.mongodb.MongoQueryException: Query failed with error code 11600 and error message 'interrupted at shutdown' on server 10.0.3.220:27017
com.mongodb.MongoQueryException: Query failed with error code 11600 and error message 'interrupted at shutdown' on server 10.0.3.220:27017
com.mongodb.MongoQueryException: Query failed with error code 11600 and error message 'interrupted at shutdown' on server 10.0.3.220:27017
com.mongodb.MongoQueryException: Query failed with error code 11600 and error message 'interrupted at shutdown' on server 10.0.3.220:27017
com.mongodb.MongoQueryException: Query failed with error code 11600 and error message 'interrupted at shutdown' on server 10.0.3.220:27017
com.mongodb.MongoQueryException: Query failed with error code 11600 and error message 'interrupted at shutdown' on server 10.0.3.220:27017
com.mongodb.MongoQueryException: Query failed with error code 11600 and error message 'interrupted at shutdown' on server 10.0.3.220:27017
com.mongodb.MongoQueryException: Query failed with error code 11600 and error message 'interrupted at shutdown' on server 10.0.3.220:27017
com.mongodb.MongoQueryException: Query failed with error code 11600 and error message 'interrupted at shutdown' on server 10.0.3.220:27017
com.mongodb.MongoQueryException: Query failed with error code 11600 and error message 'interrupted at shutdown' on server 10.0.3.220:27017
com.mongodb.MongoQueryException: Query failed with error code 11600 and error message 'interrupted at shutdown' on server 10.0.3.220:27017
com.mongodb.MongoQueryException: Query failed with error code 11600 and error message 'interrupted at shutdown' on server 10.0.3.220:27017
com.mongodb.MongoQueryException: Query failed with error code 11600 and error message 'interrupted at shutdown' on server 10.0.3.220:27017
com.mongodb.MongoQueryException: Query failed with error code 11600 and error message 'interrupted at shutdown' on server 10.0.3.220:27017
com.mongodb.MongoQueryException: Query failed with error code 11600 and error message 'interrupted at shutdown' on server 10.0.3.220:27017
com.mongodb.MongoQueryException: Query failed with error code 11600 and error message 'interrupted at shutdown' on server 10.0.3.220:27017
com.mongodb.MongoQueryException: Query failed with error code 11600 and error message 'interrupted at shutdown' on server 10.0.3.220:27017
com.mongodb.MongoQueryException: Query failed with error code 11600 and error message 'interrupted at shutdown' on server 10.0.3.220:27017
com.mongodb.MongoQueryException: Query failed with error code 11600 and error message 'interrupted at shutdown' on server 10.0.3.220:27017
com.mongodb.MongoQueryException: Query failed with error code 11600 and error message 'interrupted at shutdown' on server 10.0.3.220:27017
com.mongodb.MongoQueryException: Query failed with error code 11600 and error message 'interrupted at shutdown' on server 10.0.3.220:27017
com.mongodb.MongoQueryException: Query failed with error code 11600 and error message 'interrupted at shutdown' on server 10.0.3.220:27017
com.mongodb.MongoQueryException: Query failed with error code 11600 and error message 'interrupted at shutdown' on server 10.0.3.220:27017
com.mongodb.MongoQueryException: Query failed with error code 11600 and error message 'interrupted at shutdown' on server 10.0.3.220:27017
com.mongodb.MongoQueryException: Query failed with error code 11600 and error message 'interrupted at shutdown' on server 10.0.3.220:27017
com.mongodb.MongoQueryException: Query failed with error code 11600 and error message 'interrupted at shutdown' on server 10.0.3.220:27017
com.mongodb.MongoQueryException: Query failed with error code 11600 and error message 'interrupted at shutdown' on server 10.0.3.220:27017
com.mongodb.MongoQueryException: Query failed with error code 11600 and error message 'interrupted at shutdown' on server 10.0.3.220:27017
com.mongodb.MongoQueryException: Query failed with error code 11600 and error message 'interrupted at shutdown' on server 10.0.3.220:27017
com.mongodb.MongoQueryException: Query failed with error code 11600 and error message 'interrupted at shutdown' on server 10.0.3.220:27017
com.mongodb.MongoQueryException: Query failed with error code 11600 and error message 'interrupted at shutdown' on server 10.0.3.220:27017
com.mongodb.MongoQueryException: Query failed with error code 11600 and error message 'interrupted at shutdown' on server 10.0.3.220:27017
com.mongodb.MongoQueryException: Query failed with error code 11600 and error message 'interrupted at shutdown' on server 10.0.3.220:27017
com.mongodb.MongoQueryException: Query failed with error code 11600 and error message 'interrupted at shutdown' on server 10.0.3.220:27017
com.mongodb.MongoQueryException: Query failed with error code 11600 and error message 'interrupted at shutdown' on server 10.0.3.220:27017
com.mongodb.MongoQueryException: Query failed with error code 11600 and error message 'interrupted at shutdown' on server 10.0.3.220:27017
com.mongodb.MongoQueryException: Query failed with error code 11600 and error message 'interrupted at shutdown' on server 10.0.3.220:27017
com.mongodb.MongoQueryException: Query failed with error code 11600 and error message 'interrupted at shutdown' on server 10.0.3.220:27017
com.mongodb.MongoQueryException: Query failed with error code 11600 and error message 'interrupted at shutdown' on server 10.0.3.220:27017
com.mongodb.MongoQueryException: Query failed with error code 11600 and error message 'interrupted at shutdown' on server 10.0.3.220:27017
com.mongodb.MongoQueryException: Query failed with error code 11600 and error message 'interrupted at shutdown' on server 10.0.3.220:27017
com.mongodb.MongoQueryException: Query failed with error code 11600 and error message 'interrupted at shutdown' on server 10.0.3.220:27017
com.mongodb.MongoQueryException: Query failed with error code 11600 and error message 'interrupted at shutdown' on server 10.0.3.220:27017
com.mongodb.MongoQueryException: Query failed with error code 11600 and error message 'interrupted at shutdown' on server 10.0.3.220:27017
13:27:22.981 [Thread-3] WARN  org.mongodb.driver.connection - Got socket exception on connection [connectionId{localValue:2, serverValue:4}] to 10.0.3.220:27017. All connections to 10.0.3.220:27017 will be closed.
13:27:22.981 [Thread-3] WARN  org.mongodb.driver.connection - Got socket exception on connection [connectionId{localValue:2, serverValue:4}] to 10.0.3.220:27017. All connections to 10.0.3.220:27017 will be closed.
13:27:22.983 [Thread-4] WARN  org.mongodb.driver.connection - Got socket exception on connection [connectionId{localValue:3, serverValue:5}] to 10.0.3.220:27017. All connections to 10.0.3.220:27017 will be closed.
13:27:22.983 [Thread-4] WARN  org.mongodb.driver.connection - Got socket exception on connection [connectionId{localValue:3, serverValue:5}] to 10.0.3.220:27017. All connections to 10.0.3.220:27017 will be closed.
com.mongodb.MongoSocketReadException: Prematurely reached end of stream
com.mongodb.MongoSocketReadException: Prematurely reached end of stream
