========== START: Container 1 Memory STATS ==============
cache 104095744
rss 393961472
rss_huge 0
mapped_file 37576704
writeback 0
pgpgin 220063
pgpgout 98467
pgfault 274330
pgmajfault 499
inactive_anon 45056
active_anon 393986048
inactive_file 87961600
active_file 16060416
unevictable 4096
hierarchical_memory_limit 1073741824
total_cache 104095744
total_rss 393961472
total_rss_huge 0
total_mapped_file 37576704
total_writeback 0
total_pgpgin 220063
total_pgpgout 98467
total_pgfault 274330
total_pgmajfault 499
total_inactive_anon 45056
total_active_anon 393986048
total_inactive_file 87961600
total_active_file 16060416
total_unevictable 4096
======== END Container STATS ======
java -cp /home/ubuntu/ycsb_mongo/mongodb-binding/conf:/home/ubuntu/ycsb_mongo/conf:/home/ubuntu/ycsb_mongo/lib/jackson-mapper-asl-1.9.4.jar:/home/ubuntu/ycsb_mongo/lib/jackson-core-asl-1.9.4.jar:/home/ubuntu/ycsb_mongo/lib/htrace-core4-4.1.0-incubating.jar:/home/ubuntu/ycsb_mongo/lib/core-0.12.0.jar:/home/ubuntu/ycsb_mongo/lib/HdrHistogram-2.1.4.jar:/home/ubuntu/ycsb_mongo/mongodb-binding/lib/mongo-java-driver-3.0.3.jar:/home/ubuntu/ycsb_mongo/mongodb-binding/lib/logback-core-1.1.2.jar:/home/ubuntu/ycsb_mongo/mongodb-binding/lib/mongodb-binding-0.12.0.jar:/home/ubuntu/ycsb_mongo/mongodb-binding/lib/logback-classic-1.1.2.jar:/home/ubuntu/ycsb_mongo/mongodb-binding/lib/mongodb-async-driver-2.0.1.jar:/home/ubuntu/ycsb_mongo/mongodb-binding/lib/slf4j-api-1.6.4.jar com.yahoo.ycsb.Client -db com.yahoo.ycsb.db.MongoDbClient -s -P /home/ubuntu/ycsb_mongo/workloads/workload1 -p mongodb.url=mongodb://10.0.3.220:27017/ycsb?w=0 -p maxexecutiontime=600 -threads 2 -t
YCSB Client 0.12.0
Command line: -db com.yahoo.ycsb.db.MongoDbClient -s -P /home/ubuntu/ycsb_mongo/workloads/workload1 -p mongodb.url=mongodb://10.0.3.220:27017/ycsb?w=0 -p maxexecutiontime=600 -threads 2 -t
Loading workload...
Starting test.
Maximum execution time specified as: 600 secs
2017-05-21 12:05:21:078 0 sec: 0 operations; est completion in 0 seconds 
mongo client connection created with mongodb://10.0.3.220:27017/ycsb?w=0
DBWrapper: report latency for each error is false and specific error codes to track for latency are: []
DBWrapper: report latency for each error is false and specific error codes to track for latency are: []
2017-05-21 12:05:31:061 10 sec: 984 operations; 98.4 current ops/sec; est completion in 1 days 4 hours [READ: Count=984, Max=104575, Min=361, Avg=19757.87, 90=35999, 99=64671, 99.9=88767, 99.99=104575] 
2017-05-21 12:05:41:061 20 sec: 2199 operations; 121.5 current ops/sec; est completion in 1 days 1 hours [READ: Count=1215, Max=92927, Min=273, Avg=16433.07, 90=29599, 99=53343, 99.9=90687, 99.99=92927] 
2017-05-21 12:05:51:061 30 sec: 3623 operations; 142.4 current ops/sec; est completion in 22 hours 59 minutes [READ: Count=1424, Max=105151, Min=228, Avg=14031.22, 90=27215, 99=53183, 99.9=88191, 99.99=105151] 
2017-05-21 12:06:01:061 40 sec: 5158 operations; 153.5 current ops/sec; est completion in 21 hours 31 minutes [READ: Count=1535, Max=51807, Min=171, Avg=13003.27, 90=24191, 99=38719, 99.9=49119, 99.99=51807] 
2017-05-21 12:06:11:061 50 sec: 6704 operations; 154.6 current ops/sec; est completion in 20 hours 42 minutes [READ: Count=1546, Max=77375, Min=174, Avg=12927.88, 90=25519, 99=48479, 99.9=62143, 99.99=77375] 
2017-05-21 12:06:21:061 60 sec: 8282 operations; 157.8 current ops/sec; est completion in 20 hours 6 minutes [READ: Count=1580, Max=58559, Min=171, Avg=12659.83, 90=22959, 99=44447, 99.9=52735, 99.99=58559] 
2017-05-21 12:06:31:061 70 sec: 9824 operations; 154.2 current ops/sec; est completion in 19 hours 46 minutes [READ: Count=1540, Max=61791, Min=168, Avg=12964.07, 90=26127, 99=43967, 99.9=52639, 99.99=61791] 
2017-05-21 12:06:41:061 80 sec: 11373 operations; 154.9 current ops/sec; est completion in 19 hours 31 minutes [READ: Count=1549, Max=64927, Min=105, Avg=12905.58, 90=25391, 99=47231, 99.9=52575, 99.99=64927] 
2017-05-21 12:06:51:061 90 sec: 12994 operations; 162.1 current ops/sec; est completion in 19 hours 12 minutes [READ: Count=1621, Max=54847, Min=97, Avg=12335.19, 90=25167, 99=46303, 99.9=53823, 99.99=54847] 
2017-05-21 12:07:01:061 100 sec: 14579 operations; 158.5 current ops/sec; est completion in 19 hours 1 minutes [READ: Count=1585, Max=64575, Min=95, Avg=12611.41, 90=24543, 99=46815, 99.9=61823, 99.99=64575] 
2017-05-21 12:07:11:061 110 sec: 16176 operations; 159.7 current ops/sec; est completion in 18 hours 51 minutes [READ: Count=1597, Max=69439, Min=97, Avg=12511.56, 90=24879, 99=45727, 99.9=60607, 99.99=69439] 
2017-05-21 12:07:21:061 120 sec: 17809 operations; 163.3 current ops/sec; est completion in 18 hours 41 minutes [READ: Count=1633, Max=85439, Min=95, Avg=12246.9, 90=24463, 99=48575, 99.9=61535, 99.99=85439] 
2017-05-21 12:07:31:061 130 sec: 19509 operations; 170 current ops/sec; est completion in 18 hours 28 minutes [READ: Count=1700, Max=63871, Min=95, Avg=11766, 90=22447, 99=42303, 99.9=60799, 99.99=63871] 
2017-05-21 12:07:41:061 140 sec: 21133 operations; 162.4 current ops/sec; est completion in 18 hours 21 minutes [READ: Count=1624, Max=61215, Min=83, Avg=12314.86, 90=25487, 99=48735, 99.9=55487, 99.99=61215] 
2017-05-21 12:07:51:061 150 sec: 22810 operations; 167.7 current ops/sec; est completion in 18 hours 13 minutes [READ: Count=1677, Max=81471, Min=91, Avg=11912.94, 90=24975, 99=44703, 99.9=57535, 99.99=81471] 
2017-05-21 12:08:01:061 160 sec: 24535 operations; 172.5 current ops/sec; est completion in 18 hours 4 minutes [READ: Count=1725, Max=57663, Min=92, Avg=11603.25, 90=23007, 99=45951, 99.9=55711, 99.99=57663] 
2017-05-21 12:08:11:061 170 sec: 26334 operations; 179.9 current ops/sec; est completion in 17 hours 53 minutes [READ: Count=1799, Max=63263, Min=91, Avg=11109.08, 90=22255, 99=43871, 99.9=59775, 99.99=63263] 
2017-05-21 12:08:21:061 180 sec: 28172 operations; 183.8 current ops/sec; est completion in 17 hours 41 minutes [READ: Count=1838, Max=76159, Min=93, Avg=10874.29, 90=22287, 99=46751, 99.9=72511, 99.99=76159] 
2017-05-21 12:08:31:061 190 sec: 29877 operations; 170.5 current ops/sec; est completion in 17 hours 36 minutes [READ: Count=1705, Max=303871, Min=82, Avg=11713.02, 90=24719, 99=52671, 99.9=88575, 99.99=303871] 
2017-05-21 12:08:41:061 200 sec: 31639 operations; 176.2 current ops/sec; est completion in 17 hours 30 minutes [READ: Count=1762, Max=168063, Min=91, Avg=11353.37, 90=25135, 99=52575, 99.9=102271, 99.99=168063] 
2017-05-21 12:08:51:061 210 sec: 33235 operations; 159.6 current ops/sec; est completion in 17 hours 29 minutes [READ: Count=1596, Max=774143, Min=92, Avg=12535.77, 90=26383, 99=53311, 99.9=131199, 99.99=774143] 
2017-05-21 12:09:01:061 220 sec: 34797 operations; 156.2 current ops/sec; est completion in 17 hours 30 minutes [READ: Count=1562, Max=224127, Min=94, Avg=12791, 90=27455, 99=64799, 99.9=150655, 99.99=224127] 
2017-05-21 12:09:11:061 230 sec: 36369 operations; 157.2 current ops/sec; est completion in 17 hours 30 minutes [READ: Count=1572, Max=180095, Min=91, Avg=12719.94, 90=28287, 99=67967, 99.9=90239, 99.99=180095] 
2017-05-21 12:09:21:061 240 sec: 37884 operations; 151.5 current ops/sec; est completion in 17 hours 31 minutes [READ: Count=1515, Max=249855, Min=83, Avg=13202.09, 90=30287, 99=64735, 99.9=156415, 99.99=249855] 
2017-05-21 12:09:31:061 250 sec: 39385 operations; 150.1 current ops/sec; est completion in 17 hours 33 minutes [READ: Count=1501, Max=188159, Min=93, Avg=13323.19, 90=29391, 99=68479, 99.9=110335, 99.99=188159] 
2017-05-21 12:09:41:061 260 sec: 40874 operations; 148.9 current ops/sec; est completion in 17 hours 35 minutes [READ: Count=1489, Max=702975, Min=91, Avg=13427.06, 90=28815, 99=63135, 99.9=684543, 99.99=702975] 
2017-05-21 12:09:51:061 270 sec: 42426 operations; 155.2 current ops/sec; est completion in 17 hours 36 minutes [READ: Count=1552, Max=173567, Min=91, Avg=12882.01, 90=29695, 99=60895, 99.9=99839, 99.99=173567] 
2017-05-21 12:10:01:061 280 sec: 43913 operations; 148.7 current ops/sec; est completion in 17 hours 38 minutes [READ: Count=1487, Max=196863, Min=88, Avg=13460.62, 90=29759, 99=66047, 99.9=196863, 99.99=196863] 
2017-05-21 12:10:11:061 290 sec: 45430 operations; 151.7 current ops/sec; est completion in 17 hours 39 minutes [READ: Count=1517, Max=407551, Min=92, Avg=13163.31, 90=28767, 99=64511, 99.9=179839, 99.99=407551] 
2017-05-21 12:10:21:061 300 sec: 46903 operations; 147.3 current ops/sec; est completion in 17 hours 41 minutes [READ: Count=1473, Max=648191, Min=92, Avg=13584.95, 90=28447, 99=68351, 99.9=521471, 99.99=648191] 
2017-05-21 12:10:31:061 310 sec: 48476 operations; 157.3 current ops/sec; est completion in 17 hours 40 minutes [READ: Count=1573, Max=130559, Min=90, Avg=12708.37, 90=27839, 99=57919, 99.9=97663, 99.99=130559] 
2017-05-21 12:10:41:061 320 sec: 50016 operations; 154 current ops/sec; est completion in 17 hours 41 minutes [READ: Count=1540, Max=220927, Min=91, Avg=12988.99, 90=27631, 99=67071, 99.9=127807, 99.99=220927] 
2017-05-21 12:10:51:061 330 sec: 51544 operations; 152.8 current ops/sec; est completion in 17 hours 41 minutes [READ: Count=1528, Max=673791, Min=90, Avg=13092.89, 90=26655, 99=65119, 99.9=167423, 99.99=673791] 
2017-05-21 12:11:01:061 340 sec: 53153 operations; 160.9 current ops/sec; est completion in 17 hours 40 minutes [READ: Count=1609, Max=96063, Min=92, Avg=12404.19, 90=27103, 99=54047, 99.9=78847, 99.99=96063] 
2017-05-21 12:11:11:061 350 sec: 54731 operations; 157.8 current ops/sec; est completion in 17 hours 40 minutes [READ: Count=1578, Max=198655, Min=91, Avg=12674.99, 90=27023, 99=64255, 99.9=98751, 99.99=198655] 
2017-05-21 12:11:21:061 360 sec: 56194 operations; 146.3 current ops/sec; est completion in 17 hours 41 minutes [READ: Count=1463, Max=616447, Min=83, Avg=13682.67, 90=28351, 99=64511, 99.9=587263, 99.99=616447] 
2017-05-21 12:11:31:061 370 sec: 57764 operations; 157 current ops/sec; est completion in 17 hours 41 minutes [READ: Count=1570, Max=97151, Min=91, Avg=12593.76, 90=27391, 99=65343, 99.9=86783, 99.99=97151] 
2017-05-21 12:11:41:061 380 sec: 59184 operations; 142 current ops/sec; est completion in 17 hours 43 minutes [READ: Count=1420, Max=483839, Min=92, Avg=14227.15, 90=28271, 99=67647, 99.9=466431, 99.99=483839] 
2017-05-21 12:11:51:061 390 sec: 60774 operations; 159 current ops/sec; est completion in 17 hours 43 minutes [READ: Count=1590, Max=163967, Min=91, Avg=12576.43, 90=27023, 99=52639, 99.9=65983, 99.99=163967] 
2017-05-21 12:12:01:061 400 sec: 62223 operations; 144.9 current ops/sec; est completion in 17 hours 44 minutes [READ: Count=1449, Max=694271, Min=92, Avg=13813.95, 90=28671, 99=54015, 99.9=664575, 99.99=694271] 
2017-05-21 12:12:11:061 410 sec: 63771 operations; 154.8 current ops/sec; est completion in 17 hours 44 minutes [READ: Count=1548, Max=151807, Min=77, Avg=12893.51, 90=28175, 99=62367, 99.9=82175, 99.99=151807] 
2017-05-21 12:12:21:061 420 sec: 65285 operations; 151.4 current ops/sec; est completion in 17 hours 45 minutes [READ: Count=1514, Max=740351, Min=90, Avg=13232.03, 90=26799, 99=56607, 99.9=72511, 99.99=740351] 
2017-05-21 12:12:31:061 430 sec: 66796 operations; 151.1 current ops/sec; est completion in 17 hours 45 minutes [READ: Count=1511, Max=142719, Min=89, Avg=13228.84, 90=28159, 99=60031, 99.9=73279, 99.99=142719] 
2017-05-21 12:12:41:061 440 sec: 68361 operations; 156.5 current ops/sec; est completion in 17 hours 45 minutes [READ: Count=1565, Max=183423, Min=90, Avg=12772.92, 90=27103, 99=61439, 99.9=125311, 99.99=183423] 
2017-05-21 12:12:51:061 450 sec: 69897 operations; 153.6 current ops/sec; est completion in 17 hours 45 minutes [READ: Count=1536, Max=330751, Min=90, Avg=13017.54, 90=26959, 99=59103, 99.9=150527, 99.99=330751] 
2017-05-21 12:13:01:061 460 sec: 71381 operations; 148.4 current ops/sec; est completion in 17 hours 46 minutes [READ: Count=1484, Max=169983, Min=90, Avg=13486.64, 90=28143, 99=57247, 99.9=165119, 99.99=169983] 
2017-05-21 12:13:11:061 470 sec: 72852 operations; 147.1 current ops/sec; est completion in 17 hours 47 minutes [READ: Count=1471, Max=205439, Min=79, Avg=13582.62, 90=28335, 99=58783, 99.9=190207, 99.99=205439] 
2017-05-21 12:13:21:061 480 sec: 74343 operations; 149.1 current ops/sec; est completion in 17 hours 48 minutes [READ: Count=1491, Max=199807, Min=91, Avg=13414.92, 90=28511, 99=66495, 99.9=163455, 99.99=199807] 
2017-05-21 12:13:31:061 490 sec: 75779 operations; 143.6 current ops/sec; est completion in 17 hours 49 minutes [READ: Count=1436, Max=279295, Min=92, Avg=13919.11, 90=28271, 99=57663, 99.9=270335, 99.99=279295] 
2017-05-21 12:13:41:061 500 sec: 77216 operations; 143.7 current ops/sec; est completion in 17 hours 50 minutes [READ: Count=1437, Max=187263, Min=92, Avg=13915.5, 90=28351, 99=62047, 99.9=177151, 99.99=187263] 
2017-05-21 12:13:51:061 510 sec: 78574 operations; 135.8 current ops/sec; est completion in 17 hours 53 minutes [READ: Count=1358, Max=478207, Min=85, Avg=14730.42, 90=29103, 99=63295, 99.9=370431, 99.99=478207] 
2017-05-21 12:14:01:061 520 sec: 80038 operations; 146.4 current ops/sec; est completion in 17 hours 54 minutes [READ: Count=1464, Max=156159, Min=91, Avg=13649.33, 90=28863, 99=59295, 99.9=95999, 99.99=156159] 
2017-05-21 12:14:11:061 530 sec: 81440 operations; 140.2 current ops/sec; est completion in 17 hours 55 minutes [READ: Count=1402, Max=249983, Min=82, Avg=14262.82, 90=29823, 99=58015, 99.9=239615, 99.99=249983] 
2017-05-21 12:14:21:061 540 sec: 82794 operations; 135.4 current ops/sec; est completion in 17 hours 58 minutes [READ: Count=1354, Max=126463, Min=91, Avg=14778.41, 90=30719, 99=61535, 99.9=95231, 99.99=126463] 
2017-05-21 12:14:31:061 550 sec: 83662 operations; 86.8 current ops/sec; est completion in 18 hours 6 minutes [READ: Count=868, Max=1309695, Min=91, Avg=23022.81, 90=38815, 99=245631, 99.9=646143, 99.99=1309695] 
2017-05-21 12:14:41:061 560 sec: 84313 operations; 65.1 current ops/sec; est completion in 18 hours 17 minutes [READ: Count=651, Max=790015, Min=93, Avg=30754.75, 90=69311, 99=184959, 99.9=611839, 99.99=790015] 
2017-05-21 12:14:51:061 570 sec: 85065 operations; 75.2 current ops/sec; est completion in 18 hours 27 minutes [READ: Count=752, Max=619519, Min=90, Avg=26441.51, 90=59679, 99=105599, 99.9=297215, 99.99=619519] 
2017-05-21 12:15:01:061 580 sec: 85906 operations; 84.1 current ops/sec; est completion in 18 hours 35 minutes [READ: Count=841, Max=397311, Min=81, Avg=23872.03, 90=51327, 99=172031, 99.9=255359, 99.99=397311] 
2017-05-21 12:15:11:061 590 sec: 86822 operations; 91.6 current ops/sec; est completion in 18 hours 42 minutes [READ: Count=916, Max=252415, Min=92, Avg=21829.99, 90=46239, 99=109951, 99.9=195839, 99.99=252415] 
Maximum time elapsed. Requesting stop for the workload.
Stop requested for workload. Now Joining!
2017-05-21 12:15:21:061 600 sec: 87691 operations; 86.9 current ops/sec; est completion in 18 hours 50 minutes [READ: Count=869, Max=220415, Min=92, Avg=22915.52, 90=52959, 99=109183, 99.9=213887, 99.99=220415] 
2017-05-21 12:15:21:112 600 sec: 87693 operations; 39.22 current ops/sec; est completion in 18 hours 50 minutes [CLEANUP: Count=2, Max=1073, Min=3, Avg=538, 90=1073, 99=1073, 99.9=1073, 99.99=1073] [READ: Count=2, Max=139263, Min=47520, Avg=93368, 90=139263, 99=139263, 99.9=139263, 99.99=139263] 
[OVERALL], RunTime(ms), 600053.0
[OVERALL], Throughput(ops/sec), 146.14209078198093
[TOTAL_GCS_PS_Scavenge], Count, 147.0
[TOTAL_GC_TIME_PS_Scavenge], Time(ms), 252.0
[TOTAL_GC_TIME_%_PS_Scavenge], Time(%), 0.041996290327687716
[TOTAL_GCS_PS_MarkSweep], Count, 0.0
[TOTAL_GC_TIME_PS_MarkSweep], Time(ms), 0.0
[TOTAL_GC_TIME_%_PS_MarkSweep], Time(%), 0.0
[TOTAL_GCs], Count, 147.0
[TOTAL_GC_TIME], Time(ms), 252.0
[TOTAL_GC_TIME_%], Time(%), 0.041996290327687716
[CLEANUP], Operations, 2.0
[CLEANUP], AverageLatency(us), 538.0
[CLEANUP], MinLatency(us), 3.0
[CLEANUP], MaxLatency(us), 1073.0
[CLEANUP], 95thPercentileLatency(us), 1073.0
[CLEANUP], 99thPercentileLatency(us), 1073.0
[READ], Operations, 87693.0
[READ], AverageLatency(us), 13674.160115402598
[READ], MinLatency(us), 77.0
[READ], MaxLatency(us), 1309695.0
[READ], 95thPercentileLatency(us), 37407.0
[READ], 99thPercentileLatency(us), 62783.0
[READ], Return=OK, 87693
========== STOP: Container 1 Memory STATS ==============
cache 6762496
rss 1066811392
rss_huge 0
mapped_file 3239936
writeback 0
pgpgin 1164865
pgpgout 902762
pgfault 751481
pgmajfault 26663
inactive_anon 534142976
active_anon 532664320
inactive_file 3420160
active_file 3305472
unevictable 4096
hierarchical_memory_limit 1073741824
total_cache 6762496
total_rss 1066811392
total_rss_huge 0
total_mapped_file 3239936
total_writeback 0
total_pgpgin 1164865
total_pgpgout 902762
total_pgfault 751481
total_pgmajfault 26663
total_inactive_anon 534142976
total_active_anon 532664320
total_inactive_file 3420160
total_active_file 3305472
total_unevictable 4096
======== END Container STATS ======
