========== START: Container mongo Memory STATS ==============
cache 62840832
rss 37945344
rss_huge 0
mapped_file 36917248
writeback 0
pgpgin 120825
pgpgout 96219
pgfault 183944
pgmajfault 488
inactive_anon 53248
active_anon 37969920
inactive_file 47767552
active_file 14991360
unevictable 4096
hierarchical_memory_limit 9223372036854771712
total_cache 62840832
total_rss 37945344
total_rss_huge 0
total_mapped_file 36917248
total_writeback 0
total_pgpgin 120825
total_pgpgout 96219
total_pgfault 183944
total_pgmajfault 488
total_inactive_anon 53248
total_active_anon 37969920
total_inactive_file 47767552
total_active_file 14991360
total_unevictable 4096
======== END Container STATS ======
java -cp /home/ubuntu/ycsb_mongo/mongodb-binding/conf:/home/ubuntu/ycsb_mongo/conf:/home/ubuntu/ycsb_mongo/lib/jackson-mapper-asl-1.9.4.jar:/home/ubuntu/ycsb_mongo/lib/jackson-core-asl-1.9.4.jar:/home/ubuntu/ycsb_mongo/lib/htrace-core4-4.1.0-incubating.jar:/home/ubuntu/ycsb_mongo/lib/core-0.12.0.jar:/home/ubuntu/ycsb_mongo/lib/HdrHistogram-2.1.4.jar:/home/ubuntu/ycsb_mongo/mongodb-binding/lib/mongo-java-driver-3.0.3.jar:/home/ubuntu/ycsb_mongo/mongodb-binding/lib/logback-core-1.1.2.jar:/home/ubuntu/ycsb_mongo/mongodb-binding/lib/mongodb-binding-0.12.0.jar:/home/ubuntu/ycsb_mongo/mongodb-binding/lib/logback-classic-1.1.2.jar:/home/ubuntu/ycsb_mongo/mongodb-binding/lib/mongodb-async-driver-2.0.1.jar:/home/ubuntu/ycsb_mongo/mongodb-binding/lib/slf4j-api-1.6.4.jar com.yahoo.ycsb.Client -db com.yahoo.ycsb.db.MongoDbClient -s -P /home/ubuntu/ycsb_mongo/workloads/workload1 -p mongodb.url=mongodb://10.0.3.220:27017/ycsb?w=0 -p maxexecutiontime=600 -load
YCSB Client 0.12.0
Command line: -db com.yahoo.ycsb.db.MongoDbClient -s -P /home/ubuntu/ycsb_mongo/workloads/workload1 -p mongodb.url=mongodb://10.0.3.220:27017/ycsb?w=0 -p maxexecutiontime=600 -load
Loading workload...
Starting test.
Maximum execution time specified as: 600 secs
2017-05-21 11:47:25:496 0 sec: 0 operations; est completion in 0 seconds 
mongo client connection created with mongodb://10.0.3.220:27017/ycsb?w=0
DBWrapper: report latency for each error is false and specific error codes to track for latency are: []
2017-05-21 11:47:35:125 10 sec: 3607 operations; 360.7 current ops/sec; est completion in 36 minutes [INSERT: Count=3607, Max=499455, Min=111, Avg=2414.15, 90=490, 99=2991, 99.9=395519, 99.99=499455] 
2017-05-21 11:47:45:125 20 sec: 71524 operations; 6791.7 current ops/sec; est completion in 3 minutes [INSERT: Count=67921, Max=330751, Min=32, Avg=141.91, 90=102, 99=134, 99.9=6331, 99.99=157055] 
2017-05-21 11:47:55:125 30 sec: 209561 operations; 13803.7 current ops/sec; est completion in 1 minutes [INSERT: Count=138038, Max=2547, Min=49, Avg=67.92, 90=98, 99=108, 99.9=136, 99.99=1235] 
2017-05-21 11:48:05:125 40 sec: 379329 operations; 16976.8 current ops/sec; est completion in 45 seconds [INSERT: Count=169768, Max=2671, Min=33, Avg=55, 90=59, 99=70, 99.9=102, 99.99=1211] 
2017-05-21 11:48:15:125 50 sec: 547930 operations; 16860.1 current ops/sec; est completion in 24 seconds [INSERT: Count=168600, Max=3445, Min=49, Avg=55.46, 90=60, 99=91, 99.9=110, 99.99=1301] 
2017-05-21 11:48:25:125 60 sec: 717432 operations; 16950.2 current ops/sec; est completion in 7 seconds [INSERT: Count=169502, Max=2899, Min=49, Avg=55.17, 90=59, 99=72, 99.9=113, 99.99=1285] 
Could not wait until max specified time, TerminatorThread interrupted.
2017-05-21 11:48:29:978 64 sec: 800000 operations; 17013.81 current ops/sec; [CLEANUP: Count=1, Max=984, Min=984, Avg=984, 90=984, 99=984, 99.9=984, 99.99=984] [INSERT: Count=82564, Max=2455, Min=49, Avg=54.86, 90=59, 99=71, 99.9=107, 99.99=1258] 
[OVERALL], RunTime(ms), 64854.0
[OVERALL], Throughput(ops/sec), 12335.39951275172
[TOTAL_GCS_PS_Scavenge], Count, 441.0
[TOTAL_GC_TIME_PS_Scavenge], Time(ms), 482.0
[TOTAL_GC_TIME_%_PS_Scavenge], Time(%), 0.743207820643291
[TOTAL_GCS_PS_MarkSweep], Count, 0.0
[TOTAL_GC_TIME_PS_MarkSweep], Time(ms), 0.0
[TOTAL_GC_TIME_%_PS_MarkSweep], Time(%), 0.0
[TOTAL_GCs], Count, 441.0
[TOTAL_GC_TIME], Time(ms), 482.0
[TOTAL_GC_TIME_%], Time(%), 0.743207820643291
[CLEANUP], Operations, 1.0
[CLEANUP], AverageLatency(us), 984.0
[CLEANUP], MinLatency(us), 984.0
[CLEANUP], MaxLatency(us), 984.0
[CLEANUP], 95thPercentileLatency(us), 984.0
[CLEANUP], 99thPercentileLatency(us), 984.0
[INSERT], Operations, 800000.0
[INSERT], AverageLatency(us), 75.36272375
[INSERT], MinLatency(us), 32.0
[INSERT], MaxLatency(us), 499455.0
[INSERT], 95thPercentileLatency(us), 96.0
[INSERT], 99thPercentileLatency(us), 108.0
[INSERT], Return=OK, 800000
========== STOP: Container mongo Memory STATS ==============
cache 103833600
rss 392167424
rss_huge 0
mapped_file 37576704
writeback 0
pgpgin 219195
pgpgout 98101
pgfault 273210
pgmajfault 500
inactive_anon 45056
active_anon 392192000
inactive_file 87969792
active_file 15790080
unevictable 4096
hierarchical_memory_limit 1073741824
total_cache 103833600
total_rss 392167424
total_rss_huge 0
total_mapped_file 37576704
total_writeback 0
total_pgpgin 219195
total_pgpgout 98101
total_pgfault 273210
total_pgmajfault 500
total_inactive_anon 45056
total_active_anon 392192000
total_inactive_file 87969792
total_active_file 15790080
total_unevictable 4096
======== END Container STATS ======
