========== START: Container 1 Memory STATS ==============
cache 160321536
rss 460873728
rss_huge 0
mapped_file 37576704
writeback 0
pgpgin 250371
pgpgout 98712
pgfault 290919
pgmajfault 499
inactive_anon 45056
active_anon 460898304
inactive_file 144384000
active_file 15863808
unevictable 4096
hierarchical_memory_limit 999997440
total_cache 160321536
total_rss 460873728
total_rss_huge 0
total_mapped_file 37576704
total_writeback 0
total_pgpgin 250371
total_pgpgout 98712
total_pgfault 290919
total_pgmajfault 499
total_inactive_anon 45056
total_active_anon 460898304
total_inactive_file 144384000
total_active_file 15863808
total_unevictable 4096
======== END Container STATS ======
java -cp /home/ubuntu/ycsb_mongo/mongodb-binding/conf:/home/ubuntu/ycsb_mongo/conf:/home/ubuntu/ycsb_mongo/lib/jackson-mapper-asl-1.9.4.jar:/home/ubuntu/ycsb_mongo/lib/jackson-core-asl-1.9.4.jar:/home/ubuntu/ycsb_mongo/lib/htrace-core4-4.1.0-incubating.jar:/home/ubuntu/ycsb_mongo/lib/core-0.12.0.jar:/home/ubuntu/ycsb_mongo/lib/HdrHistogram-2.1.4.jar:/home/ubuntu/ycsb_mongo/mongodb-binding/lib/mongo-java-driver-3.0.3.jar:/home/ubuntu/ycsb_mongo/mongodb-binding/lib/logback-core-1.1.2.jar:/home/ubuntu/ycsb_mongo/mongodb-binding/lib/mongodb-binding-0.12.0.jar:/home/ubuntu/ycsb_mongo/mongodb-binding/lib/logback-classic-1.1.2.jar:/home/ubuntu/ycsb_mongo/mongodb-binding/lib/mongodb-async-driver-2.0.1.jar:/home/ubuntu/ycsb_mongo/mongodb-binding/lib/slf4j-api-1.6.4.jar com.yahoo.ycsb.Client -db com.yahoo.ycsb.db.MongoDbClient -s -P /home/ubuntu/ycsb_mongo/workloads/workload1 -p mongodb.url=mongodb://10.0.3.220:27017/ycsb?w=0 -p maxexecutiontime=600 -threads 2 -t
YCSB Client 0.12.0
Command line: -db com.yahoo.ycsb.db.MongoDbClient -s -P /home/ubuntu/ycsb_mongo/workloads/workload1 -p mongodb.url=mongodb://10.0.3.220:27017/ycsb?w=0 -p maxexecutiontime=600 -threads 2 -t
Loading workload...
Starting test.
Maximum execution time specified as: 600 secs
2017-05-21 18:12:11:599 0 sec: 0 operations; est completion in 0 seconds 
mongo client connection created with mongodb://10.0.3.220:27017/ycsb?w=0
DBWrapper: report latency for each error is false and specific error codes to track for latency are: []
DBWrapper: report latency for each error is false and specific error codes to track for latency are: []
2017-05-21 18:12:21:579 10 sec: 899 operations; 89.9 current ops/sec; est completion in 1 days 6 hours [READ: Count=899, Max=105471, Min=357, Avg=21611.44, 90=38303, 99=70975, 99.9=98239, 99.99=105471] 
2017-05-21 18:12:31:579 20 sec: 2026 operations; 112.7 current ops/sec; est completion in 1 days 3 hours [READ: Count=1127, Max=89471, Min=300, Avg=17726.41, 90=32191, 99=61375, 99.9=88383, 99.99=89471] 
2017-05-21 18:12:41:579 30 sec: 3306 operations; 128 current ops/sec; est completion in 1 days 1 hours [READ: Count=1281, Max=96895, Min=244, Avg=15608.3, 90=29007, 99=53055, 99.9=91583, 99.99=96895] 
2017-05-21 18:12:51:579 40 sec: 4691 operations; 138.5 current ops/sec; est completion in 23 hours 40 minutes [READ: Count=1384, Max=54335, Min=211, Avg=14431.65, 90=27615, 99=44767, 99.9=53983, 99.99=54335] 
2017-05-21 18:13:01:579 50 sec: 6090 operations; 139.9 current ops/sec; est completion in 22 hours 47 minutes [READ: Count=1399, Max=58239, Min=189, Avg=14274.13, 90=27327, 99=46271, 99.9=54463, 99.99=58239] 
2017-05-21 18:13:11:579 60 sec: 7499 operations; 140.9 current ops/sec; est completion in 22 hours 12 minutes [READ: Count=1409, Max=70719, Min=175, Avg=14176.79, 90=27711, 99=48383, 99.9=65343, 99.99=70719] 
2017-05-21 18:13:21:579 70 sec: 8949 operations; 145 current ops/sec; est completion in 21 hours 42 minutes [READ: Count=1450, Max=62399, Min=173, Avg=13770.59, 90=26735, 99=45375, 99.9=59263, 99.99=62399] 
2017-05-21 18:13:31:579 80 sec: 10411 operations; 146.2 current ops/sec; est completion in 21 hours 19 minutes [READ: Count=1462, Max=64063, Min=129, Avg=13682.36, 90=26175, 99=44223, 99.9=57375, 99.99=64063] 
2017-05-21 18:13:41:579 90 sec: 11881 operations; 147 current ops/sec; est completion in 21 hours 1 minutes [READ: Count=1470, Max=68095, Min=106, Avg=13608.97, 90=26815, 99=46527, 99.9=64671, 99.99=68095] 
2017-05-21 18:13:51:579 100 sec: 13353 operations; 147.2 current ops/sec; est completion in 20 hours 46 minutes [READ: Count=1472, Max=59711, Min=101, Avg=13568.45, 90=25871, 99=43263, 99.9=55711, 99.99=59711] 
2017-05-21 18:14:01:579 110 sec: 14813 operations; 146 current ops/sec; est completion in 20 hours 35 minutes [READ: Count=1460, Max=101183, Min=98, Avg=13705.15, 90=27775, 99=50559, 99.9=67327, 99.99=101183] 
2017-05-21 18:14:11:579 120 sec: 16320 operations; 150.7 current ops/sec; est completion in 20 hours 23 minutes [READ: Count=1507, Max=61983, Min=97, Avg=13248.81, 90=26591, 99=48799, 99.9=58655, 99.99=61983] 
2017-05-21 18:14:21:579 130 sec: 17884 operations; 156.4 current ops/sec; est completion in 20 hours 9 minutes [READ: Count=1564, Max=62335, Min=94, Avg=12774.03, 90=26335, 99=44415, 99.9=58687, 99.99=62335] 
2017-05-21 18:14:31:579 140 sec: 19426 operations; 154.2 current ops/sec; est completion in 19 hours 58 minutes [READ: Count=1542, Max=64991, Min=97, Avg=12995.99, 90=26975, 99=48703, 99.9=61119, 99.99=64991] 
2017-05-21 18:14:41:579 150 sec: 20862 operations; 143.6 current ops/sec; est completion in 19 hours 55 minutes [READ: Count=1436, Max=218879, Min=97, Avg=13925.27, 90=28015, 99=54783, 99.9=215039, 99.99=218879] 
2017-05-21 18:14:51:579 160 sec: 22241 operations; 137.9 current ops/sec; est completion in 19 hours 56 minutes [READ: Count=1380, Max=90303, Min=94, Avg=14495.47, 90=29199, 99=64063, 99.9=82111, 99.99=90303] 
2017-05-21 18:15:01:579 170 sec: 23530 operations; 128.9 current ops/sec; est completion in 20 hours 1 minutes [READ: Count=1288, Max=153343, Min=93, Avg=15521.94, 90=32367, 99=77567, 99.9=142207, 99.99=153343] 
2017-05-21 18:15:11:579 180 sec: 24659 operations; 112.9 current ops/sec; est completion in 20 hours 13 minutes [READ: Count=1129, Max=315391, Min=92, Avg=17705.67, 90=37503, 99=81407, 99.9=297727, 99.99=315391] 
2017-05-21 18:15:21:579 190 sec: 25711 operations; 105.2 current ops/sec; est completion in 20 hours 28 minutes [READ: Count=1052, Max=142335, Min=96, Avg=18970.58, 90=40159, 99=69887, 99.9=115327, 99.99=142335] 
2017-05-21 18:15:31:580 200 sec: 26706 operations; 99.5 current ops/sec; est completion in 20 hours 44 minutes [READ: Count=995, Max=623103, Min=96, Avg=20136.54, 90=41215, 99=78015, 99.9=344063, 99.99=623103] 
2017-05-21 18:15:41:579 210 sec: 27720 operations; 101.4 current ops/sec; est completion in 20 hours 59 minutes [READ: Count=1014, Max=210943, Min=95, Avg=19681.29, 90=41279, 99=73343, 99.9=109375, 99.99=210943] 
2017-05-21 18:15:51:579 220 sec: 28693 operations; 97.3 current ops/sec; est completion in 21 hours 14 minutes [READ: Count=973, Max=141823, Min=95, Avg=20568.5, 90=42879, 99=75391, 99.9=92223, 99.99=141823] 
2017-05-21 18:16:01:579 230 sec: 29622 operations; 92.9 current ops/sec; est completion in 21 hours 30 minutes [READ: Count=929, Max=618495, Min=97, Avg=21454.02, 90=45471, 99=82303, 99.9=610815, 99.99=618495] 
2017-05-21 18:16:11:579 240 sec: 30648 operations; 102.6 current ops/sec; est completion in 21 hours 41 minutes [READ: Count=1026, Max=153087, Min=96, Avg=19567.91, 90=41887, 99=76415, 99.9=132351, 99.99=153087] 
2017-05-21 18:16:21:579 250 sec: 31627 operations; 97.9 current ops/sec; est completion in 21 hours 53 minutes [READ: Count=979, Max=351487, Min=94, Avg=20431.73, 90=44191, 99=73151, 99.9=326911, 99.99=351487] 
2017-05-21 18:16:31:579 260 sec: 32564 operations; 93.7 current ops/sec; est completion in 22 hours 6 minutes [READ: Count=937, Max=650239, Min=97, Avg=21300.28, 90=43807, 99=76479, 99.9=614911, 99.99=650239] 
2017-05-21 18:16:41:579 270 sec: 33605 operations; 104.1 current ops/sec; est completion in 22 hours 14 minutes [READ: Count=1041, Max=153471, Min=95, Avg=19206.28, 90=40479, 99=74367, 99.9=150015, 99.99=153471] 
2017-05-21 18:16:51:579 280 sec: 34636 operations; 103.1 current ops/sec; est completion in 22 hours 22 minutes [READ: Count=1031, Max=99519, Min=95, Avg=19404.9, 90=44255, 99=75839, 99.9=87103, 99.99=99519] 
2017-05-21 18:17:01:579 290 sec: 35632 operations; 99.6 current ops/sec; est completion in 22 hours 31 minutes [READ: Count=996, Max=822271, Min=95, Avg=20121.7, 90=41599, 99=72831, 99.9=799743, 99.99=822271] 
2017-05-21 18:17:11:579 300 sec: 36594 operations; 96.2 current ops/sec; est completion in 22 hours 41 minutes [READ: Count=962, Max=395775, Min=97, Avg=20747.27, 90=44287, 99=92095, 99.9=275199, 99.99=395775] 
2017-05-21 18:17:21:579 310 sec: 37691 operations; 109.7 current ops/sec; est completion in 22 hours 45 minutes [READ: Count=1097, Max=199295, Min=95, Avg=18200.97, 90=40991, 99=85183, 99.9=155391, 99.99=199295] 
2017-05-21 18:17:31:579 320 sec: 38729 operations; 103.8 current ops/sec; est completion in 22 hours 51 minutes [READ: Count=1038, Max=326911, Min=95, Avg=19194.49, 90=41951, 99=80319, 99.9=311551, 99.99=326911] 
2017-05-21 18:17:41:579 330 sec: 39792 operations; 106.3 current ops/sec; est completion in 22 hours 56 minutes [READ: Count=1063, Max=185343, Min=97, Avg=18932.17, 90=41087, 99=82303, 99.9=181119, 99.99=185343] 
2017-05-21 18:17:51:579 340 sec: 40944 operations; 115.2 current ops/sec; est completion in 22 hours 58 minutes [READ: Count=1152, Max=220543, Min=96, Avg=17335.32, 90=38335, 99=74943, 99.9=189823, 99.99=220543] 
2017-05-21 18:18:01:579 350 sec: 42015 operations; 107.1 current ops/sec; est completion in 23 hours 2 minutes [READ: Count=1071, Max=380671, Min=95, Avg=18688.3, 90=38815, 99=77759, 99.9=335359, 99.99=380671] 
2017-05-21 18:18:11:579 360 sec: 43143 operations; 112.8 current ops/sec; est completion in 23 hours 4 minutes [READ: Count=1128, Max=88703, Min=94, Avg=17723.56, 90=39551, 99=70399, 99.9=84287, 99.99=88703] 
2017-05-21 18:18:21:579 370 sec: 44259 operations; 111.6 current ops/sec; est completion in 23 hours 7 minutes [READ: Count=1116, Max=152703, Min=95, Avg=17941.28, 90=37567, 99=85439, 99.9=148607, 99.99=152703] 
2017-05-21 18:18:31:580 380 sec: 45421 operations; 116.19 current ops/sec; est completion in 23 hours 8 minutes [READ: Count=1162, Max=161919, Min=97, Avg=17201.99, 90=34207, 99=77311, 99.9=152575, 99.99=161919] 
2017-05-21 18:18:41:579 390 sec: 46554 operations; 113.31 current ops/sec; est completion in 23 hours 9 minutes [READ: Count=1133, Max=453887, Min=95, Avg=17649.61, 90=37375, 99=70399, 99.9=403455, 99.99=453887] 
2017-05-21 18:18:51:579 400 sec: 47777 operations; 122.3 current ops/sec; est completion in 23 hours 8 minutes [READ: Count=1223, Max=152959, Min=96, Avg=16348.44, 90=35519, 99=72575, 99.9=111487, 99.99=152959] 
2017-05-21 18:19:01:579 410 sec: 48943 operations; 116.6 current ops/sec; est completion in 23 hours 9 minutes [READ: Count=1166, Max=207871, Min=93, Avg=17124.05, 90=34431, 99=87423, 99.9=180351, 99.99=207871] 
2017-05-21 18:19:11:579 420 sec: 50128 operations; 118.5 current ops/sec; est completion in 23 hours 9 minutes [READ: Count=1185, Max=168959, Min=93, Avg=16889.29, 90=36639, 99=70207, 99.9=163967, 99.99=168959] 
2017-05-21 18:19:21:579 430 sec: 51343 operations; 121.5 current ops/sec; est completion in 23 hours 8 minutes [READ: Count=1215, Max=169599, Min=94, Avg=16411.85, 90=33919, 99=76671, 99.9=150015, 99.99=169599] 
2017-05-21 18:19:31:579 440 sec: 52533 operations; 119 current ops/sec; est completion in 23 hours 8 minutes [READ: Count=1190, Max=219391, Min=93, Avg=16873.79, 90=35071, 99=73343, 99.9=208895, 99.99=219391] 
2017-05-21 18:19:41:579 450 sec: 53668 operations; 113.5 current ops/sec; est completion in 23 hours 9 minutes [READ: Count=1135, Max=738815, Min=95, Avg=17613.61, 90=35295, 99=63391, 99.9=640511, 99.99=738815] 
2017-05-21 18:19:51:579 460 sec: 54898 operations; 123 current ops/sec; est completion in 23 hours 8 minutes [READ: Count=1230, Max=99327, Min=95, Avg=16252.43, 90=34559, 99=64767, 99.9=96767, 99.99=99327] 
2017-05-21 18:20:01:579 470 sec: 56008 operations; 111 current ops/sec; est completion in 23 hours 10 minutes [READ: Count=1110, Max=232831, Min=92, Avg=18020.6, 90=37151, 99=85183, 99.9=180735, 99.99=232831] 
2017-05-21 18:20:11:579 480 sec: 57155 operations; 114.7 current ops/sec; est completion in 23 hours 11 minutes [READ: Count=1147, Max=144895, Min=93, Avg=17415.34, 90=36351, 99=78271, 99.9=140799, 99.99=144895] 
2017-05-21 18:20:21:579 490 sec: 58141 operations; 98.6 current ops/sec; est completion in 23 hours 16 minutes [READ: Count=986, Max=438271, Min=94, Avg=20302.38, 90=39391, 99=76031, 99.9=428287, 99.99=438271] 
2017-05-21 18:20:31:579 500 sec: 59189 operations; 104.8 current ops/sec; est completion in 23 hours 19 minutes [READ: Count=1048, Max=99455, Min=94, Avg=19068.61, 90=39999, 99=72959, 99.9=96895, 99.99=99455] 
2017-05-21 18:20:41:579 510 sec: 60203 operations; 101.4 current ops/sec; est completion in 23 hours 23 minutes [READ: Count=1014, Max=144639, Min=94, Avg=19739.56, 90=41855, 99=75519, 99.9=122879, 99.99=144639] 
2017-05-21 18:20:51:579 520 sec: 61177 operations; 97.4 current ops/sec; est completion in 23 hours 28 minutes [READ: Count=974, Max=169727, Min=95, Avg=20533.83, 90=40671, 99=80191, 99.9=150143, 99.99=169727] 
2017-05-21 18:21:01:579 530 sec: 62156 operations; 97.9 current ops/sec; est completion in 23 hours 32 minutes [READ: Count=979, Max=314111, Min=97, Avg=20416.76, 90=42079, 99=73855, 99.9=247679, 99.99=314111] 
2017-05-21 18:21:11:579 540 sec: 63129 operations; 97.3 current ops/sec; est completion in 23 hours 36 minutes [READ: Count=973, Max=227839, Min=96, Avg=20510.54, 90=42271, 99=75583, 99.9=226175, 99.99=227839] 
2017-05-21 18:21:21:579 550 sec: 64085 operations; 95.6 current ops/sec; est completion in 23 hours 41 minutes [READ: Count=956, Max=506879, Min=93, Avg=20925.49, 90=41599, 99=75903, 99.9=506623, 99.99=506879] 
2017-05-21 18:21:31:579 560 sec: 65127 operations; 104.2 current ops/sec; est completion in 23 hours 43 minutes [READ: Count=1042, Max=134399, Min=95, Avg=19195.26, 90=40703, 99=66751, 99.9=120895, 99.99=134399] 
2017-05-21 18:21:41:579 570 sec: 66167 operations; 104 current ops/sec; est completion in 23 hours 46 minutes [READ: Count=1040, Max=213759, Min=93, Avg=19265.3, 90=39615, 99=75007, 99.9=198143, 99.99=213759] 
2017-05-21 18:21:51:579 580 sec: 67156 operations; 98.9 current ops/sec; est completion in 23 hours 49 minutes [READ: Count=989, Max=178559, Min=94, Avg=20187.25, 90=41407, 99=97151, 99.9=166015, 99.99=178559] 
2017-05-21 18:22:01:579 590 sec: 68205 operations; 104.9 current ops/sec; est completion in 23 hours 51 minutes [READ: Count=1049, Max=161791, Min=94, Avg=19080.55, 90=39423, 99=75391, 99.9=113407, 99.99=161791] 
Maximum time elapsed. Requesting stop for the workload.
Stop requested for workload. Now Joining!
2017-05-21 18:22:11:579 600 sec: 69224 operations; 101.9 current ops/sec; est completion in 23 hours 54 minutes [READ: Count=1019, Max=543231, Min=95, Avg=19616.14, 90=37471, 99=68927, 99.9=523775, 99.99=543231] 
2017-05-21 18:22:11:603 600 sec: 69226 operations; 83.33 current ops/sec; est completion in 23 hours 54 minutes [CLEANUP: Count=2, Max=1049, Min=3, Avg=526, 90=1049, 99=1049, 99.9=1049, 99.99=1049] [READ: Count=2, Max=48671, Min=19024, Avg=33844, 90=48671, 99=48671, 99.9=48671, 99.99=48671] 
[OVERALL], RunTime(ms), 600024.0
[OVERALL], Throughput(ops/sec), 115.37205178459529
[TOTAL_GCS_PS_Scavenge], Count, 116.0
[TOTAL_GC_TIME_PS_Scavenge], Time(ms), 231.0
[TOTAL_GC_TIME_%_PS_Scavenge], Time(%), 0.03849846006159754
[TOTAL_GCS_PS_MarkSweep], Count, 0.0
[TOTAL_GC_TIME_PS_MarkSweep], Time(ms), 0.0
[TOTAL_GC_TIME_%_PS_MarkSweep], Time(%), 0.0
[TOTAL_GCs], Count, 116.0
[TOTAL_GC_TIME], Time(ms), 231.0
[TOTAL_GC_TIME_%], Time(%), 0.03849846006159754
[CLEANUP], Operations, 2.0
[CLEANUP], AverageLatency(us), 526.0
[CLEANUP], MinLatency(us), 3.0
[CLEANUP], MaxLatency(us), 1049.0
[CLEANUP], 95thPercentileLatency(us), 1049.0
[CLEANUP], 99thPercentileLatency(us), 1049.0
[READ], Operations, 69226.0
[READ], AverageLatency(us), 17322.588463871954
[READ], MinLatency(us), 92.0
[READ], MaxLatency(us), 822271.0
[READ], 95thPercentileLatency(us), 45887.0
[READ], 99thPercentileLatency(us), 70271.0
[READ], Return=OK, 69226
========== STOP: Container 1 Memory STATS ==============
cache 5382144
rss 994545664
rss_huge 0
mapped_file 3166208
writeback 0
pgpgin 1115877
pgpgout 871754
pgfault 734387
pgmajfault 25849
inactive_anon 497291264
active_anon 497250304
inactive_file 2682880
active_file 2699264
unevictable 4096
hierarchical_memory_limit 999997440
total_cache 5382144
total_rss 994545664
total_rss_huge 0
total_mapped_file 3166208
total_writeback 0
total_pgpgin 1115877
total_pgpgout 871754
total_pgfault 734387
total_pgmajfault 25849
total_inactive_anon 497291264
total_active_anon 497250304
total_inactive_file 2682880
total_active_file 2699264
total_unevictable 4096
======== END Container STATS ======
