ssh: connect to host 10.0.3.168 port 22: No route to host
