--------------------MEMCG-----------------------
MEM ONLY  : 308 MB
MEM+SWAP  : 308 MB
cache 230350848
rss 93523968
rss_huge 0
mapped_file 46551040
writeback 0
swap 0
pgpgin 158069
pgpgout 78998
pgfault 214750
pgmajfault 218
inactive_anon 53248
active_anon 93523968
inactive_file 199053312
active_file 31211520
unevictable 0
hierarchical_memory_limit 999997440
hierarchical_memsw_limit 9223372036854771712
total_cache 230350848
total_rss 93523968
total_rss_huge 0
total_mapped_file 46551040
total_writeback 0
total_swap 0
total_pgpgin 158069
total_pgpgout 78998
total_pgfault 214750
total_pgmajfault 218
total_inactive_anon 53248
total_active_anon 93523968
total_inactive_file 199053312
total_active_file 31211520
total_unevictable 0
--------------------BLKIO-----------------------
11:0 Read 0
11:0 Write 0
11:0 Sync 0
11:0 Async 0
11:0 Total 0
253:0 Read 190578688
253:0 Write 262144
253:0 Sync 0
253:0 Async 190840832
253:0 Total 190840832
Total 190840832
--------------------CPUAC-----------------------
user 74
system 183
 
--------------------MEMCG-----------------------
MEM ONLY  : 813 MB
MEM+SWAP  : 813 MB
cache 760307712
rss 93126656
rss_huge 0
mapped_file 46514176
writeback 0
swap 0
pgpgin 315806
pgpgout 107448
pgfault 244970
pgmajfault 218
inactive_anon 49152
active_anon 93159424
inactive_file 656113664
active_file 104079360
unevictable 0
hierarchical_memory_limit 999997440
hierarchical_memsw_limit 9223372036854771712
total_cache 760307712
total_rss 93126656
total_rss_huge 0
total_mapped_file 46514176
total_writeback 0
total_swap 0
total_pgpgin 315806
total_pgpgout 107448
total_pgfault 244970
total_pgmajfault 218
total_inactive_anon 49152
total_active_anon 93159424
total_inactive_file 656113664
total_active_file 104079360
total_unevictable 0
--------------------BLKIO-----------------------
11:0 Read 0
11:0 Write 0
11:0 Sync 0
11:0 Async 0
11:0 Total 0
253:0 Read 720539648
253:0 Write 262144
253:0 Sync 0
253:0 Async 720801792
253:0 Total 720801792
Total 720801792
--------------------CPUAC-----------------------
user 101
system 297
 
--------------------MEMCG-----------------------
MEM ONLY  : 953 MB
MEM+SWAP  : 953 MB
cache 907010048
rss 92860416
rss_huge 0
mapped_file 46346240
writeback 0
swap 0
pgpgin 485349
pgpgout 241240
pgfault 281129
pgmajfault 218
inactive_anon 46632960
active_anon 46309376
inactive_file 625352704
active_file 281559040
unevictable 0
hierarchical_memory_limit 999997440
hierarchical_memsw_limit 9223372036854771712
total_cache 907010048
total_rss 92860416
total_rss_huge 0
total_mapped_file 46346240
total_writeback 0
total_swap 0
total_pgpgin 485349
total_pgpgout 241240
total_pgfault 281129
total_pgmajfault 218
total_inactive_anon 46632960
total_active_anon 46309376
total_inactive_file 625352704
total_active_file 281559040
total_unevictable 0
--------------------BLKIO-----------------------
11:0 Read 0
11:0 Write 0
11:0 Sync 0
11:0 Async 0
11:0 Total 0
253:0 Read 1242312704
253:0 Write 262144
253:0 Sync 0
253:0 Async 1242574848
253:0 Total 1242574848
Total 1242574848
--------------------CPUAC-----------------------
user 117
system 561
 
--------------------MEMCG-----------------------
MEM ONLY  : 953 MB
MEM+SWAP  : 953 MB
cache 906858496
rss 92860416
rss_huge 0
mapped_file 12468224
writeback 0
swap 0
pgpgin 683784
pgpgout 439712
pgfault 323259
pgmajfault 218
inactive_anon 46632960
active_anon 46309376
inactive_file 453353472
active_file 453292032
unevictable 0
hierarchical_memory_limit 999997440
hierarchical_memsw_limit 9223372036854771712
total_cache 906858496
total_rss 92860416
total_rss_huge 0
total_mapped_file 12468224
total_writeback 0
total_swap 0
total_pgpgin 683784
total_pgpgout 439712
total_pgfault 323259
total_pgmajfault 218
total_inactive_anon 46632960
total_active_anon 46309376
total_inactive_file 453353472
total_active_file 453292032
total_unevictable 0
--------------------BLKIO-----------------------
11:0 Read 0
11:0 Write 0
11:0 Sync 0
11:0 Async 0
11:0 Total 0
253:0 Read 1715503104
253:0 Write 262144
253:0 Sync 0
253:0 Async 1715765248
253:0 Total 1715765248
Total 1715765248
--------------------CPUAC-----------------------
user 136
system 2098
 
--------------------MEMCG-----------------------
MEM ONLY  : 953 MB
MEM+SWAP  : 953 MB
cache 906899456
rss 92860416
rss_huge 0
mapped_file 8577024
writeback 0
swap 0
pgpgin 966041
pgpgout 721958
pgfault 383128
pgmajfault 218
inactive_anon 46632960
active_anon 46309376
inactive_file 453660672
active_file 453128192
unevictable 0
hierarchical_memory_limit 999997440
hierarchical_memsw_limit 9223372036854771712
total_cache 906907648
total_rss 92860416
total_rss_huge 0
total_mapped_file 8577024
total_writeback 0
total_swap 0
total_pgpgin 966044
total_pgpgout 721958
total_pgfault 383128
total_pgmajfault 218
total_inactive_anon 46632960
total_active_anon 46309376
total_inactive_file 453660672
total_active_file 453128192
total_unevictable 0
--------------------BLKIO-----------------------
11:0 Read 0
11:0 Write 0
11:0 Sync 0
11:0 Async 0
11:0 Total 0
253:0 Read 2215018496
253:0 Write 262144
253:0 Sync 0
253:0 Async 2215280640
253:0 Total 2215280640
Total 2215280640
--------------------CPUAC-----------------------
user 162
system 4142
 
--------------------MEMCG-----------------------
MEM ONLY  : 953 MB
MEM+SWAP  : 953 MB
cache 906833920
rss 92860416
rss_huge 0
mapped_file 5091328
writeback 0
swap 0
pgpgin 1220135
pgpgout 976069
pgfault 437615
pgmajfault 218
inactive_anon 46632960
active_anon 46309376
inactive_file 453296128
active_file 453402624
unevictable 0
hierarchical_memory_limit 999997440
hierarchical_memsw_limit 9223372036854771712
total_cache 906833920
total_rss 92860416
total_rss_huge 0
total_mapped_file 5091328
total_writeback 0
total_swap 0
total_pgpgin 1220135
total_pgpgout 976069
total_pgfault 437615
total_pgmajfault 218
total_inactive_anon 46632960
total_active_anon 46309376
total_inactive_file 453296128
total_active_file 453402624
total_unevictable 0
--------------------BLKIO-----------------------
11:0 Read 0
11:0 Write 0
11:0 Sync 0
11:0 Async 0
11:0 Total 0
253:0 Read 2524798976
253:0 Write 262144
253:0 Sync 0
253:0 Async 2525061120
253:0 Total 2525061120
Total 2525061120
--------------------CPUAC-----------------------
user 190
system 7014
 
--------------------MEMCG-----------------------
MEM ONLY  : 953 MB
MEM+SWAP  : 953 MB
cache 906874880
rss 92860416
rss_huge 0
mapped_file 3387392
writeback 0
swap 0
pgpgin 1484449
pgpgout 1240373
pgfault 494564
pgmajfault 218
inactive_anon 46632960
active_anon 46309376
inactive_file 453488640
active_file 453206016
unevictable 0
hierarchical_memory_limit 999997440
hierarchical_memsw_limit 9223372036854771712
total_cache 906874880
total_rss 92860416
total_rss_huge 0
total_mapped_file 3387392
total_writeback 0
total_swap 0
total_pgpgin 1484449
total_pgpgout 1240373
total_pgfault 494564
total_pgmajfault 218
total_inactive_anon 46632960
total_active_anon 46309376
total_inactive_file 453488640
total_active_file 453206016
total_unevictable 0
--------------------BLKIO-----------------------
11:0 Read 0
11:0 Write 0
11:0 Sync 0
11:0 Async 0
11:0 Total 0
253:0 Read 2747039744
253:0 Write 262144
253:0 Sync 0
253:0 Async 2747301888
253:0 Total 2747301888
Total 2747301888
--------------------CPUAC-----------------------
user 214
system 9989
 
--------------------MEMCG-----------------------
MEM ONLY  : 953 MB
MEM+SWAP  : 953 MB
cache 906711040
rss 92860416
rss_huge 0
mapped_file 3387392
writeback 0
swap 0
pgpgin 1716281
pgpgout 1472245
pgfault 544371
pgmajfault 218
inactive_anon 46632960
active_anon 46309376
inactive_file 453488640
active_file 453128192
unevictable 0
hierarchical_memory_limit 999997440
hierarchical_memsw_limit 9223372036854771712
total_cache 906711040
total_rss 92860416
total_rss_huge 0
total_mapped_file 3387392
total_writeback 0
total_swap 0
total_pgpgin 1716281
total_pgpgout 1472245
total_pgfault 544371
total_pgmajfault 218
total_inactive_anon 46632960
total_active_anon 46309376
total_inactive_file 453488640
total_active_file 453128192
total_unevictable 0
--------------------BLKIO-----------------------
11:0 Read 0
11:0 Write 0
11:0 Sync 0
11:0 Async 0
11:0 Total 0
253:0 Read 2878652416
253:0 Write 262144
253:0 Sync 0
253:0 Async 2878914560
253:0 Total 2878914560
Total 2878914560
--------------------CPUAC-----------------------
user 240
system 12960
 
--------------------MEMCG-----------------------
MEM ONLY  : 953 MB
MEM+SWAP  : 953 MB
cache 906944512
rss 92860416
rss_huge 0
mapped_file 3387392
writeback 0
swap 0
pgpgin 1913642
pgpgout 1669549
pgfault 587451
pgmajfault 218
inactive_anon 46632960
active_anon 46309376
inactive_file 453529600
active_file 453308416
unevictable 0
hierarchical_memory_limit 999997440
hierarchical_memsw_limit 9223372036854771712
total_cache 906944512
total_rss 92860416
total_rss_huge 0
total_mapped_file 3387392
total_writeback 0
total_swap 0
total_pgpgin 1913642
total_pgpgout 1669549
total_pgfault 587451
total_pgmajfault 218
total_inactive_anon 46632960
total_active_anon 46309376
total_inactive_file 453529600
total_active_file 453308416
total_unevictable 0
--------------------BLKIO-----------------------
11:0 Read 0
11:0 Write 0
11:0 Sync 0
11:0 Async 0
11:0 Total 0
253:0 Read 2961199104
253:0 Write 262144
253:0 Sync 0
253:0 Async 2961461248
253:0 Total 2961461248
Total 2961461248
--------------------CPUAC-----------------------
user 263
system 15929
 
--------------------MEMCG-----------------------
MEM ONLY  : 953 MB
MEM+SWAP  : 953 MB
cache 906878976
rss 92860416
rss_huge 0
mapped_file 3579904
writeback 0
swap 0
pgpgin 2140011
pgpgout 1895934
pgfault 635705
pgmajfault 221
inactive_anon 46632960
active_anon 46309376
inactive_file 453541888
active_file 453238784
unevictable 0
hierarchical_memory_limit 999997440
hierarchical_memsw_limit 9223372036854771712
total_cache 906878976
total_rss 92860416
total_rss_huge 0
total_mapped_file 3579904
total_writeback 0
total_swap 0
total_pgpgin 2140011
total_pgpgout 1895934
total_pgfault 635705
total_pgmajfault 221
total_inactive_anon 46632960
total_active_anon 46309376
total_inactive_file 453541888
total_active_file 453238784
total_unevictable 0
--------------------BLKIO-----------------------
11:0 Read 0
11:0 Write 0
11:0 Sync 0
11:0 Async 0
11:0 Total 0
253:0 Read 3035394048
253:0 Write 262144
253:0 Sync 0
253:0 Async 3035656192
253:0 Total 3035656192
Total 3035656192
--------------------CPUAC-----------------------
user 290
system 18902
 
--------------------MEMCG-----------------------
MEM ONLY  : 953 MB
MEM+SWAP  : 953 MB
cache 906895360
rss 92860416
rss_huge 0
mapped_file 3579904
writeback 0
swap 0
pgpgin 2333112
pgpgout 2089031
pgfault 678028
pgmajfault 221
inactive_anon 46632960
active_anon 46309376
inactive_file 453398528
active_file 453410816
unevictable 0
hierarchical_memory_limit 999997440
hierarchical_memsw_limit 9223372036854771712
total_cache 906895360
total_rss 92860416
total_rss_huge 0
total_mapped_file 3579904
total_writeback 0
total_swap 0
total_pgpgin 2333112
total_pgpgout 2089031
total_pgfault 678028
total_pgmajfault 221
total_inactive_anon 46632960
total_active_anon 46309376
total_inactive_file 453398528
total_active_file 453410816
total_unevictable 0
--------------------BLKIO-----------------------
11:0 Read 0
11:0 Write 0
11:0 Sync 0
11:0 Async 0
11:0 Total 0
253:0 Read 3079532544
253:0 Write 262144
253:0 Sync 0
253:0 Async 3079794688
253:0 Total 3079794688
Total 3079794688
--------------------CPUAC-----------------------
user 315
system 21872
 
--------------------MEMCG-----------------------
MEM ONLY  : 953 MB
MEM+SWAP  : 953 MB
cache 906960896
rss 92860416
rss_huge 0
mapped_file 3579904
writeback 0
swap 0
pgpgin 2547408
pgpgout 2303311
pgfault 723732
pgmajfault 221
inactive_anon 46632960
active_anon 46309376
inactive_file 453611520
active_file 453251072
unevictable 0
hierarchical_memory_limit 999997440
hierarchical_memsw_limit 9223372036854771712
total_cache 906960896
total_rss 92860416
total_rss_huge 0
total_mapped_file 3579904
total_writeback 0
total_swap 0
total_pgpgin 2547408
total_pgpgout 2303311
total_pgfault 723732
total_pgmajfault 221
total_inactive_anon 46632960
total_active_anon 46309376
total_inactive_file 453611520
total_active_file 453251072
total_unevictable 0
--------------------BLKIO-----------------------
11:0 Read 0
11:0 Write 0
11:0 Sync 0
11:0 Async 0
11:0 Total 0
253:0 Read 3119333376
253:0 Write 262144
253:0 Sync 0
253:0 Async 3119595520
253:0 Total 3119595520
Total 3119595520
--------------------CPUAC-----------------------
user 341
system 24848
 
--------------------MEMCG-----------------------
MEM ONLY  : 953 MB
MEM+SWAP  : 953 MB
cache 907108352
rss 92860416
rss_huge 0
mapped_file 3579904
writeback 0
swap 0
pgpgin 2757114
pgpgout 2512981
pgfault 769202
pgmajfault 221
inactive_anon 46632960
active_anon 46309376
inactive_file 453554176
active_file 453160960
unevictable 0
hierarchical_memory_limit 999997440
hierarchical_memsw_limit 9223372036854771712
total_cache 907108352
total_rss 92860416
total_rss_huge 0
total_mapped_file 3579904
total_writeback 0
total_swap 0
total_pgpgin 2757114
total_pgpgout 2512981
total_pgfault 769202
total_pgmajfault 221
total_inactive_anon 46632960
total_active_anon 46309376
total_inactive_file 453554176
total_active_file 453160960
total_unevictable 0
--------------------BLKIO-----------------------
11:0 Read 0
11:0 Write 0
11:0 Sync 0
11:0 Async 0
11:0 Total 0
253:0 Read 3149541376
253:0 Write 262144
253:0 Sync 0
253:0 Async 3149803520
253:0 Total 3149803520
Total 3149803520
--------------------CPUAC-----------------------
user 366
system 27822
 
--------------------MEMCG-----------------------
MEM ONLY  : 953 MB
MEM+SWAP  : 953 MB
cache 907116544
rss 92860416
rss_huge 0
mapped_file 3387392
writeback 0
swap 0
pgpgin 2934741
pgpgout 2690606
pgfault 807710
pgmajfault 221
inactive_anon 46632960
active_anon 46309376
inactive_file 453640192
active_file 453341184
unevictable 0
hierarchical_memory_limit 999997440
hierarchical_memsw_limit 9223372036854771712
total_cache 907116544
total_rss 92860416
total_rss_huge 0
total_mapped_file 3387392
total_writeback 0
total_swap 0
total_pgpgin 2934741
total_pgpgout 2690606
total_pgfault 807710
total_pgmajfault 221
total_inactive_anon 46632960
total_active_anon 46309376
total_inactive_file 453640192
total_active_file 453341184
total_unevictable 0
--------------------BLKIO-----------------------
11:0 Read 0
11:0 Write 0
11:0 Sync 0
11:0 Async 0
11:0 Total 0
253:0 Read 3166904320
253:0 Write 262144
253:0 Sync 0
253:0 Async 3167166464
253:0 Total 3167166464
Total 3167166464
--------------------CPUAC-----------------------
user 387
system 30800
 
--------------------MEMCG-----------------------
MEM ONLY  : 953 MB
MEM+SWAP  : 953 MB
cache 906883072
rss 92860416
rss_huge 0
mapped_file 3436544
writeback 0
swap 0
pgpgin 3138771
pgpgout 2894693
pgfault 851560
pgmajfault 222
inactive_anon 46632960
active_anon 46309376
inactive_file 453455872
active_file 453341184
unevictable 0
hierarchical_memory_limit 999997440
hierarchical_memsw_limit 9223372036854771712
total_cache 906883072
total_rss 92860416
total_rss_huge 0
total_mapped_file 3436544
total_writeback 0
total_swap 0
total_pgpgin 3138771
total_pgpgout 2894693
total_pgfault 851560
total_pgmajfault 222
total_inactive_anon 46632960
total_active_anon 46309376
total_inactive_file 453455872
total_active_file 453341184
total_unevictable 0
--------------------BLKIO-----------------------
11:0 Read 0
11:0 Write 0
11:0 Sync 0
11:0 Async 0
11:0 Total 0
253:0 Read 3178393600
253:0 Write 262144
253:0 Sync 0
253:0 Async 3178655744
253:0 Total 3178655744
Total 3178655744
--------------------CPUAC-----------------------
user 409
system 33778
 
--------------------MEMCG-----------------------
MEM ONLY  : 953 MB
MEM+SWAP  : 953 MB
cache 907128832
rss 92864512
rss_huge 0
mapped_file 3436544
writeback 0
swap 0
pgpgin 3342576
pgpgout 3098437
pgfault 895664
pgmajfault 222
inactive_anon 46632960
active_anon 46313472
inactive_file 453283840
active_file 453640192
unevictable 0
hierarchical_memory_limit 999997440
hierarchical_memsw_limit 9223372036854771712
total_cache 907128832
total_rss 92864512
total_rss_huge 0
total_mapped_file 3436544
total_writeback 0
total_swap 0
total_pgpgin 3342576
total_pgpgout 3098437
total_pgfault 895664
total_pgmajfault 222
total_inactive_anon 46632960
total_active_anon 46313472
total_inactive_file 453283840
total_active_file 453640192
total_unevictable 0
--------------------BLKIO-----------------------
11:0 Read 0
11:0 Write 0
11:0 Sync 0
11:0 Async 0
11:0 Total 0
253:0 Read 3189780480
253:0 Write 262144
253:0 Sync 0
253:0 Async 3190042624
253:0 Total 3190042624
Total 3190042624
--------------------CPUAC-----------------------
user 437
system 36752
 
--------------------MEMCG-----------------------
MEM ONLY  : 953 MB
MEM+SWAP  : 953 MB
cache 907091968
rss 92860416
rss_huge 0
mapped_file 3436544
writeback 0
swap 0
pgpgin 3511598
pgpgout 3267469
pgfault 932330
pgmajfault 222
inactive_anon 46632960
active_anon 46309376
inactive_file 453787648
active_file 453185536
unevictable 0
hierarchical_memory_limit 999997440
hierarchical_memsw_limit 9223372036854771712
total_cache 907091968
total_rss 92860416
total_rss_huge 0
total_mapped_file 3436544
total_writeback 0
total_swap 0
total_pgpgin 3511598
total_pgpgout 3267469
total_pgfault 932330
total_pgmajfault 222
total_inactive_anon 46632960
total_active_anon 46309376
total_inactive_file 453787648
total_active_file 453185536
total_unevictable 0
--------------------BLKIO-----------------------
11:0 Read 0
11:0 Write 0
11:0 Sync 0
11:0 Async 0
11:0 Total 0
253:0 Read 3196661760
253:0 Write 262144
253:0 Sync 0
253:0 Async 3196923904
253:0 Total 3196923904
Total 3196923904
--------------------CPUAC-----------------------
user 452
system 39735
 
--------------------MEMCG-----------------------
MEM ONLY  : 953 MB
MEM+SWAP  : 953 MB
cache 906911744
rss 92860416
rss_huge 0
mapped_file 3395584
writeback 0
swap 0
pgpgin 3711628
pgpgout 3467543
pgfault 976038
pgmajfault 222
inactive_anon 46632960
active_anon 46309376
inactive_file 453316608
active_file 453349376
unevictable 0
hierarchical_memory_limit 999997440
hierarchical_memsw_limit 9223372036854771712
total_cache 906911744
total_rss 92860416
total_rss_huge 0
total_mapped_file 3395584
total_writeback 0
total_swap 0
total_pgpgin 3711628
total_pgpgout 3467543
total_pgfault 976038
total_pgmajfault 222
total_inactive_anon 46632960
total_active_anon 46309376
total_inactive_file 453316608
total_active_file 453349376
total_unevictable 0
--------------------BLKIO-----------------------
11:0 Read 0
11:0 Write 0
11:0 Sync 0
11:0 Async 0
11:0 Total 0
253:0 Read 3202215936
253:0 Write 262144
253:0 Sync 0
253:0 Async 3202478080
253:0 Total 3202478080
Total 3202478080
--------------------CPUAC-----------------------
user 470
system 42718
 
--------------------MEMCG-----------------------
MEM ONLY  : 953 MB
MEM+SWAP  : 953 MB
cache 907120640
rss 92860416
rss_huge 0
mapped_file 3395584
writeback 0
swap 0
pgpgin 3910652
pgpgout 3666516
pgfault 1019975
pgmajfault 222
inactive_anon 46632960
active_anon 46309376
inactive_file 453660672
active_file 453189632
unevictable 0
hierarchical_memory_limit 999997440
hierarchical_memsw_limit 9223372036854771712
total_cache 907120640
total_rss 92860416
total_rss_huge 0
total_mapped_file 3395584
total_writeback 0
total_swap 0
total_pgpgin 3910652
total_pgpgout 3666516
total_pgfault 1019975
total_pgmajfault 222
total_inactive_anon 46632960
total_active_anon 46309376
total_inactive_file 453660672
total_active_file 453189632
total_unevictable 0
--------------------BLKIO-----------------------
11:0 Read 0
11:0 Write 0
11:0 Sync 0
11:0 Async 0
11:0 Total 0
253:0 Read 3206709248
253:0 Write 262144
253:0 Sync 0
253:0 Async 3206971392
253:0 Total 3206971392
Total 3206971392
--------------------CPUAC-----------------------
user 499
system 45632
 
--------------------MEMCG-----------------------
MEM ONLY  : 953 MB
MEM+SWAP  : 953 MB
cache 907010048
rss 92860416
rss_huge 0
mapped_file 3395584
writeback 0
swap 0
pgpgin 4072181
pgpgout 3828072
pgfault 1054472
pgmajfault 222
inactive_anon 46632960
active_anon 46309376
inactive_file 453718016
active_file 453193728
unevictable 0
hierarchical_memory_limit 999997440
hierarchical_memsw_limit 9223372036854771712
total_cache 907010048
total_rss 92860416
total_rss_huge 0
total_mapped_file 3395584
total_writeback 0
total_swap 0
total_pgpgin 4072181
total_pgpgout 3828072
total_pgfault 1054472
total_pgmajfault 222
total_inactive_anon 46632960
total_active_anon 46309376
total_inactive_file 453718016
total_active_file 453193728
total_unevictable 0
--------------------BLKIO-----------------------
11:0 Read 0
11:0 Write 0
11:0 Sync 0
11:0 Async 0
11:0 Total 0
253:0 Read 3211440128
253:0 Write 262144
253:0 Sync 0
253:0 Async 3211702272
253:0 Total 3211702272
Total 3211702272
--------------------CPUAC-----------------------
user 518
system 48610
 
--------------------MEMCG-----------------------
MEM ONLY  : 953 MB
MEM+SWAP  : 953 MB
cache 906866688
rss 92860416
rss_huge 0
mapped_file 3395584
writeback 0
swap 0
pgpgin 4268094
pgpgout 4024020
pgfault 1097113
pgmajfault 222
inactive_anon 46632960
active_anon 46309376
inactive_file 453607424
active_file 453173248
unevictable 0
hierarchical_memory_limit 999997440
hierarchical_memsw_limit 9223372036854771712
total_cache 906866688
total_rss 92860416
total_rss_huge 0
total_mapped_file 3395584
total_writeback 0
total_swap 0
total_pgpgin 4268094
total_pgpgout 4024020
total_pgfault 1097113
total_pgmajfault 222
total_inactive_anon 46632960
total_active_anon 46309376
total_inactive_file 453607424
total_active_file 453173248
total_unevictable 0
--------------------BLKIO-----------------------
11:0 Read 0
11:0 Write 0
11:0 Sync 0
11:0 Async 0
11:0 Total 0
253:0 Read 3215536128
253:0 Write 262144
253:0 Sync 0
253:0 Async 3215798272
253:0 Total 3215798272
Total 3215798272
--------------------CPUAC-----------------------
user 536
system 51593
 
--------------------MEMCG-----------------------
MEM ONLY  : 953 MB
MEM+SWAP  : 953 MB
cache 906670080
rss 92860416
rss_huge 0
mapped_file 3395584
writeback 0
swap 0
pgpgin 4470187
pgpgout 4226161
pgfault 1141144
pgmajfault 222
inactive_anon 46632960
active_anon 46309376
inactive_file 453328896
active_file 453222400
unevictable 0
hierarchical_memory_limit 999997440
hierarchical_memsw_limit 9223372036854771712
total_cache 906670080
total_rss 92860416
total_rss_huge 0
total_mapped_file 3395584
total_writeback 0
total_swap 0
total_pgpgin 4470187
total_pgpgout 4226161
total_pgfault 1141144
total_pgmajfault 222
total_inactive_anon 46632960
total_active_anon 46309376
total_inactive_file 453328896
total_active_file 453222400
total_unevictable 0
--------------------BLKIO-----------------------
11:0 Read 0
11:0 Write 0
11:0 Sync 0
11:0 Async 0
11:0 Total 0
253:0 Read 3218239488
253:0 Write 262144
253:0 Sync 0
253:0 Async 3218501632
253:0 Total 3218501632
Total 3218501632
--------------------CPUAC-----------------------
user 556
system 54574
 
--------------------MEMCG-----------------------
MEM ONLY  : 953 MB
MEM+SWAP  : 953 MB
cache 906878976
rss 92872704
rss_huge 0
mapped_file 3387392
writeback 0
swap 0
pgpgin 4635734
pgpgout 4391654
pgfault 1177204
pgmajfault 222
inactive_anon 46632960
active_anon 46321664
inactive_file 453500928
active_file 453283840
unevictable 0
hierarchical_memory_limit 999997440
hierarchical_memsw_limit 9223372036854771712
total_cache 906878976
total_rss 92872704
total_rss_huge 0
total_mapped_file 3387392
total_writeback 0
total_swap 0
total_pgpgin 4635734
total_pgpgout 4391654
total_pgfault 1177204
total_pgmajfault 222
total_inactive_anon 46632960
total_active_anon 46321664
total_inactive_file 453500928
total_active_file 453283840
total_unevictable 0
--------------------BLKIO-----------------------
11:0 Read 0
11:0 Write 0
11:0 Sync 0
11:0 Async 0
11:0 Total 0
253:0 Read 3219337216
253:0 Write 262144
253:0 Sync 0
253:0 Async 3219599360
253:0 Total 3219599360
Total 3219599360
--------------------CPUAC-----------------------
user 573
system 57556
 
--------------------MEMCG-----------------------
MEM ONLY  : 953 MB
MEM+SWAP  : 953 MB
cache 906887168
rss 92860416
rss_huge 0
mapped_file 3436544
writeback 0
swap 0
pgpgin 4836815
pgpgout 4592736
pgfault 1220890
pgmajfault 223
inactive_anon 46632960
active_anon 46309376
inactive_file 453324800
active_file 453472256
unevictable 0
hierarchical_memory_limit 999997440
hierarchical_memsw_limit 9223372036854771712
total_cache 906887168
total_rss 92860416
total_rss_huge 0
total_mapped_file 3436544
total_writeback 0
total_swap 0
total_pgpgin 4836815
total_pgpgout 4592736
total_pgfault 1220890
total_pgmajfault 223
total_inactive_anon 46632960
total_active_anon 46309376
total_inactive_file 453324800
total_active_file 453472256
total_unevictable 0
--------------------BLKIO-----------------------
11:0 Read 0
11:0 Write 0
11:0 Sync 0
11:0 Async 0
11:0 Total 0
253:0 Read 3220127744
253:0 Write 262144
253:0 Sync 0
253:0 Async 3220389888
253:0 Total 3220389888
Total 3220389888
--------------------CPUAC-----------------------
user 597
system 60532
 
--------------------MEMCG-----------------------
MEM ONLY  : 953 MB
MEM+SWAP  : 953 MB
cache 907042816
rss 92868608
rss_huge 0
mapped_file 3436544
writeback 0
swap 0
pgpgin 5037671
pgpgout 4793551
pgfault 1264295
pgmajfault 223
inactive_anon 46632960
active_anon 46317568
inactive_file 453636096
active_file 453316608
unevictable 0
hierarchical_memory_limit 999997440
hierarchical_memsw_limit 9223372036854771712
total_cache 907046912
total_rss 92868608
total_rss_huge 0
total_mapped_file 3436544
total_writeback 0
total_swap 0
total_pgpgin 5037671
total_pgpgout 4793551
total_pgfault 1264295
total_pgmajfault 223
total_inactive_anon 46632960
total_active_anon 46317568
total_inactive_file 453636096
total_active_file 453316608
total_unevictable 0
--------------------BLKIO-----------------------
11:0 Read 0
11:0 Write 0
11:0 Sync 0
11:0 Async 0
11:0 Total 0
253:0 Read 3221032960
253:0 Write 262144
253:0 Sync 0
253:0 Async 3221295104
253:0 Total 3221295104
Total 3221295104
--------------------CPUAC-----------------------
user 615
system 63515
 
--------------------MEMCG-----------------------
MEM ONLY  : 953 MB
MEM+SWAP  : 953 MB
cache 906874880
rss 92860416
rss_huge 0
mapped_file 3436544
writeback 0
swap 0
pgpgin 5188550
pgpgout 4944474
pgfault 1297130
pgmajfault 223
inactive_anon 46632960
active_anon 46309376
inactive_file 453623808
active_file 453165056
unevictable 0
hierarchical_memory_limit 999997440
hierarchical_memsw_limit 9223372036854771712
total_cache 906874880
total_rss 92860416
total_rss_huge 0
total_mapped_file 3436544
total_writeback 0
total_swap 0
total_pgpgin 5188550
total_pgpgout 4944474
total_pgfault 1297130
total_pgmajfault 223
total_inactive_anon 46632960
total_active_anon 46309376
total_inactive_file 453623808
total_active_file 453165056
total_unevictable 0
--------------------BLKIO-----------------------
11:0 Read 0
11:0 Write 0
11:0 Sync 0
11:0 Async 0
11:0 Total 0
253:0 Read 3221790720
253:0 Write 262144
253:0 Sync 0
253:0 Async 3222052864
253:0 Total 3222052864
Total 3222052864
--------------------CPUAC-----------------------
user 632
system 66442
 
--------------------MEMCG-----------------------
MEM ONLY  : 953 MB
MEM+SWAP  : 953 MB
cache 907010048
rss 92860416
rss_huge 0
mapped_file 3395584
writeback 0
swap 0
pgpgin 5377659
pgpgout 5133550
pgfault 1337621
pgmajfault 223
inactive_anon 46632960
active_anon 46309376
inactive_file 453582848
active_file 453341184
unevictable 0
hierarchical_memory_limit 999997440
hierarchical_memsw_limit 9223372036854771712
total_cache 907010048
total_rss 92860416
total_rss_huge 0
total_mapped_file 3395584
total_writeback 0
total_swap 0
total_pgpgin 5377659
total_pgpgout 5133550
total_pgfault 1337621
total_pgmajfault 223
total_inactive_anon 46632960
total_active_anon 46309376
total_inactive_file 453582848
total_active_file 453341184
total_unevictable 0
--------------------BLKIO-----------------------
11:0 Read 0
11:0 Write 0
11:0 Sync 0
11:0 Async 0
11:0 Total 0
253:0 Read 3221991424
253:0 Write 262144
253:0 Sync 0
253:0 Async 3222253568
253:0 Total 3222253568
Total 3222253568
--------------------CPUAC-----------------------
user 656
system 69419
 
--------------------MEMCG-----------------------
MEM ONLY  : 953 MB
MEM+SWAP  : 953 MB
cache 907014144
rss 92860416
rss_huge 0
mapped_file 3395584
writeback 0
swap 0
pgpgin 5579996
pgpgout 5335886
pgfault 1380783
pgmajfault 223
inactive_anon 46632960
active_anon 46309376
inactive_file 453545984
active_file 453349376
unevictable 0
hierarchical_memory_limit 999997440
hierarchical_memsw_limit 9223372036854771712
total_cache 907014144
total_rss 92860416
total_rss_huge 0
total_mapped_file 3395584
total_writeback 0
total_swap 0
total_pgpgin 5579996
total_pgpgout 5335886
total_pgfault 1380783
total_pgmajfault 223
total_inactive_anon 46632960
total_active_anon 46309376
total_inactive_file 453545984
total_active_file 453349376
total_unevictable 0
--------------------BLKIO-----------------------
11:0 Read 0
11:0 Write 0
11:0 Sync 0
11:0 Async 0
11:0 Total 0
253:0 Read 3222679552
253:0 Write 262144
253:0 Sync 0
253:0 Async 3222941696
253:0 Total 3222941696
Total 3222941696
--------------------CPUAC-----------------------
user 673
system 72403
 
--------------------MEMCG-----------------------
MEM ONLY  : 953 MB
MEM+SWAP  : 953 MB
cache 906895360
rss 92860416
rss_huge 0
mapped_file 3395584
writeback 0
swap 0
pgpgin 5753699
pgpgout 5509618
pgfault 1417671
pgmajfault 223
inactive_anon 46632960
active_anon 46309376
inactive_file 453574656
active_file 453214208
unevictable 0
hierarchical_memory_limit 999997440
hierarchical_memsw_limit 9223372036854771712
total_cache 906895360
total_rss 92860416
total_rss_huge 0
total_mapped_file 3395584
total_writeback 0
total_swap 0
total_pgpgin 5753699
total_pgpgout 5509618
total_pgfault 1417671
total_pgmajfault 223
total_inactive_anon 46632960
total_active_anon 46309376
total_inactive_file 453574656
total_active_file 453214208
total_unevictable 0
--------------------BLKIO-----------------------
11:0 Read 0
11:0 Write 0
11:0 Sync 0
11:0 Async 0
11:0 Total 0
253:0 Read 3223531520
253:0 Write 262144
253:0 Sync 0
253:0 Async 3223793664
253:0 Total 3223793664
Total 3223793664
--------------------CPUAC-----------------------
user 690
system 75384
 
--------------------MEMCG-----------------------
MEM ONLY  : 953 MB
MEM+SWAP  : 953 MB
cache 906989568
rss 92860416
rss_huge 0
mapped_file 3436544
writeback 0
swap 0
pgpgin 5945972
pgpgout 5701868
pgfault 1459864
pgmajfault 224
inactive_anon 46632960
active_anon 46309376
inactive_file 453586944
active_file 453189632
unevictable 0
hierarchical_memory_limit 999997440
hierarchical_memsw_limit 9223372036854771712
total_cache 906989568
total_rss 92860416
total_rss_huge 0
total_mapped_file 3436544
total_writeback 0
total_swap 0
total_pgpgin 5945972
total_pgpgout 5701868
total_pgfault 1459864
total_pgmajfault 224
total_inactive_anon 46632960
total_active_anon 46309376
total_inactive_file 453586944
total_active_file 453189632
total_unevictable 0
--------------------BLKIO-----------------------
11:0 Read 0
11:0 Write 0
11:0 Sync 0
11:0 Async 0
11:0 Total 0
253:0 Read 3223580672
253:0 Write 262144
253:0 Sync 0
253:0 Async 3223842816
253:0 Total 3223842816
Total 3223842816
--------------------CPUAC-----------------------
user 707
system 78368
 
