--------------------MEMCG-----------------------
MEM ONLY  : 380 MB
MEM+SWAP  : 380 MB
cache 304898048
rss 94388224
rss_huge 0
mapped_file 46669824
writeback 0
swap 0
pgpgin 190981
pgpgout 93499
pgfault 231171
pgmajfault 217
inactive_anon 53248
active_anon 94420992
inactive_file 270295040
active_file 34484224
unevictable 0
hierarchical_memory_limit 999997440
hierarchical_memsw_limit 9223372036854771712
total_cache 304898048
total_rss 94388224
total_rss_huge 0
total_mapped_file 46669824
total_writeback 0
total_swap 0
total_pgpgin 190981
total_pgpgout 93499
total_pgfault 231171
total_pgmajfault 217
total_inactive_anon 53248
total_active_anon 94420992
total_inactive_file 270295040
total_active_file 34484224
total_unevictable 0
--------------------BLKIO-----------------------
11:0 Read 0
11:0 Write 0
11:0 Sync 0
11:0 Async 0
11:0 Total 0
253:0 Read 265113600
253:0 Write 253952
253:0 Sync 0
253:0 Async 265367552
253:0 Total 265367552
Total 265367552
--------------------CPUAC-----------------------
user 95
system 194
 
--------------------MEMCG-----------------------
MEM ONLY  : 886 MB
MEM+SWAP  : 887 MB
cache 836235264
rss 93847552
rss_huge 0
mapped_file 46514176
writeback 0
swap 0
pgpgin 349724
pgpgout 122653
pgfault 261528
pgmajfault 217
inactive_anon 49152
active_anon 93880320
inactive_file 714194944
active_file 121925632
unevictable 0
hierarchical_memory_limit 999997440
hierarchical_memsw_limit 9223372036854771712
total_cache 836235264
total_rss 93847552
total_rss_huge 0
total_mapped_file 46514176
total_writeback 0
total_swap 0
total_pgpgin 349724
total_pgpgout 122653
total_pgfault 261528
total_pgmajfault 217
total_inactive_anon 49152
total_active_anon 93880320
total_inactive_file 714194944
total_active_file 121925632
total_unevictable 0
--------------------BLKIO-----------------------
11:0 Read 0
11:0 Write 0
11:0 Sync 0
11:0 Async 0
11:0 Total 0
253:0 Read 796454912
253:0 Write 253952
253:0 Sync 0
253:0 Async 796708864
253:0 Total 796708864
Total 796708864
--------------------CPUAC-----------------------
user 112
system 284
 
--------------------MEMCG-----------------------
MEM ONLY  : 953 MB
MEM+SWAP  : 953 MB
cache 906375168
rss 93581312
rss_huge 0
mapped_file 46346240
writeback 0
swap 0
pgpgin 522461
pgpgout 278331
pgfault 298506
pgmajfault 217
inactive_anon 47038464
active_anon 46624768
inactive_file 600838144
active_file 305422336
unevictable 0
hierarchical_memory_limit 999997440
hierarchical_memsw_limit 9223372036854771712
total_cache 906375168
total_rss 93581312
total_rss_huge 0
total_mapped_file 46346240
total_writeback 0
total_swap 0
total_pgpgin 522461
total_pgpgout 278331
total_pgfault 298506
total_pgmajfault 217
total_inactive_anon 47038464
total_active_anon 46624768
total_inactive_file 600838144
total_active_file 305422336
total_unevictable 0
--------------------BLKIO-----------------------
11:0 Read 0
11:0 Write 0
11:0 Sync 0
11:0 Async 0
11:0 Total 0
253:0 Read 1314459648
253:0 Write 253952
253:0 Sync 0
253:0 Async 1314713600
253:0 Total 1314713600
Total 1314713600
--------------------CPUAC-----------------------
user 129
system 600
 
--------------------MEMCG-----------------------
MEM ONLY  : 953 MB
MEM+SWAP  : 953 MB
cache 906268672
rss 93581312
rss_huge 0
mapped_file 12468224
writeback 0
swap 0
pgpgin 749666
pgpgout 505562
pgfault 346190
pgmajfault 217
inactive_anon 47038464
active_anon 46624768
inactive_file 453296128
active_file 452882432
unevictable 0
hierarchical_memory_limit 999997440
hierarchical_memsw_limit 9223372036854771712
total_cache 906268672
total_rss 93581312
total_rss_huge 0
total_mapped_file 12468224
total_writeback 0
total_swap 0
total_pgpgin 749666
total_pgpgout 505562
total_pgfault 346190
total_pgmajfault 217
total_inactive_anon 47038464
total_active_anon 46624768
total_inactive_file 453296128
total_active_file 452882432
total_unevictable 0
--------------------BLKIO-----------------------
11:0 Read 0
11:0 Write 0
11:0 Sync 0
11:0 Async 0
11:0 Total 0
253:0 Read 1833250816
253:0 Write 253952
253:0 Sync 0
253:0 Async 1833504768
253:0 Total 1833504768
Total 1833504768
--------------------CPUAC-----------------------
user 149
system 1611
 
--------------------MEMCG-----------------------
MEM ONLY  : 953 MB
MEM+SWAP  : 953 MB
cache 906379264
rss 93581312
rss_huge 0
mapped_file 8577024
writeback 0
swap 0
pgpgin 990510
pgpgout 746379
pgfault 397677
pgmajfault 217
inactive_anon 47038464
active_anon 46624768
inactive_file 453308416
active_file 452956160
unevictable 0
hierarchical_memory_limit 999997440
hierarchical_memsw_limit 9223372036854771712
total_cache 906379264
total_rss 93581312
total_rss_huge 0
total_mapped_file 8577024
total_writeback 0
total_swap 0
total_pgpgin 990510
total_pgpgout 746379
total_pgfault 397677
total_pgmajfault 217
total_inactive_anon 47038464
total_active_anon 46624768
total_inactive_file 453308416
total_active_file 452956160
total_unevictable 0
--------------------BLKIO-----------------------
11:0 Read 0
11:0 Write 0
11:0 Sync 0
11:0 Async 0
11:0 Total 0
253:0 Read 2354761728
253:0 Write 253952
253:0 Sync 0
253:0 Async 2355015680
253:0 Total 2355015680
Total 2355015680
--------------------CPUAC-----------------------
user 182
system 2898
 
--------------------MEMCG-----------------------
MEM ONLY  : 953 MB
MEM+SWAP  : 953 MB
cache 906207232
rss 93581312
rss_huge 0
mapped_file 3891200
writeback 0
swap 0
pgpgin 1236181
pgpgout 992092
pgfault 450059
pgmajfault 217
inactive_anon 47038464
active_anon 46624768
inactive_file 453206016
active_file 452861952
unevictable 0
hierarchical_memory_limit 999997440
hierarchical_memsw_limit 9223372036854771712
total_cache 906207232
total_rss 93581312
total_rss_huge 0
total_mapped_file 3891200
total_writeback 0
total_swap 0
total_pgpgin 1236181
total_pgpgout 992092
total_pgfault 450059
total_pgmajfault 217
total_inactive_anon 47038464
total_active_anon 46624768
total_inactive_file 453206016
total_active_file 452861952
total_unevictable 0
--------------------BLKIO-----------------------
11:0 Read 0
11:0 Write 0
11:0 Sync 0
11:0 Async 0
11:0 Total 0
253:0 Read 2877497344
253:0 Write 253952
253:0 Sync 0
253:0 Async 2877751296
253:0 Total 2877751296
Total 2877751296
--------------------CPUAC-----------------------
user 205
system 4000
 
--------------------MEMCG-----------------------
MEM ONLY  : 953 MB
MEM+SWAP  : 953 MB
cache 906285056
rss 93581312
rss_huge 0
mapped_file 3387392
writeback 0
swap 0
pgpgin 1470995
pgpgout 1226887
pgfault 501144
pgmajfault 217
inactive_anon 47038464
active_anon 46624768
inactive_file 453214208
active_file 452980736
unevictable 0
hierarchical_memory_limit 999997440
hierarchical_memsw_limit 9223372036854771712
total_cache 906285056
total_rss 93581312
total_rss_huge 0
total_mapped_file 3387392
total_writeback 0
total_swap 0
total_pgpgin 1470996
total_pgpgout 1226887
total_pgfault 501145
total_pgmajfault 217
total_inactive_anon 47038464
total_active_anon 46624768
total_inactive_file 453214208
total_active_file 452980736
total_unevictable 0
--------------------BLKIO-----------------------
11:0 Read 0
11:0 Write 0
11:0 Sync 0
11:0 Async 0
11:0 Total 0
253:0 Read 3387908096
253:0 Write 253952
253:0 Sync 0
253:0 Async 3388162048
253:0 Total 3388162048
Total 3388162048
--------------------CPUAC-----------------------
user 227
system 5200
 
--------------------MEMCG-----------------------
MEM ONLY  : 953 MB
MEM+SWAP  : 953 MB
cache 906170368
rss 93585408
rss_huge 0
mapped_file 3387392
writeback 0
swap 0
pgpgin 1712600
pgpgout 1468519
pgfault 552671
pgmajfault 217
inactive_anon 47038464
active_anon 46624768
inactive_file 453341184
active_file 452747264
unevictable 0
hierarchical_memory_limit 999997440
hierarchical_memsw_limit 9223372036854771712
total_cache 906170368
total_rss 93581312
total_rss_huge 0
total_mapped_file 3387392
total_writeback 0
total_swap 0
total_pgpgin 1712600
total_pgpgout 1468520
total_pgfault 552671
total_pgmajfault 217
total_inactive_anon 47038464
total_active_anon 46624768
total_inactive_file 453341184
total_active_file 452747264
total_unevictable 0
--------------------BLKIO-----------------------
11:0 Read 0
11:0 Write 0
11:0 Sync 0
11:0 Async 0
11:0 Total 0
253:0 Read 3906719744
253:0 Write 253952
253:0 Sync 0
253:0 Async 3906973696
253:0 Total 3906973696
Total 3906973696
--------------------CPUAC-----------------------
user 247
system 6273
 
--------------------MEMCG-----------------------
MEM ONLY  : 953 MB
MEM+SWAP  : 953 MB
cache 906342400
rss 93581312
rss_huge 0
mapped_file 3387392
writeback 0
swap 0
pgpgin 1959211
pgpgout 1715089
pgfault 604970
pgmajfault 217
inactive_anon 47038464
active_anon 46624768
inactive_file 453148672
active_file 453066752
unevictable 0
hierarchical_memory_limit 999997440
hierarchical_memsw_limit 9223372036854771712
total_cache 906342400
total_rss 93581312
total_rss_huge 0
total_mapped_file 3387392
total_writeback 0
total_swap 0
total_pgpgin 1959211
total_pgpgout 1715089
total_pgfault 604970
total_pgmajfault 217
total_inactive_anon 47038464
total_active_anon 46624768
total_inactive_file 453148672
total_active_file 453066752
total_unevictable 0
--------------------BLKIO-----------------------
11:0 Read 0
11:0 Write 0
11:0 Sync 0
11:0 Async 0
11:0 Total 0
253:0 Read 4420653056
253:0 Write 253952
253:0 Sync 0
253:0 Async 4420907008
253:0 Total 4420907008
Total 4420907008
--------------------CPUAC-----------------------
user 272
system 7649
 
--------------------MEMCG-----------------------
MEM ONLY  : 953 MB
MEM+SWAP  : 953 MB
cache 906346496
rss 93581312
rss_huge 0
mapped_file 3387392
writeback 0
swap 0
pgpgin 2207670
pgpgout 1963547
pgfault 657771
pgmajfault 217
inactive_anon 47038464
active_anon 46624768
inactive_file 453410816
active_file 452820992
unevictable 0
hierarchical_memory_limit 999997440
hierarchical_memsw_limit 9223372036854771712
total_cache 906346496
total_rss 93581312
total_rss_huge 0
total_mapped_file 3387392
total_writeback 0
total_swap 0
total_pgpgin 2207670
total_pgpgout 1963547
total_pgfault 657771
total_pgmajfault 217
total_inactive_anon 47038464
total_active_anon 46624768
total_inactive_file 453410816
total_active_file 452820992
total_unevictable 0
--------------------BLKIO-----------------------
11:0 Read 0
11:0 Write 0
11:0 Sync 0
11:0 Async 0
11:0 Total 0
253:0 Read 4942909440
253:0 Write 253952
253:0 Sync 0
253:0 Async 4943163392
253:0 Total 4943163392
Total 4943163392
--------------------CPUAC-----------------------
user 299
system 8810
 
--------------------MEMCG-----------------------
MEM ONLY  : 953 MB
MEM+SWAP  : 953 MB
cache 906178560
rss 93581312
rss_huge 0
mapped_file 3387392
writeback 0
swap 0
pgpgin 2450411
pgpgout 2206329
pgfault 708554
pgmajfault 217
inactive_anon 47038464
active_anon 46624768
inactive_file 453165056
active_file 452911104
unevictable 0
hierarchical_memory_limit 999997440
hierarchical_memsw_limit 9223372036854771712
total_cache 906178560
total_rss 93581312
total_rss_huge 0
total_mapped_file 3387392
total_writeback 0
total_swap 0
total_pgpgin 2450411
total_pgpgout 2206329
total_pgfault 708554
total_pgmajfault 217
total_inactive_anon 47038464
total_active_anon 46624768
total_inactive_file 453165056
total_active_file 452911104
total_unevictable 0
--------------------BLKIO-----------------------
11:0 Read 0
11:0 Write 0
11:0 Sync 0
11:0 Async 0
11:0 Total 0
253:0 Read 5454520320
253:0 Write 253952
253:0 Sync 0
253:0 Async 5454774272
253:0 Total 5454774272
Total 5454774272
--------------------CPUAC-----------------------
user 321
system 9962
 
--------------------MEMCG-----------------------
MEM ONLY  : 953 MB
MEM+SWAP  : 953 MB
cache 906317824
rss 93581312
rss_huge 0
mapped_file 3387392
writeback 0
swap 0
pgpgin 2667325
pgpgout 2423209
pgfault 754956
pgmajfault 217
inactive_anon 47038464
active_anon 46624768
inactive_file 453419008
active_file 452812800
unevictable 0
hierarchical_memory_limit 999997440
hierarchical_memsw_limit 9223372036854771712
total_cache 906317824
total_rss 93581312
total_rss_huge 0
total_mapped_file 3387392
total_writeback 0
total_swap 0
total_pgpgin 2667325
total_pgpgout 2423209
total_pgfault 754956
total_pgmajfault 217
total_inactive_anon 47038464
total_active_anon 46624768
total_inactive_file 453419008
total_active_file 452812800
total_unevictable 0
--------------------BLKIO-----------------------
11:0 Read 0
11:0 Write 0
11:0 Sync 0
11:0 Async 0
11:0 Total 0
253:0 Read 5908332544
253:0 Write 253952
253:0 Sync 0
253:0 Async 5908586496
253:0 Total 5908586496
Total 5908586496
--------------------CPUAC-----------------------
user 343
system 11697
 
--------------------MEMCG-----------------------
MEM ONLY  : 953 MB
MEM+SWAP  : 953 MB
cache 906346496
rss 93581312
rss_huge 0
mapped_file 3579904
writeback 0
swap 0
pgpgin 2914489
pgpgout 2670366
pgfault 808221
pgmajfault 220
inactive_anon 47038464
active_anon 46624768
inactive_file 453332992
active_file 452898816
unevictable 0
hierarchical_memory_limit 999997440
hierarchical_memsw_limit 9223372036854771712
total_cache 906346496
total_rss 93581312
total_rss_huge 0
total_mapped_file 3579904
total_writeback 0
total_swap 0
total_pgpgin 2914489
total_pgpgout 2670366
total_pgfault 808221
total_pgmajfault 220
total_inactive_anon 47038464
total_active_anon 46624768
total_inactive_file 453332992
total_active_file 452898816
total_unevictable 0
--------------------BLKIO-----------------------
11:0 Read 0
11:0 Write 0
11:0 Sync 0
11:0 Async 0
11:0 Total 0
253:0 Read 6426259456
253:0 Write 253952
253:0 Sync 0
253:0 Async 6426513408
253:0 Total 6426513408
Total 6426513408
--------------------CPUAC-----------------------
user 369
system 12856
 
--------------------MEMCG-----------------------
MEM ONLY  : 953 MB
MEM+SWAP  : 953 MB
cache 906293248
rss 93581312
rss_huge 0
mapped_file 3579904
writeback 0
swap 0
pgpgin 3110305
pgpgout 2866195
pgfault 849607
pgmajfault 220
inactive_anon 47038464
active_anon 46624768
inactive_file 453144576
active_file 453038080
unevictable 0
hierarchical_memory_limit 999997440
hierarchical_memsw_limit 9223372036854771712
total_cache 906293248
total_rss 93581312
total_rss_huge 0
total_mapped_file 3579904
total_writeback 0
total_swap 0
total_pgpgin 3110305
total_pgpgout 2866195
total_pgfault 849607
total_pgmajfault 220
total_inactive_anon 47038464
total_active_anon 46624768
total_inactive_file 453144576
total_active_file 453038080
total_unevictable 0
--------------------BLKIO-----------------------
11:0 Read 0
11:0 Write 0
11:0 Sync 0
11:0 Async 0
11:0 Total 0
253:0 Read 6842748928
253:0 Write 253952
253:0 Sync 0
253:0 Async 6843002880
253:0 Total 6843002880
Total 6843002880
--------------------CPUAC-----------------------
user 388
system 14601
 
--------------------MEMCG-----------------------
MEM ONLY  : 953 MB
MEM+SWAP  : 953 MB
cache 906190848
rss 93581312
rss_huge 0
mapped_file 3579904
writeback 0
swap 0
pgpgin 3338198
pgpgout 3094113
pgfault 898970
pgmajfault 220
inactive_anon 47038464
active_anon 46624768
inactive_file 453046272
active_file 453029888
unevictable 0
hierarchical_memory_limit 999997440
hierarchical_memsw_limit 9223372036854771712
total_cache 906190848
total_rss 93581312
total_rss_huge 0
total_mapped_file 3579904
total_writeback 0
total_swap 0
total_pgpgin 3338198
total_pgpgout 3094113
total_pgfault 898970
total_pgmajfault 220
total_inactive_anon 47038464
total_active_anon 46624768
total_inactive_file 453046272
total_active_file 453029888
total_unevictable 0
--------------------BLKIO-----------------------
11:0 Read 0
11:0 Write 0
11:0 Sync 0
11:0 Async 0
11:0 Total 0
253:0 Read 7324459008
253:0 Write 253952
253:0 Sync 0
253:0 Async 7324712960
253:0 Total 7324712960
Total 7324712960
--------------------CPUAC-----------------------
user 412
system 15928
 
--------------------MEMCG-----------------------
MEM ONLY  : 953 MB
MEM+SWAP  : 953 MB
cache 906354688
rss 93581312
rss_huge 0
mapped_file 3387392
writeback 0
swap 0
pgpgin 3578498
pgpgout 3334373
pgfault 950368
pgmajfault 220
inactive_anon 47038464
active_anon 46624768
inactive_file 453423104
active_file 452820992
unevictable 0
hierarchical_memory_limit 999997440
hierarchical_memsw_limit 9223372036854771712
total_cache 906354688
total_rss 93581312
total_rss_huge 0
total_mapped_file 3387392
total_writeback 0
total_swap 0
total_pgpgin 3578498
total_pgpgout 3334373
total_pgfault 950368
total_pgmajfault 220
total_inactive_anon 47038464
total_active_anon 46624768
total_inactive_file 453423104
total_active_file 452820992
total_unevictable 0
--------------------BLKIO-----------------------
11:0 Read 0
11:0 Write 0
11:0 Sync 0
11:0 Async 0
11:0 Total 0
253:0 Read 7841873920
253:0 Write 253952
253:0 Sync 0
253:0 Async 7842127872
253:0 Total 7842127872
Total 7842127872
--------------------CPUAC-----------------------
user 440
system 17011
 
--------------------MEMCG-----------------------
MEM ONLY  : 953 MB
MEM+SWAP  : 953 MB
cache 906178560
rss 93581312
rss_huge 0
mapped_file 3387392
writeback 0
swap 0
pgpgin 3816994
pgpgout 3572912
pgfault 1002174
pgmajfault 220
inactive_anon 47038464
active_anon 46624768
inactive_file 453218304
active_file 452845568
unevictable 0
hierarchical_memory_limit 999997440
hierarchical_memsw_limit 9223372036854771712
total_cache 906178560
total_rss 93581312
total_rss_huge 0
total_mapped_file 3387392
total_writeback 0
total_swap 0
total_pgpgin 3816994
total_pgpgout 3572912
total_pgfault 1002174
total_pgmajfault 220
total_inactive_anon 47038464
total_active_anon 46624768
total_inactive_file 453218304
total_active_file 452845568
total_unevictable 0
--------------------BLKIO-----------------------
11:0 Read 0
11:0 Write 0
11:0 Sync 0
11:0 Async 0
11:0 Total 0
253:0 Read 8338251776
253:0 Write 253952
253:0 Sync 0
253:0 Async 8338505728
253:0 Total 8338505728
Total 8338505728
--------------------CPUAC-----------------------
user 463
system 18444
 
--------------------MEMCG-----------------------
MEM ONLY  : 953 MB
MEM+SWAP  : 953 MB
cache 906272768
rss 93581312
rss_huge 0
mapped_file 3387392
writeback 0
swap 0
pgpgin 4056273
pgpgout 3812168
pgfault 1053141
pgmajfault 220
inactive_anon 47038464
active_anon 46624768
inactive_file 453160960
active_file 452997120
unevictable 0
hierarchical_memory_limit 999997440
hierarchical_memsw_limit 9223372036854771712
total_cache 906272768
total_rss 93581312
total_rss_huge 0
total_mapped_file 3387392
total_writeback 0
total_swap 0
total_pgpgin 4056273
total_pgpgout 3812168
total_pgfault 1053141
total_pgmajfault 220
total_inactive_anon 47038464
total_active_anon 46624768
total_inactive_file 453160960
total_active_file 452997120
total_unevictable 0
--------------------BLKIO-----------------------
11:0 Read 0
11:0 Write 0
11:0 Sync 0
11:0 Async 0
11:0 Total 0
253:0 Read 8856215552
253:0 Write 253952
253:0 Sync 0
253:0 Async 8856469504
253:0 Total 8856469504
Total 8856469504
--------------------CPUAC-----------------------
user 490
system 19504
 
--------------------MEMCG-----------------------
MEM ONLY  : 953 MB
MEM+SWAP  : 953 MB
cache 906272768
rss 93581312
rss_huge 0
mapped_file 3387392
writeback 0
swap 0
pgpgin 4291009
pgpgout 4046904
pgfault 1103195
pgmajfault 220
inactive_anon 47038464
active_anon 46624768
inactive_file 453234688
active_file 452915200
unevictable 0
hierarchical_memory_limit 999997440
hierarchical_memsw_limit 9223372036854771712
total_cache 906272768
total_rss 93581312
total_rss_huge 0
total_mapped_file 3387392
total_writeback 0
total_swap 0
total_pgpgin 4291009
total_pgpgout 4046904
total_pgfault 1103195
total_pgmajfault 220
total_inactive_anon 47038464
total_active_anon 46624768
total_inactive_file 453234688
total_active_file 452915200
total_unevictable 0
--------------------BLKIO-----------------------
11:0 Read 0
11:0 Write 0
11:0 Sync 0
11:0 Async 0
11:0 Total 0
253:0 Read 9360953344
253:0 Write 253952
253:0 Sync 0
253:0 Async 9361207296
253:0 Total 9361207296
Total 9361207296
--------------------CPUAC-----------------------
user 510
system 20913
 
--------------------MEMCG-----------------------
MEM ONLY  : 953 MB
MEM+SWAP  : 953 MB
cache 906399744
rss 93581312
rss_huge 0
mapped_file 3387392
writeback 0
swap 0
pgpgin 4526750
pgpgout 4282614
pgfault 1153285
pgmajfault 220
inactive_anon 47038464
active_anon 46624768
inactive_file 453365760
active_file 452902912
unevictable 0
hierarchical_memory_limit 999997440
hierarchical_memsw_limit 9223372036854771712
total_cache 906399744
total_rss 93581312
total_rss_huge 0
total_mapped_file 3387392
total_writeback 0
total_swap 0
total_pgpgin 4526750
total_pgpgout 4282614
total_pgfault 1153285
total_pgmajfault 220
total_inactive_anon 47038464
total_active_anon 46624768
total_inactive_file 453365760
total_active_file 452902912
total_unevictable 0
--------------------BLKIO-----------------------
11:0 Read 0
11:0 Write 0
11:0 Sync 0
11:0 Async 0
11:0 Total 0
253:0 Read 9864179712
253:0 Write 253952
253:0 Sync 0
253:0 Async 9864433664
253:0 Total 9864433664
Total 9864433664
--------------------CPUAC-----------------------
user 531
system 21972
 
--------------------MEMCG-----------------------
MEM ONLY  : 953 MB
MEM+SWAP  : 953 MB
cache 906326016
rss 93581312
rss_huge 0
mapped_file 3387392
writeback 0
swap 0
pgpgin 4771987
pgpgout 4527869
pgfault 1205523
pgmajfault 220
inactive_anon 47038464
active_anon 46624768
inactive_file 453189632
active_file 453054464
unevictable 0
hierarchical_memory_limit 999997440
hierarchical_memsw_limit 9223372036854771712
total_cache 906326016
total_rss 93581312
total_rss_huge 0
total_mapped_file 3387392
total_writeback 0
total_swap 0
total_pgpgin 4771987
total_pgpgout 4527869
total_pgfault 1205523
total_pgmajfault 220
total_inactive_anon 47038464
total_active_anon 46624768
total_inactive_file 453189632
total_active_file 453054464
total_unevictable 0
--------------------BLKIO-----------------------
11:0 Read 0
11:0 Write 0
11:0 Sync 0
11:0 Async 0
11:0 Total 0
253:0 Read 10385936384
253:0 Write 253952
253:0 Sync 0
253:0 Async 10386190336
253:0 Total 10386190336
Total 10386190336
--------------------CPUAC-----------------------
user 561
system 23079
 
--------------------MEMCG-----------------------
MEM ONLY  : 953 MB
MEM+SWAP  : 953 MB
cache 906280960
rss 93581312
rss_huge 0
mapped_file 3387392
writeback 0
swap 0
pgpgin 5012057
pgpgout 4767950
pgfault 1256894
pgmajfault 220
inactive_anon 47038464
active_anon 46624768
inactive_file 453246976
active_file 452935680
unevictable 0
hierarchical_memory_limit 999997440
hierarchical_memsw_limit 9223372036854771712
total_cache 906280960
total_rss 93581312
total_rss_huge 0
total_mapped_file 3387392
total_writeback 0
total_swap 0
total_pgpgin 5012057
total_pgpgout 4767950
total_pgfault 1256894
total_pgmajfault 220
total_inactive_anon 47038464
total_active_anon 46624768
total_inactive_file 453246976
total_active_file 452935680
total_unevictable 0
--------------------BLKIO-----------------------
11:0 Read 0
11:0 Write 0
11:0 Sync 0
11:0 Async 0
11:0 Total 0
253:0 Read 10895273984
253:0 Write 253952
253:0 Sync 0
253:0 Async 10895527936
253:0 Total 10895527936
Total 10895527936
--------------------CPUAC-----------------------
user 590
system 24362
 
--------------------MEMCG-----------------------
MEM ONLY  : 953 MB
MEM+SWAP  : 953 MB
cache 906145792
rss 93581312
rss_huge 0
mapped_file 3387392
writeback 0
swap 0
pgpgin 5256521
pgpgout 5012447
pgfault 1308172
pgmajfault 220
inactive_anon 47038464
active_anon 46624768
inactive_file 453337088
active_file 452726784
unevictable 0
hierarchical_memory_limit 999997440
hierarchical_memsw_limit 9223372036854771712
total_cache 906145792
total_rss 93581312
total_rss_huge 0
total_mapped_file 3387392
total_writeback 0
total_swap 0
total_pgpgin 5256521
total_pgpgout 5012447
total_pgfault 1308172
total_pgmajfault 220
total_inactive_anon 47038464
total_active_anon 46624768
total_inactive_file 453337088
total_active_file 452726784
total_unevictable 0
--------------------BLKIO-----------------------
11:0 Read 0
11:0 Write 0
11:0 Sync 0
11:0 Async 0
11:0 Total 0
253:0 Read 11410665472
253:0 Write 253952
253:0 Sync 0
253:0 Async 11410919424
253:0 Total 11410919424
Total 11410919424
--------------------CPUAC-----------------------
user 615
system 25484
 
--------------------MEMCG-----------------------
MEM ONLY  : 953 MB
MEM+SWAP  : 953 MB
cache 906416128
rss 93581312
rss_huge 0
mapped_file 3387392
writeback 0
swap 0
pgpgin 5478939
pgpgout 5234799
pgfault 1356667
pgmajfault 220
inactive_anon 47038464
active_anon 46624768
inactive_file 453042176
active_file 453197824
unevictable 0
hierarchical_memory_limit 999997440
hierarchical_memsw_limit 9223372036854771712
total_cache 906416128
total_rss 93581312
total_rss_huge 0
total_mapped_file 3387392
total_writeback 0
total_swap 0
total_pgpgin 5478939
total_pgpgout 5234799
total_pgfault 1356667
total_pgmajfault 220
total_inactive_anon 47038464
total_active_anon 46624768
total_inactive_file 453042176
total_active_file 453197824
total_unevictable 0
--------------------BLKIO-----------------------
11:0 Read 0
11:0 Write 0
11:0 Sync 0
11:0 Async 0
11:0 Total 0
253:0 Read 11887190016
253:0 Write 253952
253:0 Sync 0
253:0 Async 11887443968
253:0 Total 11887443968
Total 11887443968
--------------------CPUAC-----------------------
user 635
system 27019
 
--------------------MEMCG-----------------------
MEM ONLY  : 953 MB
MEM+SWAP  : 953 MB
cache 906260480
rss 93581312
rss_huge 0
mapped_file 3387392
writeback 0
swap 0
pgpgin 5720201
pgpgout 5476099
pgfault 1408071
pgmajfault 220
inactive_anon 47038464
active_anon 46624768
inactive_file 452751360
active_file 453390336
unevictable 0
hierarchical_memory_limit 999997440
hierarchical_memsw_limit 9223372036854771712
total_cache 906260480
total_rss 93581312
total_rss_huge 0
total_mapped_file 3387392
total_writeback 0
total_swap 0
total_pgpgin 5720201
total_pgpgout 5476099
total_pgfault 1408071
total_pgmajfault 220
total_inactive_anon 47038464
total_active_anon 46624768
total_inactive_file 452751360
total_active_file 453390336
total_unevictable 0
--------------------BLKIO-----------------------
11:0 Read 0
11:0 Write 0
11:0 Sync 0
11:0 Async 0
11:0 Total 0
253:0 Read 12404748288
253:0 Write 253952
253:0 Sync 0
253:0 Async 12405002240
253:0 Total 12405002240
Total 12405002240
--------------------CPUAC-----------------------
user 664
system 28138
 
--------------------MEMCG-----------------------
MEM ONLY  : 953 MB
MEM+SWAP  : 953 MB
cache 906403840
rss 93581312
rss_huge 0
mapped_file 3387392
writeback 0
swap 0
pgpgin 5968290
pgpgout 5724152
pgfault 1460940
pgmajfault 220
inactive_anon 47038464
active_anon 46624768
inactive_file 453300224
active_file 453021696
unevictable 0
hierarchical_memory_limit 999997440
hierarchical_memsw_limit 9223372036854771712
total_cache 906403840
total_rss 93581312
total_rss_huge 0
total_mapped_file 3387392
total_writeback 0
total_swap 0
total_pgpgin 5968290
total_pgpgout 5724153
total_pgfault 1460940
total_pgmajfault 220
total_inactive_anon 47038464
total_active_anon 46624768
total_inactive_file 453300224
total_active_file 453021696
total_unevictable 0
--------------------BLKIO-----------------------
11:0 Read 0
11:0 Write 0
11:0 Sync 0
11:0 Async 0
11:0 Total 0
253:0 Read 12924047360
253:0 Write 253952
253:0 Sync 0
253:0 Async 12924301312
253:0 Total 12924301312
Total 12924301312
--------------------CPUAC-----------------------
user 686
system 29314
 
--------------------MEMCG-----------------------
MEM ONLY  : 953 MB
MEM+SWAP  : 953 MB
cache 906203136
rss 93581312
rss_huge 0
mapped_file 3387392
writeback 0
swap 0
pgpgin 6206220
pgpgout 5962132
pgfault 1512021
pgmajfault 220
inactive_anon 47038464
active_anon 46624768
inactive_file 453246976
active_file 452820992
unevictable 0
hierarchical_memory_limit 999997440
hierarchical_memsw_limit 9223372036854771712
total_cache 906203136
total_rss 93581312
total_rss_huge 0
total_mapped_file 3387392
total_writeback 0
total_swap 0
total_pgpgin 6206220
total_pgpgout 5962132
total_pgfault 1512021
total_pgmajfault 220
total_inactive_anon 47038464
total_active_anon 46624768
total_inactive_file 453246976
total_active_file 452820992
total_unevictable 0
--------------------BLKIO-----------------------
11:0 Read 0
11:0 Write 0
11:0 Sync 0
11:0 Async 0
11:0 Total 0
253:0 Read 13428740096
253:0 Write 253952
253:0 Sync 0
253:0 Async 13428994048
253:0 Total 13428994048
Total 13428994048
--------------------CPUAC-----------------------
user 710
system 30657
 
--------------------MEMCG-----------------------
MEM ONLY  : 953 MB
MEM+SWAP  : 953 MB
cache 906346496
rss 93581312
rss_huge 0
mapped_file 3387392
writeback 684032
swap 0
pgpgin 6451437
pgpgout 6207314
pgfault 1564028
pgmajfault 220
inactive_anon 47038464
active_anon 46624768
inactive_file 453246976
active_file 452980736
unevictable 0
hierarchical_memory_limit 999997440
hierarchical_memsw_limit 9223372036854771712
total_cache 906346496
total_rss 93581312
total_rss_huge 0
total_mapped_file 3387392
total_writeback 684032
total_swap 0
total_pgpgin 6451437
total_pgpgout 6207314
total_pgfault 1564028
total_pgmajfault 220
total_inactive_anon 47038464
total_active_anon 46624768
total_inactive_file 453246976
total_active_file 452980736
total_unevictable 0
--------------------BLKIO-----------------------
11:0 Read 0
11:0 Write 0
11:0 Sync 0
11:0 Async 0
11:0 Total 0
253:0 Read 13942091776
253:0 Write 253952
253:0 Sync 0
253:0 Async 13942345728
253:0 Total 13942345728
Total 13942345728
--------------------CPUAC-----------------------
user 735
system 31797
 
--------------------MEMCG-----------------------
MEM ONLY  : 953 MB
MEM+SWAP  : 953 MB
cache 906366976
rss 93581312
rss_huge 0
mapped_file 3387392
writeback 0
swap 0
pgpgin 6679087
pgpgout 6434959
pgfault 1613151
pgmajfault 220
inactive_anon 47038464
active_anon 46624768
inactive_file 452857856
active_file 453378048
unevictable 0
hierarchical_memory_limit 999997440
hierarchical_memsw_limit 9223372036854771712
total_cache 906366976
total_rss 93581312
total_rss_huge 0
total_mapped_file 3387392
total_writeback 0
total_swap 0
total_pgpgin 6679087
total_pgpgout 6434959
total_pgfault 1613151
total_pgmajfault 220
total_inactive_anon 47038464
total_active_anon 46624768
total_inactive_file 452857856
total_active_file 453378048
total_unevictable 0
--------------------BLKIO-----------------------
11:0 Read 0
11:0 Write 0
11:0 Sync 0
11:0 Async 0
11:0 Total 0
253:0 Read 14417248256
253:0 Write 253952
253:0 Sync 0
253:0 Async 14417502208
253:0 Total 14417502208
Total 14417502208
--------------------CPUAC-----------------------
user 759
system 33463
 
--------------------MEMCG-----------------------
MEM ONLY  : 953 MB
MEM+SWAP  : 953 MB
cache 906182656
rss 93581312
rss_huge 0
mapped_file 3387392
writeback 0
swap 0
pgpgin 6921651
pgpgout 6677568
pgfault 1664651
pgmajfault 220
inactive_anon 47038464
active_anon 46624768
inactive_file 453152768
active_file 452915200
unevictable 0
hierarchical_memory_limit 999997440
hierarchical_memsw_limit 9223372036854771712
total_cache 906182656
total_rss 93581312
total_rss_huge 0
total_mapped_file 3387392
total_writeback 0
total_swap 0
total_pgpgin 6921651
total_pgpgout 6677568
total_pgfault 1664651
total_pgmajfault 220
total_inactive_anon 47038464
total_active_anon 46624768
total_inactive_file 453152768
total_active_file 452915200
total_unevictable 0
--------------------BLKIO-----------------------
11:0 Read 0
11:0 Write 0
11:0 Sync 0
11:0 Async 0
11:0 Total 0
253:0 Read 14939066368
253:0 Write 253952
253:0 Sync 0
253:0 Async 14939320320
253:0 Total 14939320320
Total 14939320320
--------------------CPUAC-----------------------
user 788
system 34524
 
