--------------------MEMCG-----------------------
MEM ONLY  : 273 MB
MEM+SWAP  : 273 MB
cache 192999424
rss 93396992
rss_huge 0
mapped_file 46534656
writeback 0
swap 0
pgpgin 148984
pgpgout 79063
pgfault 216136
pgmajfault 218
inactive_anon 53248
active_anon 93429760
inactive_file 162779136
active_file 30134272
unevictable 0
hierarchical_memory_limit 999997440
hierarchical_memsw_limit 9223372036854771712
total_cache 192999424
total_rss 93396992
total_rss_huge 0
total_mapped_file 46534656
total_writeback 0
total_swap 0
total_pgpgin 148984
total_pgpgout 79063
total_pgfault 216136
total_pgmajfault 218
total_inactive_anon 53248
total_active_anon 93429760
total_inactive_file 162779136
total_active_file 30134272
total_unevictable 0
--------------------BLKIO-----------------------
11:0 Read 0
11:0 Write 0
11:0 Sync 0
11:0 Async 0
11:0 Total 0
253:0 Read 153231360
253:0 Write 262144
253:0 Sync 0
253:0 Async 153493504
253:0 Total 153493504
Total 153493504
--------------------CPUAC-----------------------
user 76
system 182
 
--------------------MEMCG-----------------------
MEM ONLY  : 781 MB
MEM+SWAP  : 781 MB
cache 725995520
rss 93188096
rss_huge 0
mapped_file 46514176
writeback 0
swap 0
pgpgin 307283
pgpgout 107287
pgfault 246309
pgmajfault 218
inactive_anon 49152
active_anon 93220864
inactive_file 630542336
active_file 95338496
unevictable 0
hierarchical_memory_limit 999997440
hierarchical_memsw_limit 9223372036854771712
total_cache 725995520
total_rss 93188096
total_rss_huge 0
total_mapped_file 46514176
total_writeback 0
total_swap 0
total_pgpgin 307283
total_pgpgout 107287
total_pgfault 246309
total_pgmajfault 218
total_inactive_anon 49152
total_active_anon 93220864
total_inactive_file 630542336
total_active_file 95338496
total_unevictable 0
--------------------BLKIO-----------------------
11:0 Read 0
11:0 Write 0
11:0 Sync 0
11:0 Async 0
11:0 Total 0
253:0 Read 686227456
253:0 Write 262144
253:0 Sync 0
253:0 Async 686489600
253:0 Total 686489600
Total 686489600
--------------------CPUAC-----------------------
user 94
system 277
 
--------------------MEMCG-----------------------
MEM ONLY  : 953 MB
MEM+SWAP  : 953 MB
cache 907022336
rss 92921856
rss_huge 0
mapped_file 46346240
writeback 0
swap 0
pgpgin 477785
pgpgout 233658
pgfault 282294
pgmajfault 218
inactive_anon 46632960
active_anon 46370816
inactive_file 635813888
active_file 271126528
unevictable 0
hierarchical_memory_limit 999997440
hierarchical_memsw_limit 9223372036854771712
total_cache 907022336
total_rss 92921856
total_rss_huge 0
total_mapped_file 46346240
total_writeback 0
total_swap 0
total_pgpgin 477785
total_pgpgout 233658
total_pgfault 282294
total_pgmajfault 218
total_inactive_anon 46632960
total_active_anon 46370816
total_inactive_file 635813888
total_active_file 271126528
total_unevictable 0
--------------------BLKIO-----------------------
11:0 Read 0
11:0 Write 0
11:0 Sync 0
11:0 Async 0
11:0 Total 0
253:0 Read 1215201280
253:0 Write 262144
253:0 Sync 0
253:0 Async 1215463424
253:0 Total 1215463424
Total 1215463424
--------------------CPUAC-----------------------
user 116
system 540
 
--------------------MEMCG-----------------------
MEM ONLY  : 953 MB
MEM+SWAP  : 953 MB
cache 906903552
rss 92921856
rss_huge 0
mapped_file 12468224
writeback 0
swap 0
pgpgin 688425
pgpgout 444327
pgfault 327043
pgmajfault 218
inactive_anon 46632960
active_anon 46370816
inactive_file 453390336
active_file 453398528
unevictable 0
hierarchical_memory_limit 999997440
hierarchical_memsw_limit 9223372036854771712
total_cache 906903552
total_rss 92921856
total_rss_huge 0
total_mapped_file 12468224
total_writeback 0
total_swap 0
total_pgpgin 688425
total_pgpgout 444327
total_pgfault 327043
total_pgmajfault 218
total_inactive_anon 46632960
total_active_anon 46370816
total_inactive_file 453390336
total_active_file 453398528
total_unevictable 0
--------------------BLKIO-----------------------
11:0 Read 0
11:0 Write 0
11:0 Sync 0
11:0 Async 0
11:0 Total 0
253:0 Read 1720803328
253:0 Write 262144
253:0 Sync 0
253:0 Async 1721065472
253:0 Total 1721065472
Total 1721065472
--------------------CPUAC-----------------------
user 140
system 1747
 
--------------------MEMCG-----------------------
MEM ONLY  : 953 MB
MEM+SWAP  : 953 MB
cache 906895360
rss 92921856
rss_huge 0
mapped_file 8577024
writeback 0
swap 0
pgpgin 966725
pgpgout 722629
pgfault 385994
pgmajfault 218
inactive_anon 46632960
active_anon 46370816
inactive_file 453476352
active_file 453337088
unevictable 0
hierarchical_memory_limit 999997440
hierarchical_memsw_limit 9223372036854771712
total_cache 906895360
total_rss 92921856
total_rss_huge 0
total_mapped_file 8577024
total_writeback 0
total_swap 0
total_pgpgin 966725
total_pgpgout 722629
total_pgfault 385994
total_pgmajfault 218
total_inactive_anon 46632960
total_active_anon 46370816
total_inactive_file 453476352
total_active_file 453337088
total_unevictable 0
--------------------BLKIO-----------------------
11:0 Read 0
11:0 Write 0
11:0 Sync 0
11:0 Async 0
11:0 Total 0
253:0 Read 2213015552
253:0 Write 262144
253:0 Sync 0
253:0 Async 2213277696
253:0 Total 2213277696
Total 2213277696
--------------------CPUAC-----------------------
user 176
system 3795
 
--------------------MEMCG-----------------------
MEM ONLY  : 953 MB
MEM+SWAP  : 953 MB
cache 906858496
rss 92921856
rss_huge 0
mapped_file 3903488
writeback 0
swap 0
pgpgin 1227520
pgpgout 983433
pgfault 442195
pgmajfault 218
inactive_anon 46632960
active_anon 46370816
inactive_file 453414912
active_file 453218304
unevictable 0
hierarchical_memory_limit 999997440
hierarchical_memsw_limit 9223372036854771712
total_cache 906858496
total_rss 92921856
total_rss_huge 0
total_mapped_file 3903488
total_writeback 0
total_swap 0
total_pgpgin 1227520
total_pgpgout 983433
total_pgfault 442195
total_pgmajfault 218
total_inactive_anon 46632960
total_active_anon 46370816
total_inactive_file 453414912
total_active_file 453218304
total_unevictable 0
--------------------BLKIO-----------------------
11:0 Read 0
11:0 Write 0
11:0 Sync 0
11:0 Async 0
11:0 Total 0
253:0 Read 2530197504
253:0 Write 262144
253:0 Sync 0
253:0 Async 2530459648
253:0 Total 2530459648
Total 2530459648
--------------------CPUAC-----------------------
user 205
system 6678
 
--------------------MEMCG-----------------------
MEM ONLY  : 953 MB
MEM+SWAP  : 953 MB
cache 906969088
rss 92921856
rss_huge 0
mapped_file 3387392
writeback 0
swap 0
pgpgin 1487097
pgpgout 1243015
pgfault 498295
pgmajfault 218
inactive_anon 46632960
active_anon 46370816
inactive_file 453459968
active_file 453267456
unevictable 0
hierarchical_memory_limit 999997440
hierarchical_memsw_limit 9223372036854771712
total_cache 906838016
total_rss 92921856
total_rss_huge 0
total_mapped_file 3387392
total_writeback 0
total_swap 0
total_pgpgin 1487097
total_pgpgout 1243015
total_pgfault 498295
total_pgmajfault 218
total_inactive_anon 46632960
total_active_anon 46370816
total_inactive_file 453459968
total_active_file 453267456
total_unevictable 0
--------------------BLKIO-----------------------
11:0 Read 0
11:0 Write 0
11:0 Sync 0
11:0 Async 0
11:0 Total 0
253:0 Read 2747711488
253:0 Write 262144
253:0 Sync 0
253:0 Async 2747973632
253:0 Total 2747973632
Total 2747973632
--------------------CPUAC-----------------------
user 237
system 9586
 
--------------------MEMCG-----------------------
MEM ONLY  : 953 MB
MEM+SWAP  : 953 MB
cache 907071488
rss 92921856
rss_huge 0
mapped_file 3387392
writeback 0
swap 0
pgpgin 1725734
pgpgout 1481595
pgfault 549833
pgmajfault 218
inactive_anon 46632960
active_anon 46370816
inactive_file 453275648
active_file 453677056
unevictable 0
hierarchical_memory_limit 999997440
hierarchical_memsw_limit 9223372036854771712
total_cache 907071488
total_rss 92921856
total_rss_huge 0
total_mapped_file 3387392
total_writeback 0
total_swap 0
total_pgpgin 1725734
total_pgpgout 1481595
total_pgfault 549833
total_pgmajfault 218
total_inactive_anon 46632960
total_active_anon 46370816
total_inactive_file 453275648
total_active_file 453677056
total_unevictable 0
--------------------BLKIO-----------------------
11:0 Read 0
11:0 Write 0
11:0 Sync 0
11:0 Async 0
11:0 Total 0
253:0 Read 2882572288
253:0 Write 262144
253:0 Sync 0
253:0 Async 2882834432
253:0 Total 2882834432
Total 2882834432
--------------------CPUAC-----------------------
user 261
system 12563
 
--------------------MEMCG-----------------------
MEM ONLY  : 953 MB
MEM+SWAP  : 953 MB
cache 906817536
rss 92921856
rss_huge 0
mapped_file 3387392
writeback 0
swap 0
pgpgin 1923796
pgpgout 1679719
pgfault 592982
pgmajfault 218
inactive_anon 46632960
active_anon 46370816
inactive_file 453316608
active_file 453414912
unevictable 0
hierarchical_memory_limit 999997440
hierarchical_memsw_limit 9223372036854771712
total_cache 906817536
total_rss 92921856
total_rss_huge 0
total_mapped_file 3387392
total_writeback 0
total_swap 0
total_pgpgin 1923796
total_pgpgout 1679719
total_pgfault 592982
total_pgmajfault 218
total_inactive_anon 46632960
total_active_anon 46370816
total_inactive_file 453316608
total_active_file 453414912
total_unevictable 0
--------------------BLKIO-----------------------
11:0 Read 0
11:0 Write 0
11:0 Sync 0
11:0 Async 0
11:0 Total 0
253:0 Read 2963709952
253:0 Write 262144
253:0 Sync 0
253:0 Async 2963972096
253:0 Total 2963972096
Total 2963972096
--------------------CPUAC-----------------------
user 284
system 15538
 
--------------------MEMCG-----------------------
MEM ONLY  : 953 MB
MEM+SWAP  : 953 MB
cache 906649600
rss 92921856
rss_huge 0
mapped_file 3387392
writeback 0
swap 0
pgpgin 2142343
pgpgout 1898307
pgfault 640136
pgmajfault 218
inactive_anon 46632960
active_anon 46370816
inactive_file 453353472
active_file 453189632
unevictable 0
hierarchical_memory_limit 999997440
hierarchical_memsw_limit 9223372036854771712
total_cache 906649600
total_rss 92921856
total_rss_huge 0
total_mapped_file 3387392
total_writeback 0
total_swap 0
total_pgpgin 2142343
total_pgpgout 1898307
total_pgfault 640136
total_pgmajfault 218
total_inactive_anon 46632960
total_active_anon 46370816
total_inactive_file 453353472
total_active_file 453189632
total_unevictable 0
--------------------BLKIO-----------------------
11:0 Read 0
11:0 Write 0
11:0 Sync 0
11:0 Async 0
11:0 Total 0
253:0 Read 3035475968
253:0 Write 262144
253:0 Sync 0
253:0 Async 3035738112
253:0 Total 3035738112
Total 3035738112
--------------------CPUAC-----------------------
user 304
system 18518
 
--------------------MEMCG-----------------------
MEM ONLY  : 953 MB
MEM+SWAP  : 953 MB
cache 906969088
rss 92921856
rss_huge 0
mapped_file 3387392
writeback 0
swap 0
pgpgin 2354044
pgpgout 2109930
pgfault 684695
pgmajfault 218
inactive_anon 46632960
active_anon 46370816
inactive_file 453599232
active_file 453279744
unevictable 0
hierarchical_memory_limit 999997440
hierarchical_memsw_limit 9223372036854771712
total_cache 906969088
total_rss 92921856
total_rss_huge 0
total_mapped_file 3387392
total_writeback 0
total_swap 0
total_pgpgin 2354044
total_pgpgout 2109930
total_pgfault 684695
total_pgmajfault 218
total_inactive_anon 46632960
total_active_anon 46370816
total_inactive_file 453599232
total_active_file 453279744
total_unevictable 0
--------------------BLKIO-----------------------
11:0 Read 0
11:0 Write 0
11:0 Sync 0
11:0 Async 0
11:0 Total 0
253:0 Read 3083620352
253:0 Write 262144
253:0 Sync 0
253:0 Async 3083882496
253:0 Total 3083882496
Total 3083882496
--------------------CPUAC-----------------------
user 328
system 21496
 
--------------------MEMCG-----------------------
MEM ONLY  : 953 MB
MEM+SWAP  : 953 MB
cache 906813440
rss 92921856
rss_huge 0
mapped_file 3387392
writeback 0
swap 0
pgpgin 2525107
pgpgout 2281030
pgfault 722518
pgmajfault 218
inactive_anon 46632960
active_anon 46370816
inactive_file 453533696
active_file 453169152
unevictable 0
hierarchical_memory_limit 999997440
hierarchical_memsw_limit 9223372036854771712
total_cache 906813440
total_rss 92921856
total_rss_huge 0
total_mapped_file 3387392
total_writeback 0
total_swap 0
total_pgpgin 2525108
total_pgpgout 2281031
total_pgfault 722518
total_pgmajfault 218
total_inactive_anon 46632960
total_active_anon 46370816
total_inactive_file 453533696
total_active_file 453169152
total_unevictable 0
--------------------BLKIO-----------------------
11:0 Read 0
11:0 Write 0
11:0 Sync 0
11:0 Async 0
11:0 Total 0
253:0 Read 3116916736
253:0 Write 262144
253:0 Sync 0
253:0 Async 3117178880
253:0 Total 3117178880
Total 3117178880
--------------------CPUAC-----------------------
user 347
system 24475
 
--------------------MEMCG-----------------------
MEM ONLY  : 953 MB
MEM+SWAP  : 953 MB
cache 906969088
rss 92921856
rss_huge 0
mapped_file 3579904
writeback 0
swap 0
pgpgin 2732410
pgpgout 2488296
pgfault 767914
pgmajfault 221
inactive_anon 46632960
active_anon 46370816
inactive_file 453570560
active_file 453193728
unevictable 0
hierarchical_memory_limit 999997440
hierarchical_memsw_limit 9223372036854771712
total_cache 906969088
total_rss 92921856
total_rss_huge 0
total_mapped_file 3579904
total_writeback 0
total_swap 0
total_pgpgin 2732410
total_pgpgout 2488296
total_pgfault 767914
total_pgmajfault 221
total_inactive_anon 46632960
total_active_anon 46370816
total_inactive_file 453570560
total_active_file 453193728
total_unevictable 0
--------------------BLKIO-----------------------
11:0 Read 0
11:0 Write 0
11:0 Sync 0
11:0 Async 0
11:0 Total 0
253:0 Read 3147825152
253:0 Write 262144
253:0 Sync 0
253:0 Async 3148087296
253:0 Total 3148087296
Total 3148087296
--------------------CPUAC-----------------------
user 373
system 27450
 
--------------------MEMCG-----------------------
MEM ONLY  : 953 MB
MEM+SWAP  : 953 MB
cache 906842112
rss 92921856
rss_huge 0
mapped_file 3579904
writeback 0
swap 0
pgpgin 2937041
pgpgout 2692958
pgfault 811577
pgmajfault 221
inactive_anon 46632960
active_anon 46370816
inactive_file 453484544
active_file 453234688
unevictable 0
hierarchical_memory_limit 999997440
hierarchical_memsw_limit 9223372036854771712
total_cache 906842112
total_rss 92921856
total_rss_huge 0
total_mapped_file 3579904
total_writeback 0
total_swap 0
total_pgpgin 2937041
total_pgpgout 2692958
total_pgfault 811577
total_pgmajfault 221
total_inactive_anon 46632960
total_active_anon 46370816
total_inactive_file 453484544
total_active_file 453234688
total_unevictable 0
--------------------BLKIO-----------------------
11:0 Read 0
11:0 Write 0
11:0 Sync 0
11:0 Async 0
11:0 Total 0
253:0 Read 3166908416
253:0 Write 262144
253:0 Sync 0
253:0 Async 3167170560
253:0 Total 3167170560
Total 3167170560
--------------------CPUAC-----------------------
user 392
system 30432
 
--------------------MEMCG-----------------------
MEM ONLY  : 953 MB
MEM+SWAP  : 953 MB
cache 907075584
rss 92921856
rss_huge 0
mapped_file 3579904
writeback 0
swap 0
pgpgin 3046985
pgpgout 2802845
pgfault 835390
pgmajfault 221
inactive_anon 46632960
active_anon 46370816
inactive_file 453648384
active_file 453292032
unevictable 0
hierarchical_memory_limit 999997440
hierarchical_memsw_limit 9223372036854771712
total_cache 907075584
total_rss 92921856
total_rss_huge 0
total_mapped_file 3579904
total_writeback 0
total_swap 0
total_pgpgin 3046985
total_pgpgout 2802845
total_pgfault 835390
total_pgmajfault 221
total_inactive_anon 46632960
total_active_anon 46370816
total_inactive_file 453648384
total_active_file 453292032
total_unevictable 0
--------------------BLKIO-----------------------
11:0 Read 0
11:0 Write 0
11:0 Sync 0
11:0 Async 0
11:0 Total 0
253:0 Read 3173294080
253:0 Write 262144
253:0 Sync 0
253:0 Async 3173556224
253:0 Total 3173556224
Total 3173556224
--------------------CPUAC-----------------------
user 404
system 33367
 
--------------------MEMCG-----------------------
MEM ONLY  : 953 MB
MEM+SWAP  : 953 MB
cache 906924032
rss 92921856
rss_huge 0
mapped_file 3387392
writeback 0
swap 0
pgpgin 3251391
pgpgout 3007288
pgfault 879099
pgmajfault 221
inactive_anon 46632960
active_anon 46370816
inactive_file 453472256
active_file 453152768
unevictable 0
hierarchical_memory_limit 999997440
hierarchical_memsw_limit 9223372036854771712
total_cache 906924032
total_rss 92921856
total_rss_huge 0
total_mapped_file 3387392
total_writeback 0
total_swap 0
total_pgpgin 3251391
total_pgpgout 3007288
total_pgfault 879099
total_pgmajfault 221
total_inactive_anon 46632960
total_active_anon 46370816
total_inactive_file 453472256
total_active_file 453152768
total_unevictable 0
--------------------BLKIO-----------------------
11:0 Read 0
11:0 Write 0
11:0 Sync 0
11:0 Async 0
11:0 Total 0
253:0 Read 3184742400
253:0 Write 262144
253:0 Sync 0
253:0 Async 3185004544
253:0 Total 3185004544
Total 3185004544
--------------------CPUAC-----------------------
user 430
system 36342
 
--------------------MEMCG-----------------------
MEM ONLY  : 953 MB
MEM+SWAP  : 953 MB
cache 907018240
rss 92921856
rss_huge 0
mapped_file 3387392
writeback 0
swap 0
pgpgin 3452648
pgpgout 3208522
pgfault 921824
pgmajfault 221
inactive_anon 46632960
active_anon 46370816
inactive_file 453476352
active_file 453410816
unevictable 0
hierarchical_memory_limit 999997440
hierarchical_memsw_limit 9223372036854771712
total_cache 907018240
total_rss 92921856
total_rss_huge 0
total_mapped_file 3387392
total_writeback 0
total_swap 0
total_pgpgin 3452648
total_pgpgout 3208522
total_pgfault 921824
total_pgmajfault 221
total_inactive_anon 46632960
total_active_anon 46370816
total_inactive_file 453476352
total_active_file 453410816
total_unevictable 0
--------------------BLKIO-----------------------
11:0 Read 0
11:0 Write 0
11:0 Sync 0
11:0 Async 0
11:0 Total 0
253:0 Read 3194798080
253:0 Write 262144
253:0 Sync 0
253:0 Async 3195060224
253:0 Total 3195060224
Total 3195060224
--------------------CPUAC-----------------------
user 449
system 39323
 
--------------------MEMCG-----------------------
MEM ONLY  : 953 MB
MEM+SWAP  : 953 MB
cache 906924032
rss 92925952
rss_huge 0
mapped_file 3387392
writeback 0
swap 0
pgpgin 3606725
pgpgout 3362621
pgfault 955040
pgmajfault 221
inactive_anon 46632960
active_anon 46374912
inactive_file 453566464
active_file 453230592
unevictable 0
hierarchical_memory_limit 999997440
hierarchical_memsw_limit 9223372036854771712
total_cache 906924032
total_rss 92925952
total_rss_huge 0
total_mapped_file 3387392
total_writeback 0
total_swap 0
total_pgpgin 3606725
total_pgpgout 3362621
total_pgfault 955040
total_pgmajfault 221
total_inactive_anon 46632960
total_active_anon 46374912
total_inactive_file 453566464
total_active_file 453230592
total_unevictable 0
--------------------BLKIO-----------------------
11:0 Read 0
11:0 Write 0
11:0 Sync 0
11:0 Async 0
11:0 Total 0
253:0 Read 3198300160
253:0 Write 262144
253:0 Sync 0
253:0 Async 3198562304
253:0 Total 3198562304
Total 3198562304
--------------------CPUAC-----------------------
user 465
system 42300
 
--------------------MEMCG-----------------------
MEM ONLY  : 953 MB
MEM+SWAP  : 953 MB
cache 907022336
rss 92921856
rss_huge 0
mapped_file 3387392
writeback 0
swap 0
pgpgin 3808345
pgpgout 3564218
pgfault 998798
pgmajfault 221
inactive_anon 46632960
active_anon 46370816
inactive_file 453586944
active_file 453341184
unevictable 0
hierarchical_memory_limit 999997440
hierarchical_memsw_limit 9223372036854771712
total_cache 907022336
total_rss 92921856
total_rss_huge 0
total_mapped_file 3387392
total_writeback 0
total_swap 0
total_pgpgin 3808345
total_pgpgout 3564218
total_pgfault 998798
total_pgmajfault 221
total_inactive_anon 46632960
total_active_anon 46370816
total_inactive_file 453586944
total_active_file 453341184
total_unevictable 0
--------------------BLKIO-----------------------
11:0 Read 0
11:0 Write 0
11:0 Sync 0
11:0 Async 0
11:0 Total 0
253:0 Read 3205189632
253:0 Write 262144
253:0 Sync 0
253:0 Async 3205451776
253:0 Total 3205451776
Total 3205451776
--------------------CPUAC-----------------------
user 480
system 45286
 
--------------------MEMCG-----------------------
MEM ONLY  : 953 MB
MEM+SWAP  : 953 MB
cache 906825728
rss 92921856
rss_huge 0
mapped_file 3436544
writeback 0
swap 0
pgpgin 4008618
pgpgout 3764539
pgfault 1041500
pgmajfault 222
inactive_anon 46632960
active_anon 46370816
inactive_file 453443584
active_file 453283840
unevictable 0
hierarchical_memory_limit 999997440
hierarchical_memsw_limit 9223372036854771712
total_cache 906825728
total_rss 92921856
total_rss_huge 0
total_mapped_file 3436544
total_writeback 0
total_swap 0
total_pgpgin 4008618
total_pgpgout 3764539
total_pgfault 1041500
total_pgmajfault 222
total_inactive_anon 46632960
total_active_anon 46370816
total_inactive_file 453443584
total_active_file 453283840
total_unevictable 0
--------------------BLKIO-----------------------
11:0 Read 0
11:0 Write 0
11:0 Sync 0
11:0 Async 0
11:0 Total 0
253:0 Read 3209830400
253:0 Write 262144
253:0 Sync 0
253:0 Async 3210092544
253:0 Total 3210092544
Total 3210092544
--------------------CPUAC-----------------------
user 497
system 48269
 
--------------------MEMCG-----------------------
MEM ONLY  : 953 MB
MEM+SWAP  : 953 MB
cache 906915840
rss 92930048
rss_huge 0
mapped_file 3436544
writeback 0
swap 0
pgpgin 4172309
pgpgout 3928206
pgfault 1077203
pgmajfault 222
inactive_anon 46632960
active_anon 46379008
inactive_file 453574656
active_file 453218304
unevictable 0
hierarchical_memory_limit 999997440
hierarchical_memsw_limit 9223372036854771712
total_cache 906915840
total_rss 92930048
total_rss_huge 0
total_mapped_file 3436544
total_writeback 0
total_swap 0
total_pgpgin 4172309
total_pgpgout 3928206
total_pgfault 1077203
total_pgmajfault 222
total_inactive_anon 46632960
total_active_anon 46379008
total_inactive_file 453574656
total_active_file 453218304
total_unevictable 0
--------------------BLKIO-----------------------
11:0 Read 0
11:0 Write 0
11:0 Sync 0
11:0 Async 0
11:0 Total 0
253:0 Read 3212898304
253:0 Write 262144
253:0 Sync 0
253:0 Async 3213160448
253:0 Total 3213160448
Total 3213160448
--------------------CPUAC-----------------------
user 515
system 51250
 
--------------------MEMCG-----------------------
MEM ONLY  : 953 MB
MEM+SWAP  : 953 MB
cache 906907648
rss 92921856
rss_huge 0
mapped_file 3436544
writeback 0
swap 0
pgpgin 4367742
pgpgout 4123643
pgfault 1119344
pgmajfault 222
inactive_anon 46632960
active_anon 46370816
inactive_file 453443584
active_file 453341184
unevictable 0
hierarchical_memory_limit 999997440
hierarchical_memsw_limit 9223372036854771712
total_cache 906907648
total_rss 92921856
total_rss_huge 0
total_mapped_file 3436544
total_writeback 0
total_swap 0
total_pgpgin 4367742
total_pgpgout 4123643
total_pgfault 1119344
total_pgmajfault 222
total_inactive_anon 46632960
total_active_anon 46370816
total_inactive_file 453443584
total_active_file 453341184
total_unevictable 0
--------------------BLKIO-----------------------
11:0 Read 0
11:0 Write 0
11:0 Sync 0
11:0 Async 0
11:0 Total 0
253:0 Read 3217100800
253:0 Write 262144
253:0 Sync 0
253:0 Async 3217362944
253:0 Total 3217362944
Total 3217362944
--------------------CPUAC-----------------------
user 533
system 54180
 
--------------------MEMCG-----------------------
MEM ONLY  : 953 MB
MEM+SWAP  : 953 MB
cache 907055104
rss 92921856
rss_huge 0
mapped_file 3436544
writeback 0
swap 0
pgpgin 4570512
pgpgout 4326377
pgfault 1162556
pgmajfault 222
inactive_anon 46632960
active_anon 46370816
inactive_file 453632000
active_file 453283840
unevictable 0
hierarchical_memory_limit 999997440
hierarchical_memsw_limit 9223372036854771712
total_cache 907055104
total_rss 92921856
total_rss_huge 0
total_mapped_file 3436544
total_writeback 0
total_swap 0
total_pgpgin 4570512
total_pgpgout 4326377
total_pgfault 1162556
total_pgmajfault 222
total_inactive_anon 46632960
total_active_anon 46370816
total_inactive_file 453632000
total_active_file 453283840
total_unevictable 0
--------------------BLKIO-----------------------
11:0 Read 0
11:0 Write 0
11:0 Sync 0
11:0 Async 0
11:0 Total 0
253:0 Read 3219087360
253:0 Write 262144
253:0 Sync 0
253:0 Async 3219349504
253:0 Total 3219349504
Total 3219349504
--------------------CPUAC-----------------------
user 554
system 57159
 
--------------------MEMCG-----------------------
MEM ONLY  : 953 MB
MEM+SWAP  : 953 MB
cache 906944512
rss 92921856
rss_huge 0
mapped_file 3387392
writeback 0
swap 0
pgpgin 4729516
pgpgout 4485408
pgfault 1197011
pgmajfault 222
inactive_anon 46632960
active_anon 46370816
inactive_file 453537792
active_file 453275648
unevictable 0
hierarchical_memory_limit 999997440
hierarchical_memsw_limit 9223372036854771712
total_cache 906944512
total_rss 92921856
total_rss_huge 0
total_mapped_file 3387392
total_writeback 0
total_swap 0
total_pgpgin 4729516
total_pgpgout 4485408
total_pgfault 1197011
total_pgmajfault 222
total_inactive_anon 46632960
total_active_anon 46370816
total_inactive_file 453537792
total_active_file 453275648
total_unevictable 0
--------------------BLKIO-----------------------
11:0 Read 0
11:0 Write 0
11:0 Sync 0
11:0 Async 0
11:0 Total 0
253:0 Read 3219943424
253:0 Write 262144
253:0 Sync 0
253:0 Async 3220205568
253:0 Total 3220205568
Total 3220205568
--------------------CPUAC-----------------------
user 570
system 60142
 
--------------------MEMCG-----------------------
MEM ONLY  : 953 MB
MEM+SWAP  : 953 MB
cache 907071488
rss 92921856
rss_huge 0
mapped_file 3387392
writeback 0
swap 0
pgpgin 4929444
pgpgout 4685305
pgfault 1240394
pgmajfault 222
inactive_anon 46632960
active_anon 46370816
inactive_file 453488640
active_file 453345280
unevictable 0
hierarchical_memory_limit 999997440
hierarchical_memsw_limit 9223372036854771712
total_cache 907071488
total_rss 92921856
total_rss_huge 0
total_mapped_file 3387392
total_writeback 0
total_swap 0
total_pgpgin 4929444
total_pgpgout 4685305
total_pgfault 1240394
total_pgmajfault 222
total_inactive_anon 46632960
total_active_anon 46370816
total_inactive_file 453488640
total_active_file 453345280
total_unevictable 0
--------------------BLKIO-----------------------
11:0 Read 0
11:0 Write 0
11:0 Sync 0
11:0 Async 0
11:0 Total 0
253:0 Read 3220623360
253:0 Write 262144
253:0 Sync 0
253:0 Async 3220885504
253:0 Total 3220885504
Total 3220885504
--------------------CPUAC-----------------------
user 592
system 63120
 
--------------------MEMCG-----------------------
MEM ONLY  : 953 MB
MEM+SWAP  : 953 MB
cache 907026432
rss 92921856
rss_huge 0
mapped_file 3436544
writeback 0
swap 0
pgpgin 5128671
pgpgout 4884543
pgfault 1283250
pgmajfault 223
inactive_anon 46632960
active_anon 46370816
inactive_file 453513216
active_file 453394432
unevictable 0
hierarchical_memory_limit 999997440
hierarchical_memsw_limit 9223372036854771712
total_cache 907026432
total_rss 92921856
total_rss_huge 0
total_mapped_file 3436544
total_writeback 0
total_swap 0
total_pgpgin 5128671
total_pgpgout 4884543
total_pgfault 1283250
total_pgmajfault 223
total_inactive_anon 46632960
total_active_anon 46370816
total_inactive_file 453513216
total_active_file 453394432
total_unevictable 0
--------------------BLKIO-----------------------
11:0 Read 0
11:0 Write 0
11:0 Sync 0
11:0 Async 0
11:0 Total 0
253:0 Read 3221356544
253:0 Write 262144
253:0 Sync 0
253:0 Async 3221618688
253:0 Total 3221618688
Total 3221618688
--------------------CPUAC-----------------------
user 615
system 66098
 
--------------------MEMCG-----------------------
MEM ONLY  : 953 MB
MEM+SWAP  : 953 MB
cache 907055104
rss 92921856
rss_huge 0
mapped_file 3436544
writeback 0
swap 0
pgpgin 5300680
pgpgout 5056545
pgfault 1320117
pgmajfault 223
inactive_anon 46632960
active_anon 46370816
inactive_file 453734400
active_file 453185536
unevictable 0
hierarchical_memory_limit 999997440
hierarchical_memsw_limit 9223372036854771712
total_cache 907055104
total_rss 92921856
total_rss_huge 0
total_mapped_file 3436544
total_writeback 0
total_swap 0
total_pgpgin 5300680
total_pgpgout 5056545
total_pgfault 1320117
total_pgmajfault 223
total_inactive_anon 46632960
total_active_anon 46370816
total_inactive_file 453734400
total_active_file 453185536
total_unevictable 0
--------------------BLKIO-----------------------
11:0 Read 0
11:0 Write 0
11:0 Sync 0
11:0 Async 0
11:0 Total 0
253:0 Read 3221995520
253:0 Write 262144
253:0 Sync 0
253:0 Async 3222257664
253:0 Total 3222257664
Total 3222257664
--------------------CPUAC-----------------------
user 632
system 69078
 
--------------------MEMCG-----------------------
MEM ONLY  : 953 MB
MEM+SWAP  : 953 MB
cache 906883072
rss 92921856
rss_huge 0
mapped_file 3436544
writeback 0
swap 0
pgpgin 5480928
pgpgout 5236835
pgfault 1359477
pgmajfault 223
inactive_anon 46632960
active_anon 46370816
inactive_file 453447680
active_file 453206016
unevictable 0
hierarchical_memory_limit 999997440
hierarchical_memsw_limit 9223372036854771712
total_cache 906883072
total_rss 92921856
total_rss_huge 0
total_mapped_file 3436544
total_writeback 0
total_swap 0
total_pgpgin 5480928
total_pgpgout 5236835
total_pgfault 1359477
total_pgmajfault 223
total_inactive_anon 46632960
total_active_anon 46370816
total_inactive_file 453447680
total_active_file 453206016
total_unevictable 0
--------------------BLKIO-----------------------
11:0 Read 0
11:0 Write 0
11:0 Sync 0
11:0 Async 0
11:0 Total 0
253:0 Read 3222560768
253:0 Write 262144
253:0 Sync 0
253:0 Async 3222822912
253:0 Total 3222822912
Total 3222822912
--------------------CPUAC-----------------------
user 653
system 72058
 
--------------------MEMCG-----------------------
MEM ONLY  : 953 MB
MEM+SWAP  : 953 MB
cache 907022336
rss 92921856
rss_huge 0
mapped_file 3436544
writeback 0
swap 0
pgpgin 5682572
pgpgout 5438445
pgfault 1402128
pgmajfault 223
inactive_anon 46632960
active_anon 46370816
inactive_file 453681152
active_file 453210112
unevictable 0
hierarchical_memory_limit 999997440
hierarchical_memsw_limit 9223372036854771712
total_cache 907022336
total_rss 92921856
total_rss_huge 0
total_mapped_file 3436544
total_writeback 0
total_swap 0
total_pgpgin 5682572
total_pgpgout 5438445
total_pgfault 1402128
total_pgmajfault 223
total_inactive_anon 46632960
total_active_anon 46370816
total_inactive_file 453681152
total_active_file 453210112
total_unevictable 0
--------------------BLKIO-----------------------
11:0 Read 0
11:0 Write 0
11:0 Sync 0
11:0 Async 0
11:0 Total 0
253:0 Read 3222683648
253:0 Write 262144
253:0 Sync 0
253:0 Async 3222945792
253:0 Total 3222945792
Total 3222945792
--------------------CPUAC-----------------------
user 670
system 75038
 
--------------------MEMCG-----------------------
MEM ONLY  : 953 MB
MEM+SWAP  : 953 MB
cache 906928128
rss 92925952
rss_huge 0
mapped_file 4755456
writeback 0
swap 0
pgpgin 5882167
pgpgout 5638062
pgfault 1445323
pgmajfault 266
inactive_anon 46870528
active_anon 46137344
inactive_file 453492736
active_file 453324800
unevictable 0
hierarchical_memory_limit 999997440
hierarchical_memsw_limit 9223372036854771712
total_cache 906928128
total_rss 92925952
total_rss_huge 0
total_mapped_file 4755456
total_writeback 0
total_swap 0
total_pgpgin 5882167
total_pgpgout 5638062
total_pgfault 1445323
total_pgmajfault 266
total_inactive_anon 46870528
total_active_anon 46137344
total_inactive_file 453492736
total_active_file 453324800
total_unevictable 0
--------------------BLKIO-----------------------
11:0 Read 0
11:0 Write 0
11:0 Sync 0
11:0 Async 0
11:0 Total 0
253:0 Read 3223334912
253:0 Write 262144
253:0 Sync 0
253:0 Async 3223597056
253:0 Total 3223597056
Total 3223597056
--------------------CPUAC-----------------------
user 694
system 78013
 
