gets:2650905 sgets:1984792 puts:2473972 flushes:0 evicts:98304
386780
max_mem:390871

