gets:1293827 sgets:680479 puts:1111303 flushes:0 evicts:102400
328890
max_mem:331776
