gets:3257586 sgets:2542288 puts:3081349 flushes:0 evicts:237568
301493
Max_mem:305070

