gets:2332843 sgets:1729949 puts:2153683 flushes:0 evicts:0
synerg@host9:/sys/kernel/mm/utmem/0/13$ cat ssd_used 
423734
synerg@host9:/sys/kernel/mm/utmem/0/13$ cat max_ssd 
466176

