gets:1123643 sgets:688509 puts:1019415 flushes:0 evicts:73728
max_mem:257402
257178

