gets:559859 sgets:196176 puts:458690 flushes:0 evicts:77824
184690
max_ssd:190208
