gets:1059479 sgets:628578 puts:955910 flushes:1 evicts:77824
249507

