gets:38327410 sgets:35915600 puts:38102115 flushes:0 evicts:1572864
402396
max_mem:405504
