========== Container c2 Memory STATS ==============
cache 23650304
rss 7643136
rss_huge 0
mapped_file 8032256
writeback 0
swap 0
pgpgin 77918
pgpgout 70278
pgfault 173758
pgmajfault 196
inactive_anon 49152
active_anon 7520256
inactive_file 10895360
active_file 12656640
unevictable 0
hierarchical_memory_limit 999997440
hierarchical_memsw_limit 9223372036854771712
total_cache 23650304
total_rss 7643136
total_rss_huge 0
total_mapped_file 8032256
total_writeback 0
total_swap 0
total_pgpgin 77918
total_pgpgout 70278
total_pgfault 173758
total_pgmajfault 196
total_inactive_anon 49152
total_active_anon 7520256
total_inactive_file 10895360
total_active_file 12656640
total_unevictable 0
======== END Container STATS ======
WARNING: Could not open /proc/sys/kernel/shmmax file!
It means that you probably ran Filebench not as a root. Filebench will not increase shared
region limits in this case, which can lead to the failures on certain workloads.
Filebench Version 1.4.9.1
 1861: 0.000: Allocated 170MB of shared memory
 1861: 0.002: Web-server Version 3.0 personality successfully loaded
 1861: 0.002: Creating/pre-allocating files and filesets
 1861: 0.023: Fileset logfiles: 1 files, 0 leafdirs, avg dir width = 20, avg dir depth = 0.0, 0.016MB
 1861: 0.040: Removed any existing fileset logfiles in 1 seconds
 1861: 0.040: making tree for filset /home/ubuntu/logfiles
 1861: 0.040: Creating fileset logfiles...
 1861: 0.040: Preallocated 1 of 1 of fileset logfiles in 1 seconds
 1861: 0.074: Fileset bigfileset: 24000 files, 0 leafdirs, avg dir width = 20, avg dir depth = 3.4, 2993.551MB
 1861: 0.074: Re-using fileset bigfileset.
 1861: 0.074: Creating fileset bigfileset...
 1861: 1.872: Preallocated 24000 of 24000 of fileset bigfileset in 2 seconds
 1861: 1.872: waiting for fileset pre-allocation to finish
25865: 1.902: Starting 1 filereader instances
25866: 1.930: Starting 8 filereaderthread threads
 1861: 2.951: Running...
 1861: 903.293: Run took 900 seconds...
 1861: 903.503: Per-Operation Breakdown
closefile10          26110ops       29ops/s   0.0mb/s      0.0ms/op      137us/op-cpu [0ms - 34ms]
readfile10           26112ops       29ops/s   3.6mb/s     26.3ms/op    23708us/op-cpu [0ms - 2142ms]
openfile10           26113ops       29ops/s   0.0mb/s      0.0ms/op      154us/op-cpu [0ms - 40ms]
closefile9           26113ops       29ops/s   0.0mb/s      0.0ms/op      111us/op-cpu [0ms - 28ms]
readfile9            26113ops       29ops/s   3.6mb/s     26.3ms/op    23793us/op-cpu [0ms - 1155ms]
openfile9            26113ops       29ops/s   0.0mb/s      0.0ms/op      152us/op-cpu [0ms - 64ms]
closefile8           26113ops       29ops/s   0.0mb/s      0.0ms/op      134us/op-cpu [0ms - 30ms]
readfile8            26113ops       29ops/s   3.6mb/s     26.5ms/op    24116us/op-cpu [0ms - 1185ms]
openfile8            26113ops       29ops/s   0.0mb/s      0.0ms/op      146us/op-cpu [0ms - 52ms]
closefile7           26113ops       29ops/s   0.0mb/s      0.0ms/op      129us/op-cpu [0ms - 16ms]
readfile7            26114ops       29ops/s   3.6mb/s     26.2ms/op    23686us/op-cpu [0ms - 1335ms]
openfile7            26115ops       29ops/s   0.0mb/s      0.0ms/op      153us/op-cpu [0ms - 32ms]
closefile6           26115ops       29ops/s   0.0mb/s      0.0ms/op      118us/op-cpu [0ms - 0ms]
readfile6            26115ops       29ops/s   3.6mb/s     26.5ms/op    23780us/op-cpu [0ms - 1020ms]
openfile6            26115ops       29ops/s   0.0mb/s      0.0ms/op      149us/op-cpu [0ms - 36ms]
closefile5           26115ops       29ops/s   0.0mb/s      0.0ms/op      125us/op-cpu [0ms - 24ms]
readfile5            26116ops       29ops/s   3.6mb/s     26.5ms/op    23957us/op-cpu [0ms - 1514ms]
openfile5            26116ops       29ops/s   0.0mb/s      0.0ms/op      166us/op-cpu [0ms - 48ms]
closefile4           26116ops       29ops/s   0.0mb/s      0.0ms/op      132us/op-cpu [0ms - 48ms]
readfile4            26116ops       29ops/s   3.6mb/s     26.2ms/op    23598us/op-cpu [0ms - 2065ms]
openfile4            26116ops       29ops/s   0.0mb/s      0.0ms/op      149us/op-cpu [0ms - 44ms]
closefile3           26116ops       29ops/s   0.0mb/s      0.0ms/op      129us/op-cpu [0ms - 24ms]
readfile3            26117ops       29ops/s   3.6mb/s     26.8ms/op    24296us/op-cpu [0ms - 1909ms]
openfile3            26118ops       29ops/s   0.0mb/s      0.0ms/op      156us/op-cpu [0ms - 40ms]
closefile2           26118ops       29ops/s   0.0mb/s      0.0ms/op      134us/op-cpu [0ms - 30ms]
readfile2            26118ops       29ops/s   3.6mb/s     26.5ms/op    24024us/op-cpu [0ms - 1622ms]
openfile2            26118ops       29ops/s   0.0mb/s      0.0ms/op      152us/op-cpu [0ms - 36ms]
closefile1           26118ops       29ops/s   0.0mb/s      0.0ms/op      123us/op-cpu [0ms - 24ms]
readfile1            26118ops       29ops/s   3.6mb/s     26.8ms/op    24286us/op-cpu [0ms - 1644ms]
openfile1            26117ops       29ops/s   0.0mb/s      0.0ms/op      144us/op-cpu [0ms - 56ms]
 1861: 903.503: IO Summary: 783453 ops, 870.063 ops/s, (290/0 r/w),  36.1mb/s,   3082us cpu/op,  26.5ms latency
 1861: 903.503: Shutting down processes
========== Container c2 Memory STATS AT END ==============
cache 906825728
rss 6545408
rss_huge 0
mapped_file 2035712
writeback 0
swap 0
pgpgin 7779316
pgpgout 7556325
pgfault 1850681
pgmajfault 302
inactive_anon 6520832
active_anon 102400
inactive_file 455315456
active_file 451411968
unevictable 0
hierarchical_memory_limit 999997440
hierarchical_memsw_limit 9223372036854771712
total_cache 906825728
total_rss 6545408
total_rss_huge 0
total_mapped_file 2035712
total_writeback 0
total_swap 0
total_pgpgin 7779316
total_pgpgout 7556325
total_pgfault 1850681
total_pgmajfault 302
total_inactive_anon 6520832
total_active_anon 102400
total_inactive_file 455315456
total_active_file 451411968
total_unevictable 0
======== END Container STATS ======
