========== Container filebench Memory STATS ==============
cache 23703552
rss 7720960
rss_huge 0
mapped_file 8032256
writeback 0
swap 0
pgpgin 77570
pgpgout 69898
pgfault 173089
pgmajfault 195
inactive_anon 49152
active_anon 7684096
inactive_file 10850304
active_file 12767232
unevictable 0
hierarchical_memory_limit 999997440
hierarchical_memsw_limit 9223372036854771712
total_cache 23703552
total_rss 7720960
total_rss_huge 0
total_mapped_file 8032256
total_writeback 0
total_swap 0
total_pgpgin 77570
total_pgpgout 69898
total_pgfault 173089
total_pgmajfault 195
total_inactive_anon 49152
total_active_anon 7684096
total_inactive_file 10850304
total_active_file 12767232
total_unevictable 0
======== END Container STATS ======
WARNING: Could not open /proc/sys/kernel/shmmax file!
It means that you probably ran Filebench not as a root. Filebench will not increase shared
region limits in this case, which can lead to the failures on certain workloads.
Filebench Version 1.4.9.1
 1852: 0.000: Allocated 170MB of shared memory
 1852: 0.005: Eventgen rate taken from variable
 1852: 0.006: Video Server Version 3.0 personality successfully loaded
 1852: 0.006: Creating/pre-allocating files and filesets
 1852: 0.030: Fileset passivevids: 1 files, 0 leafdirs, avg dir width = 20, avg dir depth = 0.0, 131.040MB
 1852: 0.030: Re-using fileset passivevids.
 1852: 0.030: Creating fileset passivevids...
 1852: 0.051: Preallocated 1 of 1 of fileset passivevids in 1 seconds
 1852: 0.051: Fileset activevids: 5 files, 0 leafdirs, avg dir width = 4, avg dir depth = 1.2, 4852.909MB
 1852: 0.051: Re-using fileset activevids.
 1852: 0.051: Creating fileset activevids...
 1852: 0.077: Preallocated 5 of 5 of fileset activevids in 1 seconds
 1852: 0.077: waiting for fileset pre-allocation to finish
 1860: 0.109: Starting 1 vidreaders instances
 1860: 0.109: Starting 1 vidwriter instances
 1862: 0.118: Starting 1 vidwriter threads
 1861: 0.130: Starting 16 vidreaders threads
 1852: 1.188: Running...
 1852: 1202.034: Run took 1200 seconds...
 1852: 1213.261: Per-Operation Breakdown
vidreader            11981394ops     9889ops/s 2472.2mb/s      1.4ms/op     1378us/op-cpu [0ms - 1942ms]
replaceinterval      56ops        0ops/s   0.0mb/s  20000.1ms/op      179us/op-cpu [20000ms - 20000ms]
wrtclose             57ops        0ops/s   0.0mb/s      0.0ms/op        0us/op-cpu [0ms - 0ms]
newvid               57ops        0ops/s   6.2mb/s   1437.3ms/op   201404us/op-cpu [70ms - 16521ms]
wrtopen              57ops        0ops/s   0.0mb/s      0.2ms/op      175us/op-cpu [0ms - 5ms]
vidremover           57ops        0ops/s   0.0mb/s      5.6ms/op     1579us/op-cpu [1ms - 241ms]
 1852: 1213.261: IO Summary: 11981622 ops, 9889.107 ops/s, (9889/0 r/w), 2478.4mb/s,     95us cpu/op,   1.4ms latency
 1852: 1213.261: Shutting down processes
========== Container 1 Memory STATS AT END ==============
cache 824176640
rss 1585152
rss_huge 0
mapped_file 2068480
writeback 0
swap 5152768
pgpgin 43412012
pgpgout 43210410
pgfault 24202224
pgmajfault 1118
inactive_anon 602112
active_anon 983040
inactive_file 378200064
active_file 445976576
unevictable 0
hierarchical_memory_limit 999997440
hierarchical_memsw_limit 9223372036854771712
total_cache 824176640
total_rss 1585152
total_rss_huge 0
total_mapped_file 2068480
total_writeback 0
total_swap 5152768
total_pgpgin 43412012
total_pgpgout 43210410
total_pgfault 24202224
total_pgmajfault 1118
total_inactive_anon 602112
total_active_anon 983040
total_inactive_file 378200064
total_active_file 445976576
total_unevictable 0
======== END Container STATS ======
