========== Container filebench Memory STATS ==============
cache 23822336
rss 7544832
rss_huge 0
mapped_file 8032256
writeback 0
swap 0
pgpgin 77755
pgpgout 70097
pgfault 173020
pgmajfault 195
inactive_anon 49152
active_anon 7569408
inactive_file 10956800
active_file 12779520
unevictable 0
hierarchical_memory_limit 999997440
hierarchical_memsw_limit 9223372036854771712
total_cache 23822336
total_rss 7544832
total_rss_huge 0
total_mapped_file 8032256
total_writeback 0
total_swap 0
total_pgpgin 77755
total_pgpgout 70097
total_pgfault 173020
total_pgmajfault 195
total_inactive_anon 49152
total_active_anon 7569408
total_inactive_file 10956800
total_active_file 12779520
total_unevictable 0
======== END Container STATS ======
WARNING: Could not open /proc/sys/kernel/shmmax file!
It means that you probably ran Filebench not as a root. Filebench will not increase shared
region limits in this case, which can lead to the failures on certain workloads.
Filebench Version 1.4.9.1
 1853: 0.000: Allocated 170MB of shared memory
 1853: 0.010: Eventgen rate taken from variable
 1853: 0.011: Video Server Version 3.0 personality successfully loaded
 1853: 0.011: Creating/pre-allocating files and filesets
 1853: 0.039: Fileset passivevids: 10 files, 0 leafdirs, avg dir width = 20, avg dir depth = 0.8, 5699.813MB
 1853: 0.039: Re-using fileset passivevids.
 1853: 0.039: Creating fileset passivevids...
 1853: 0.039: Preallocated 6 of 10 of fileset passivevids in 1 seconds
 1853: 0.039: Fileset activevids: 5 files, 0 leafdirs, avg dir width = 4, avg dir depth = 1.2, 7474.542MB
 1853: 0.039: Re-using fileset activevids.
 1853: 0.039: Creating fileset activevids...
 1853: 0.052: Preallocated 5 of 5 of fileset activevids in 1 seconds
 1853: 0.052: waiting for fileset pre-allocation to finish
 1880: 11.992: Starting 1 vidreaders instances
 1880: 11.993: Starting 1 vidwriter instances
 1882: 12.001: Starting 1 vidwriter threads
 1881: 12.013: Starting 16 vidreaders threads
 1853: 13.032: Running...
 1853: 1813.280: Run took 1800 seconds...
 1853: 1813.537: Per-Operation Breakdown
vidreader            8959105ops     4976ops/s 1243.2mb/s      2.3ms/op     2481us/op-cpu [0ms - 1501ms]
replaceinterval      69ops        0ops/s   0.0mb/s  20000.3ms/op        0us/op-cpu [20000ms - 20002ms]
wrtclose             70ops        0ops/s   0.0mb/s      0.0ms/op        0us/op-cpu [0ms - 0ms]
newvid               70ops        0ops/s  22.2mb/s   5632.7ms/op   781143us/op-cpu [127ms - 22074ms]
wrtopen              70ops        0ops/s   0.0mb/s      0.8ms/op      286us/op-cpu [0ms - 13ms]
vidremover           70ops        0ops/s   0.0mb/s     94.4ms/op     4857us/op-cpu [0ms - 2737ms]
 1853: 1813.537: IO Summary: 8959385 ops, 4976.420 ops/s, (4976/0 r/w), 1265.4mb/s,    188us cpu/op,   2.3ms latency
 1853: 1813.537: Shutting down processes
========== Container 1 Memory STATS AT END ==============
cache 827830272
rss 1175552
rss_huge 0
mapped_file 2093056
writeback 0
swap 5431296
pgpgin 161033278
pgpgout 160830884
pgfault 18182459
pgmajfault 1913
inactive_anon 819200
active_anon 360448
inactive_file 413413376
active_file 414412800
unevictable 0
hierarchical_memory_limit 999997440
hierarchical_memsw_limit 9223372036854771712
total_cache 827830272
total_rss 1175552
total_rss_huge 0
total_mapped_file 2093056
total_writeback 0
total_swap 5431296
total_pgpgin 161033278
total_pgpgout 160830884
total_pgfault 18182459
total_pgmajfault 1913
total_inactive_anon 819200
total_active_anon 360448
total_inactive_file 413413376
total_active_file 414412800
total_unevictable 0
======== END Container STATS ======
