========== Container filebench Memory STATS ==============
cache 23908352
rss 7602176
rss_huge 0
mapped_file 8032256
writeback 0
swap 0
pgpgin 77521
pgpgout 69828
pgfault 172708
pgmajfault 195
inactive_anon 49152
active_anon 7561216
inactive_file 10936320
active_file 12877824
unevictable 0
hierarchical_memory_limit 999997440
hierarchical_memsw_limit 9223372036854771712
total_cache 23908352
total_rss 7602176
total_rss_huge 0
total_mapped_file 8032256
total_writeback 0
total_swap 0
total_pgpgin 77521
total_pgpgout 69828
total_pgfault 172708
total_pgmajfault 195
total_inactive_anon 49152
total_active_anon 7561216
total_inactive_file 10936320
total_active_file 12877824
total_unevictable 0
======== END Container STATS ======
WARNING: Could not open /proc/sys/kernel/shmmax file!
It means that you probably ran Filebench not as a root. Filebench will not increase shared
region limits in this case, which can lead to the failures on certain workloads.
Filebench Version 1.4.9.1
 1852: 0.000: Allocated 170MB of shared memory
 1852: 0.001: Eventgen rate taken from variable
 1852: 0.002: Video Server Version 3.0 personality successfully loaded
 1852: 0.002: Creating/pre-allocating files and filesets
 1852: 0.022: Fileset passivevids: 10 files, 0 leafdirs, avg dir width = 20, avg dir depth = 0.8, 5699.813MB
 1852: 0.022: Re-using fileset passivevids.
 1852: 0.022: Creating fileset passivevids...
 1852: 0.022: Preallocated 6 of 10 of fileset passivevids in 1 seconds
 1852: 0.022: Fileset activevids: 5 files, 0 leafdirs, avg dir width = 4, avg dir depth = 1.2, 7474.542MB
 1852: 0.022: Re-using fileset activevids.
 1852: 0.022: Creating fileset activevids...
 1852: 0.035: Preallocated 5 of 5 of fileset activevids in 1 seconds
 1852: 0.035: waiting for fileset pre-allocation to finish
 1876: 14.404: Starting 1 vidreaders instances
 1876: 14.430: Starting 1 vidwriter instances
 1878: 14.465: Starting 1 vidwriter threads
 1877: 14.484: Starting 16 vidreaders threads
 1852: 15.501: Running...
 1852: 1815.780: Run took 1800 seconds...
 1852: 1816.121: Per-Operation Breakdown
vidreader            7554818ops     4196ops/s 1048.4mb/s      2.6ms/op     2903us/op-cpu [0ms - 1460ms]
replaceinterval      69ops        0ops/s   0.0mb/s  20000.4ms/op      145us/op-cpu [20000ms - 20007ms]
wrtclose             70ops        0ops/s   0.0mb/s      0.0ms/op        0us/op-cpu [0ms - 0ms]
newvid               70ops        0ops/s  22.2mb/s   5712.3ms/op   782000us/op-cpu [56ms - 25854ms]
wrtopen              70ops        0ops/s   0.0mb/s      0.3ms/op      143us/op-cpu [0ms - 9ms]
vidremover           70ops        0ops/s   0.0mb/s     50.5ms/op    10143us/op-cpu [0ms - 638ms]
 1852: 1816.121: IO Summary: 7555098 ops, 4196.260 ops/s, (4196/0 r/w), 1070.6mb/s,    222us cpu/op,   2.7ms latency
 1852: 1816.121: Shutting down processes
========== Container 1 Memory STATS AT END ==============
cache 827990016
rss 1183744
rss_huge 0
mapped_file 2093056
writeback 0
swap 5414912
pgpgin 175760668
pgpgout 175558233
pgfault 15371358
pgmajfault 1760
inactive_anon 811008
active_anon 376832
inactive_file 410906624
active_file 417079296
unevictable 0
hierarchical_memory_limit 999997440
hierarchical_memsw_limit 9223372036854771712
total_cache 827990016
total_rss 1183744
total_rss_huge 0
total_mapped_file 2093056
total_writeback 0
total_swap 5414912
total_pgpgin 175760668
total_pgpgout 175558233
total_pgfault 15371358
total_pgmajfault 1760
total_inactive_anon 811008
total_active_anon 376832
total_inactive_file 410906624
total_active_file 417079296
total_unevictable 0
======== END Container STATS ======
